[ +244 ms] Artifact Instance of 'AndroidGenSnapshotArtifacts' is not required, skipping update.
[  +11 ms] Artifact Instance of 'AndroidInternalBuildArtifacts' is not required, skipping update.
[        ] Artifact Instance of 'IOSEngineArtifacts' is not required, skipping update.
[        ] Artifact Instance of 'FlutterWebSdk' is not required, skipping update.
[        ] Artifact Instance of 'LegacyCanvasKitRemover' is not required, skipping update.
[   +8 ms] Artifact Instance of 'WindowsEngineArtifacts' is not required, skipping update.
[        ] Artifact Instance of 'MacOSEngineArtifacts' is not required, skipping update.
[        ] Artifact Instance of 'LinuxEngineArtifacts' is not required, skipping update.
[   +1 ms] Artifact Instance of 'LinuxFuchsiaSDKArtifacts' is not required, skipping update.
[        ] Artifact Instance of 'MacOSFuchsiaSDKArtifacts' is not required, skipping update.
[        ] Artifact Instance of 'FlutterRunnerSDKArtifacts' is not required, skipping update.
[        ] Artifact Instance of 'FlutterRunnerDebugSymbols' is not required, skipping update.
[ +139 ms] Artifact Instance of 'MaterialFonts' is not required, skipping update.
[        ] Artifact Instance of 'GradleWrapper' is not required, skipping update.
[  +11 ms] Artifact Instance of 'AndroidInternalBuildArtifacts' is not required, skipping update.
[   +1 ms] Artifact Instance of 'IOSEngineArtifacts' is not required, skipping update.
[        ] Artifact Instance of 'FlutterWebSdk' is not required, skipping update.
[        ] Artifact Instance of 'LegacyCanvasKitRemover' is not required, skipping update.
[        ] Artifact Instance of 'FlutterSdk' is not required, skipping update.
[        ] Artifact Instance of 'WindowsEngineArtifacts' is not required, skipping update.
[        ] Artifact Instance of 'MacOSEngineArtifacts' is not required, skipping update.
[        ] Artifact Instance of 'LinuxEngineArtifacts' is not required, skipping update.
[        ] Artifact Instance of 'LinuxFuchsiaSDKArtifacts' is not required, skipping update.
[        ] Artifact Instance of 'MacOSFuchsiaSDKArtifacts' is not required, skipping update.
[        ] Artifact Instance of 'FlutterRunnerSDKArtifacts' is not required, skipping update.
[        ] Artifact Instance of 'FlutterRunnerDebugSymbols' is not required, skipping update.
[        ] Artifact Instance of 'IosUsbArtifacts' is not required, skipping update.
[        ] Artifact Instance of 'IosUsbArtifacts' is not required, skipping update.
[        ] Artifact Instance of 'IosUsbArtifacts' is not required, skipping update.
[        ] Artifact Instance of 'IosUsbArtifacts' is not required, skipping update.
[        ] Artifact Instance of 'IosUsbArtifacts' is not required, skipping update.
[        ] Artifact Instance of 'FontSubsetArtifacts' is not required, skipping update.
[        ] Artifact Instance of 'PubDependencies' is not required, skipping update.
[ +137 ms] Skipping pub get: version match.
[  +93 ms] Found plugin flutter_local_notifications at C:\Users\hotel\AppData\Local\Pub\Cache\hosted\pub.dev\flutter_local_notifications-17.2.4\
[   +8 ms] Found plugin flutter_local_notifications_linux at C:\Users\hotel\AppData\Local\Pub\Cache\hosted\pub.dev\flutter_local_notifications_linux-4.0.1\
[  +49 ms] Found plugin path_provider at C:\Users\hotel\AppData\Local\Pub\Cache\hosted\pub.dev\path_provider-2.1.5\
[   +3 ms] Found plugin path_provider_android at C:\Users\hotel\AppData\Local\Pub\Cache\hosted\pub.dev\path_provider_android-2.2.10\
[   +3 ms] Found plugin path_provider_foundation at C:\Users\hotel\AppData\Local\Pub\Cache\hosted\pub.dev\path_provider_foundation-2.4.1\
[  +10 ms] Found plugin path_provider_linux at C:\Users\hotel\AppData\Local\Pub\Cache\hosted\pub.dev\path_provider_linux-2.2.1\
[  +36 ms] Found plugin path_provider_windows at C:\Users\hotel\AppData\Local\Pub\Cache\hosted\pub.dev\path_provider_windows-2.3.0\
[  +27 ms] Found plugin printing at C:\Users\hotel\AppData\Local\Pub\Cache\hosted\pub.dev\printing-5.14.2\
[  +10 ms] Found plugin share_plus at C:\Users\hotel\AppData\Local\Pub\Cache\hosted\pub.dev\share_plus-7.2.2\
[   +7 ms] Found plugin shared_preferences at C:\Users\hotel\AppData\Local\Pub\Cache\hosted\pub.dev\shared_preferences-2.3.3\
[   +3 ms] Found plugin shared_preferences_android at C:\Users\hotel\AppData\Local\Pub\Cache\hosted\pub.dev\shared_preferences_android-2.3.2\
[   +4 ms] Found plugin shared_preferences_foundation at C:\Users\hotel\AppData\Local\Pub\Cache\hosted\pub.dev\shared_preferences_foundation-2.5.4\
[   +4 ms] Found plugin shared_preferences_linux at C:\Users\hotel\AppData\Local\Pub\Cache\hosted\pub.dev\shared_preferences_linux-2.4.1\
[   +6 ms] Found plugin shared_preferences_web at C:\Users\hotel\AppData\Local\Pub\Cache\hosted\pub.dev\shared_preferences_web-2.4.3\
[   +3 ms] Found plugin shared_preferences_windows at C:\Users\hotel\AppData\Local\Pub\Cache\hosted\pub.dev\shared_preferences_windows-2.4.1\
[  +30 ms] Found plugin url_launcher_linux at C:\Users\hotel\AppData\Local\Pub\Cache\hosted\pub.dev\url_launcher_linux-3.2.1\
[   +6 ms] Found plugin url_launcher_web at C:\Users\hotel\AppData\Local\Pub\Cache\hosted\pub.dev\url_launcher_web-2.3.3\
[   +4 ms] Found plugin url_launcher_windows at C:\Users\hotel\AppData\Local\Pub\Cache\hosted\pub.dev\url_launcher_windows-3.1.4\
[ +137 ms] Found plugin flutter_local_notifications at C:\Users\hotel\AppData\Local\Pub\Cache\hosted\pub.dev\flutter_local_notifications-17.2.4\
[   +3 ms] Found plugin flutter_local_notifications_linux at C:\Users\hotel\AppData\Local\Pub\Cache\hosted\pub.dev\flutter_local_notifications_linux-4.0.1\
[  +45 ms] Found plugin path_provider at C:\Users\hotel\AppData\Local\Pub\Cache\hosted\pub.dev\path_provider-2.1.5\
[   +2 ms] Found plugin path_provider_android at C:\Users\hotel\AppData\Local\Pub\Cache\hosted\pub.dev\path_provider_android-2.2.10\
[   +2 ms] Found plugin path_provider_foundation at C:\Users\hotel\AppData\Local\Pub\Cache\hosted\pub.dev\path_provider_foundation-2.4.1\
[   +2 ms] Found plugin path_provider_linux at C:\Users\hotel\AppData\Local\Pub\Cache\hosted\pub.dev\path_provider_linux-2.2.1\
[   +3 ms] Found plugin path_provider_windows at C:\Users\hotel\AppData\Local\Pub\Cache\hosted\pub.dev\path_provider_windows-2.3.0\
[  +18 ms] Found plugin printing at C:\Users\hotel\AppData\Local\Pub\Cache\hosted\pub.dev\printing-5.14.2\
[   +5 ms] Found plugin share_plus at C:\Users\hotel\AppData\Local\Pub\Cache\hosted\pub.dev\share_plus-7.2.2\
[   +4 ms] Found plugin shared_preferences at C:\Users\hotel\AppData\Local\Pub\Cache\hosted\pub.dev\shared_preferences-2.3.3\
[   +2 ms] Found plugin shared_preferences_android at C:\Users\hotel\AppData\Local\Pub\Cache\hosted\pub.dev\shared_preferences_android-2.3.2\
[   +2 ms] Found plugin shared_preferences_foundation at C:\Users\hotel\AppData\Local\Pub\Cache\hosted\pub.dev\shared_preferences_foundation-2.5.4\
[   +2 ms] Found plugin shared_preferences_linux at C:\Users\hotel\AppData\Local\Pub\Cache\hosted\pub.dev\shared_preferences_linux-2.4.1\
[   +4 ms] Found plugin shared_preferences_web at C:\Users\hotel\AppData\Local\Pub\Cache\hosted\pub.dev\shared_preferences_web-2.4.3\
[   +1 ms] Found plugin shared_preferences_windows at C:\Users\hotel\AppData\Local\Pub\Cache\hosted\pub.dev\shared_preferences_windows-2.4.1\
[  +15 ms] Found plugin url_launcher_linux at C:\Users\hotel\AppData\Local\Pub\Cache\hosted\pub.dev\url_launcher_linux-3.2.1\
[   +4 ms] Found plugin url_launcher_web at C:\Users\hotel\AppData\Local\Pub\Cache\hosted\pub.dev\url_launcher_web-2.3.3\
[   +2 ms] Found plugin url_launcher_windows at C:\Users\hotel\AppData\Local\Pub\Cache\hosted\pub.dev\url_launcher_windows-3.1.4\
[  +79 ms] Found plugin flutter_local_notifications at C:\Users\hotel\AppData\Local\Pub\Cache\hosted\pub.dev\flutter_local_notifications-17.2.4\
[   +3 ms] Found plugin flutter_local_notifications_linux at C:\Users\hotel\AppData\Local\Pub\Cache\hosted\pub.dev\flutter_local_notifications_linux-4.0.1\
[  +36 ms] Found plugin path_provider at C:\Users\hotel\AppData\Local\Pub\Cache\hosted\pub.dev\path_provider-2.1.5\
[   +2 ms] Found plugin path_provider_android at C:\Users\hotel\AppData\Local\Pub\Cache\hosted\pub.dev\path_provider_android-2.2.10\
[   +2 ms] Found plugin path_provider_foundation at C:\Users\hotel\AppData\Local\Pub\Cache\hosted\pub.dev\path_provider_foundation-2.4.1\
[   +2 ms] Found plugin path_provider_linux at C:\Users\hotel\AppData\Local\Pub\Cache\hosted\pub.dev\path_provider_linux-2.2.1\
[   +4 ms] Found plugin path_provider_windows at C:\Users\hotel\AppData\Local\Pub\Cache\hosted\pub.dev\path_provider_windows-2.3.0\
[  +13 ms] Found plugin printing at C:\Users\hotel\AppData\Local\Pub\Cache\hosted\pub.dev\printing-5.14.2\
[   +6 ms] Found plugin share_plus at C:\Users\hotel\AppData\Local\Pub\Cache\hosted\pub.dev\share_plus-7.2.2\
[   +5 ms] Found plugin shared_preferences at C:\Users\hotel\AppData\Local\Pub\Cache\hosted\pub.dev\shared_preferences-2.3.3\
[   +2 ms] Found plugin shared_preferences_android at C:\Users\hotel\AppData\Local\Pub\Cache\hosted\pub.dev\shared_preferences_android-2.3.2\
[   +2 ms] Found plugin shared_preferences_foundation at C:\Users\hotel\AppData\Local\Pub\Cache\hosted\pub.dev\shared_preferences_foundation-2.5.4\
[   +2 ms] Found plugin shared_preferences_linux at C:\Users\hotel\AppData\Local\Pub\Cache\hosted\pub.dev\shared_preferences_linux-2.4.1\
[   +4 ms] Found plugin shared_preferences_web at C:\Users\hotel\AppData\Local\Pub\Cache\hosted\pub.dev\shared_preferences_web-2.4.3\
[   +2 ms] Found plugin shared_preferences_windows at C:\Users\hotel\AppData\Local\Pub\Cache\hosted\pub.dev\shared_preferences_windows-2.4.1\
[  +14 ms] Found plugin url_launcher_linux at C:\Users\hotel\AppData\Local\Pub\Cache\hosted\pub.dev\url_launcher_linux-3.2.1\
[   +6 ms] Found plugin url_launcher_web at C:\Users\hotel\AppData\Local\Pub\Cache\hosted\pub.dev\url_launcher_web-2.3.3\
[   +2 ms] Found plugin url_launcher_windows at C:\Users\hotel\AppData\Local\Pub\Cache\hosted\pub.dev\url_launcher_windows-3.1.4\
[  +34 ms] Generating C:\Utilisateurs\hotel\Documents\hotel_app\android\app\src\main\java\io\flutter\plugins\GeneratedPluginRegistrant.java
[ +173 ms] executing: C:\Program Files\Android\Android Studio\jbr\bin\java -version
[ +163 ms] Exit code 0 from: C:\Program Files\Android\Android Studio\jbr\bin\java -version
[        ] openjdk version "21.0.8" 2025-07-15
           OpenJDK Runtime Environment (build 21.0.8+-14196175-b1038.72)
           OpenJDK 64-Bit Server VM (build 21.0.8+-14196175-b1038.72, mixed mode)
[  +12 ms] Top-level Gradle build file not found, skipping migration of task "clean".
[   +2 ms] executing: C:\Program Files\Java\jdk-17\bin\java --version
[ +131 ms] Exit code 0 from: C:\Program Files\Java\jdk-17\bin\java --version
[        ] java 17.0.12 2024-07-16 LTS
           Java(TM) SE Runtime Environment (build 17.0.12+8-LTS-286)
           Java HotSpot(TM) 64-Bit Server VM (build 17.0.12+8-LTS-286, mixed mode, sharing)
[  +23 ms] Using gradle from C:\Utilisateurs\hotel\Documents\hotel_app\android\gradlew.bat.
[   +2 ms] Running Gradle task 'assembleRelease'...
[   +7 ms] executing: [C:\Utilisateurs\hotel\Documents\hotel_app\android/] C:\Utilisateurs\hotel\Documents\hotel_app\android\gradlew.bat --full-stacktrace --info -Pverbose=true -Ptarget-platform=android-arm,android-arm64,android-x64 -Ptarget=lib\main.dart -Pbase-application-name=android.app.Application -Pdart-obfuscation=false -Ptrack-widget-creation=true -Ptree-shake-icons=true assembleRelease
[+1106 ms] Initialized native services in: C:\Users\hotel\.gradle\native
[        ] Initialized jansi services in: C:\Users\hotel\.gradle\native
[ +214 ms] Received JVM installation metadata from 'C:\Program Files\Java\jdk-17': {JAVA_HOME=C:\Program Files\Java\jdk-17, JAVA_VERSION=17.0.12, JAVA_VENDOR=Oracle Corporation, RUNTIME_NAME=Java(TM) SE Runtime Environment, RUNTIME_VERSION=17.0.12+8-LTS-286, VM_NAME=Java HotSpot(TM) 64-Bit Server VM, VM_VERSION=17.0.12+8-LTS-286, VM_VENDOR=Oracle Corporation, OS_ARCH=amd64}
[ +399 ms] The client will now receive all logging from the daemon (pid: 28464). The daemon log file: C:\Users\hotel\.gradle\daemon\8.4\daemon-28464.out.log
[        ] Starting 5th build in daemon [uptime: 13 mins 17.56 secs, performance: 100%, GC rate: 0.00/s, heap usage: 0% of 1.5 GiB]
[        ] Using 8 worker leases.
[        ] Now considering [C:\Utilisateurs\hotel\Documents\hotel_app\android, C:\flutter\packages\flutter_tools\gradle] as hierarchies to watch
[        ] Watching the file system is configured to be enabled if available
[        ] File system watching is active
[        ] Starting Build
[        ] Now considering [C:\flutter\packages\flutter_tools\gradle, C:\Utilisateurs\hotel\Documents\hotel_app\android] as hierarchies to watch
[ +100 ms] > Configure project :gradle
[        ] Evaluating project ':gradle' using build file 'C:\flutter\packages\flutter_tools\gradle\build.gradle.kts'.
[        ] Caching disabled for Kotlin DSL accessors for project ':gradle' because:
[        ]   Build cache is disabled
[        ] Skipping Kotlin DSL accessors for project ':gradle' as it is up-to-date.
[        ] Resolve mutations for :gradle:compileJava (Thread[Execution worker,5,main]) started.
[        ] :gradle:compileJava (Thread[Execution worker,5,main]) started.
[        ] > Task :gradle:compileJava NO-SOURCE
[        ] Skipping task ':gradle:compileJava' as it has no source files and no previous output files.
[        ] Resolve mutations for :gradle:compileGroovy (Thread[Execution worker,5,main]) started.
[        ] :gradle:compileGroovy (Thread[Execution worker,5,main]) started.
[  +95 ms] > Task :gradle:compileGroovy UP-TO-DATE
[        ] Caching disabled for task ':gradle:compileGroovy' because:
[        ]   Build cache is disabled
[        ] Skipping task ':gradle:compileGroovy' as it is up-to-date.
[        ] Resolve mutations for :gradle:pluginDescriptors (Thread[Execution worker,5,main]) started.
[        ] :gradle:pluginDescriptors (Thread[Execution worker,5,main]) started.
[        ] > Task :gradle:pluginDescriptors UP-TO-DATE
[        ] Caching disabled for task ':gradle:pluginDescriptors' because:
[        ]   Build cache is disabled
[        ] Skipping task ':gradle:pluginDescriptors' as it is up-to-date.
[        ] Resolve mutations for :gradle:processResources (Thread[Execution worker,5,main]) started.
[        ] :gradle:processResources (Thread[Execution worker,5,main]) started.
[        ] > Task :gradle:processResources UP-TO-DATE
[        ] Caching disabled for task ':gradle:processResources' because:
[        ]   Build cache is disabled
[        ] Skipping task ':gradle:processResources' as it is up-to-date.
[        ] Resolve mutations for :gradle:classes (Thread[Execution worker,5,main]) started.
[        ] :gradle:classes (Thread[Execution worker,5,main]) started.
[        ] > Task :gradle:classes UP-TO-DATE
[        ] Skipping task ':gradle:classes' as it has no actions.
[        ] Resolve mutations for :gradle:jar (Thread[Execution worker,5,main]) started.
[        ] :gradle:jar (Thread[Execution worker,5,main]) started.
[        ] > Task :gradle:jar UP-TO-DATE
[        ] Caching disabled for task ':gradle:jar' because:
[        ]   Build cache is disabled
[        ] Skipping task ':gradle:jar' as it is up-to-date.
[ +392 ms] Settings evaluated using settings file 'C:\Utilisateurs\hotel\Documents\hotel_app\android\settings.gradle.kts'.
[        ] Projects loaded. Root project using build file 'C:\Utilisateurs\hotel\Documents\hotel_app\android\build.gradle.kts'.
[        ] Included projects: [root project 'android', project ':app', project ':flutter_local_notifications', project ':path_provider_android', project ':printing', project ':share_plus', project ':shared_preferences_android']
[ +804 ms] > Configure project :app
[   +1 ms] Evaluating project ':app' using build file 'C:\Utilisateurs\hotel\Documents\hotel_app\android\app\build.gradle.kts'.
[   +1 ms] WARNING: The option setting 'android.jetifier.ignorelist=firebase-*' is experimental.
[        ] Using default execution profile
[        ] Using Kotlin Gradle Plugin gradle82 variant
[        ] Caching disabled for Kotlin DSL accessors for project ':app' because:
[        ]   Build cache is disabled
[        ] Skipping Kotlin DSL accessors for project ':app' as it is up-to-date.
[        ] Parsed shrinker version: 8.1.65
[        ] > Configure project :
[        ] Evaluating root project 'android' using build file 'C:\Utilisateurs\hotel\Documents\hotel_app\android\build.gradle.kts'.
[        ] Caching disabled for Kotlin DSL accessors for root project 'android' because:
[        ]   Build cache is disabled
[        ] Skipping Kotlin DSL accessors for root project 'android' as it is up-to-date.
[  +87 ms] > Configure project :flutter_local_notifications
[        ] Evaluating project ':flutter_local_notifications' using build file 'C:\Users\hotel\AppData\Local\Pub\Cache\hosted\pub.dev\flutter_local_notifications-17.2.4\android\build.gradle'.
[        ] Using default execution profile
[ +297 ms] > Configure project :path_provider_android
[        ] Evaluating project ':path_provider_android' using build file 'C:\Users\hotel\AppData\Local\Pub\Cache\hosted\pub.dev\path_provider_android-2.2.10\android\build.gradle'.
[        ] Using default execution profile
[  +94 ms] > Configure project :printing
[        ] Evaluating project ':printing' using build file 'C:\Users\hotel\AppData\Local\Pub\Cache\hosted\pub.dev\printing-5.14.2\android\build.gradle'.
[        ] Using default execution profile
[ +300 ms] > Configure project :share_plus
[        ] Evaluating project ':share_plus' using build file 'C:\Users\hotel\AppData\Local\Pub\Cache\hosted\pub.dev\share_plus-7.2.2\android\build.gradle'.
[        ] Using default execution profile
[        ] Using Kotlin Gradle Plugin gradle82 variant
[ +200 ms] > Configure project :shared_preferences_android
[   +1 ms] Evaluating project ':shared_preferences_android' using build file 'C:\Users\hotel\AppData\Local\Pub\Cache\hosted\pub.dev\shared_preferences_android-2.3.2\android\build.gradle'.
[        ] Using default execution profile
[        ] Using Kotlin Gradle Plugin gradle82 variant
[        ] All projects evaluated.
[        ] Task name matched 'assembleRelease'
[        ] Selected primary task 'assembleRelease' from project :
[ +401 ms] Tasks to be executed: [task ':flutter_local_notifications:preBuild', task ':flutter_local_notifications:preReleaseBuild', task ':flutter_local_notifications:mergeReleaseJniLibFolders', task ':flutter_local_notifications:mergeReleaseNativeLibs', task ':flutter_local_notifications:stripReleaseDebugSymbols', task ':flutter_local_notifications:copyReleaseJniLibsProjectAndLocalJars', task ':flutter_local_notifications:generateReleaseResValues', task ':flutter_local_notifications:extractDeepLinksForAarRelease', task ':flutter_local_notifications:generateReleaseResources', task ':flutter_local_notifications:packageReleaseResources', task ':flutter_local_notifications:parseReleaseLocalResources', task ':flutter_local_notifications:processReleaseManifest', task ':flutter_local_notifications:generateReleaseRFile', task ':flutter_local_notifications:extractReleaseAnnotations', task ':flutter_local_notifications:javaPreCompileRelease', task ':flutter_local_notifications:compileReleaseJavaWithJavac', task ':flutter_local_notifications:mergeReleaseGeneratedProguardFiles', task ':flutter_local_notifications:mergeReleaseConsumerProguardFiles', task ':flutter_local_notifications:mergeReleaseShaders', task ':flutter_local_notifications:compileReleaseShaders', task ':flutter_local_notifications:generateReleaseAssets', task ':flutter_local_notifications:packageReleaseAssets', task ':flutter_local_notifications:prepareLintJarForPublish', task ':flutter_local_notifications:prepareReleaseArtProfile', task ':flutter_local_notifications:processReleaseJavaRes', task ':flutter_local_notifications:mergeReleaseJavaResource', task ':flutter_local_notifications:syncReleaseLibJars', task ':flutter_local_notifications:writeReleaseAarMetadata', task ':flutter_local_notifications:bundleReleaseLocalLintAar', task ':path_provider_android:preBuild', task ':path_provider_android:preReleaseBuild', task ':path_provider_android:mergeReleaseJniLibFolders', task ':path_provider_android:mergeReleaseNativeLibs', task ':path_provider_android:stripReleaseDebugSymbols', task ':path_provider_android:copyReleaseJniLibsProjectAndLocalJars', task ':path_provider_android:generateReleaseResValues', task ':path_provider_android:extractDeepLinksForAarRelease', task ':path_provider_android:generateReleaseResources', task ':path_provider_android:packageReleaseResources', task ':path_provider_android:parseReleaseLocalResources', task ':path_provider_android:processReleaseManifest', task ':path_provider_android:generateReleaseRFile', task ':path_provider_android:extractReleaseAnnotations', task ':path_provider_android:javaPreCompileRelease', task ':path_provider_android:compileReleaseJavaWithJavac', task ':path_provider_android:mergeReleaseGeneratedProguardFiles', task ':path_provider_android:mergeReleaseConsumerProguardFiles', task ':path_provider_android:mergeReleaseShaders', task ':path_provider_android:compileReleaseShaders', task ':path_provider_android:generateReleaseAssets', task ':path_provider_android:packageReleaseAssets', task ':path_provider_android:prepareLintJarForPublish', task ':path_provider_android:prepareReleaseArtProfile', task ':path_provider_android:processReleaseJavaRes', task ':path_provider_android:mergeReleaseJavaResource', task ':path_provider_android:syncReleaseLibJars', task ':path_provider_android:writeReleaseAarMetadata', task ':path_provider_android:bundleReleaseLocalLintAar', task ':printing:preBuild', task ':printing:preReleaseBuild', task ':printing:mergeReleaseJniLibFolders', task ':printing:mergeReleaseNativeLibs', task ':printing:stripReleaseDebugSymbols', task ':printing:copyReleaseJniLibsProjectAndLocalJars', task ':printing:generateReleaseResValues', task ':printing:extractDeepLinksForAarRelease', task ':printing:generateReleaseResources', task ':printing:packageReleaseResources', task ':printing:parseReleaseLocalResources', task ':printing:processReleaseManifest', task ':printing:generateReleaseRFile', task ':printing:extractReleaseAnnotations', task ':printing:javaPreCompileRelease', task ':printing:compileReleaseJavaWithJavac', task ':printing:mergeReleaseGeneratedProguardFiles', task ':printing:mergeReleaseConsumerProguardFiles', task ':printing:mergeReleaseShaders', task ':printing:compileReleaseShaders', task ':printing:generateReleaseAssets', task ':printing:packageReleaseAssets', task ':printing:prepareLintJarForPublish', task ':printing:prepareReleaseArtProfile', task ':printing:processReleaseJavaRes', task ':printing:mergeReleaseJavaResource', task ':printing:syncReleaseLibJars', task ':printing:writeReleaseAarMetadata', task ':printing:bundleReleaseLocalLintAar', task ':share_plus:preBuild', task ':share_plus:preReleaseBuild', task ':share_plus:mergeReleaseJniLibFolders', task ':share_plus:mergeReleaseNativeLibs', task ':share_plus:stripReleaseDebugSymbols', task ':share_plus:copyReleaseJniLibsProjectAndLocalJars', task ':share_plus:generateReleaseResValues', task ':share_plus:extractDeepLinksForAarRelease', task ':share_plus:checkKotlinGradlePluginConfigurationErrors', task ':share_plus:generateReleaseResources', task ':share_plus:packageReleaseResources', task ':share_plus:parseReleaseLocalResources', task ':share_plus:processReleaseManifest', task ':share_plus:generateReleaseRFile', task ':share_plus:compileReleaseKotlin', task ':share_plus:extractReleaseAnnotations', task ':share_plus:javaPreCompileRelease', task ':share_plus:compileReleaseJavaWithJavac', task ':share_plus:mergeReleaseGeneratedProguardFiles', task ':share_plus:mergeReleaseConsumerProguardFiles', task ':share_plus:mergeReleaseShaders', task ':share_plus:compileReleaseShaders', task ':share_plus:generateReleaseAssets', task ':share_plus:packageReleaseAssets', task ':share_plus:prepareLintJarForPublish', task ':share_plus:prepareReleaseArtProfile', task ':share_plus:processReleaseJavaRes', task ':share_plus:mergeReleaseJavaResource', task ':share_plus:syncReleaseLibJars', task ':share_plus:writeReleaseAarMetadata', task ':share_plus:bundleReleaseLocalLintAar', task ':shared_preferences_android:preBuild', task ':shared_preferences_android:preReleaseBuild', task ':shared_preferences_android:mergeReleaseJniLibFolders', task ':shared_preferences_android:mergeReleaseNativeLibs', task ':shared_preferences_android:stripReleaseDebugSymbols', task ':shared_preferences_android:copyReleaseJniLibsProjectAndLocalJars', task ':shared_preferences_android:generateReleaseResValues', task ':shared_preferences_android:extractDeepLinksForAarRelease', task ':shared_preferences_android:checkKotlinGradlePluginConfigurationErrors', task ':shared_preferences_android:generateReleaseResources', task ':shared_preferences_android:packageReleaseResources', task ':shared_preferences_android:parseReleaseLocalResources', task ':shared_preferences_android:processReleaseManifest', task ':shared_preferences_android:generateReleaseRFile', task ':shared_preferences_android:compileReleaseKotlin', task ':shared_preferences_android:extractReleaseAnnotations', task ':shared_preferences_android:javaPreCompileRelease', task ':shared_preferences_android:compileReleaseJavaWithJavac', task ':shared_preferences_android:mergeReleaseGeneratedProguardFiles', task ':shared_preferences_android:mergeReleaseConsumerProguardFiles', task ':shared_preferences_android:mergeReleaseShaders', task ':shared_preferences_android:compileReleaseShaders', task ':shared_preferences_android:generateReleaseAssets', task ':shared_preferences_android:packageReleaseAssets', task ':shared_preferences_android:prepareLintJarForPublish', task ':shared_preferences_android:prepareReleaseArtProfile', task ':shared_preferences_android:processReleaseJavaRes', task ':shared_preferences_android:mergeReleaseJavaResource', task ':shared_preferences_android:syncReleaseLibJars', task ':shared_preferences_android:writeReleaseAarMetadata', task ':shared_preferences_android:bundleReleaseLocalLintAar', task ':app:buildKotlinToolingMetadata', task ':app:checkKotlinGradlePluginConfigurationErrors', task ':app:compileFlutterBuildRelease', task ':app:packJniLibsflutterBuildRelease', task ':app:preBuild', task ':app:preReleaseBuild', task ':app:checkReleaseAarMetadata', task ':app:cleanMergeReleaseAssets', task ':app:mergeReleaseShaders', task ':app:compileReleaseShaders', task ':app:generateReleaseAssets', task ':app:mergeReleaseAssets', task ':app:copyFlutterAssetsRelease', task ':app:generateReleaseResValues', task ':app:mapReleaseSourceSetPaths', task ':app:generateReleaseResources', task ':app:mergeReleaseResources', task ':app:packageReleaseResources', task ':app:parseReleaseLocalResources', task ':app:createReleaseCompatibleScreenManifests', task ':app:extractDeepLinksRelease', task ':flutter_local_notifications:extractDeepLinksRelease', task ':path_provider_android:extractDeepLinksRelease', task ':printing:extractDeepLinksRelease', task ':share_plus:extractDeepLinksRelease', task ':shared_preferences_android:extractDeepLinksRelease', task ':app:processReleaseMainManifest', task ':app:processReleaseManifest', task ':app:processReleaseManifestForPackage', task ':app:processReleaseResources', task ':flutter_local_notifications:bundleLibCompileToJarRelease', task ':path_provider_android:bundleLibCompileToJarRelease', task ':printing:bundleLibCompileToJarRelease', task ':share_plus:bundleLibCompileToJarRelease', task ':shared_preferences_android:bundleLibCompileToJarRelease', task ':app:compileReleaseKotlin', task ':app:javaPreCompileRelease', task ':app:compileReleaseJavaWithJavac', task ':app:extractProguardFiles', task ':flutter_local_notifications:bundleLibRuntimeToJarRelease', task ':flutter_local_notifications:createFullJarRelease', task ':flutter_local_notifications:writeReleaseLintModelMetadata', task ':path_provider_android:bundleLibRuntimeToJarRelease', task ':path_provider_android:createFullJarRelease', task ':path_provider_android:writeReleaseLintModelMetadata', task ':printing:bundleLibRuntimeToJarRelease', task ':printing:createFullJarRelease', task ':printing:writeReleaseLintModelMetadata', task ':share_plus:bundleLibRuntimeToJarRelease', task ':share_plus:createFullJarRelease', task ':share_plus:writeReleaseLintModelMetadata', task ':shared_preferences_android:bundleLibRuntimeToJarRelease', task ':shared_preferences_android:createFullJarRelease', task ':shared_preferences_android:writeReleaseLintModelMetadata', task ':app:lintVitalAnalyzeRelease', task ':app:lintVitalReportRelease', task ':app:lintVitalRelease', task ':app:mergeReleaseJniLibFolders', task ':flutter_local_notifications:copyReleaseJniLibsProjectOnly', task ':path_provider_android:copyReleaseJniLibsProjectOnly', task ':printing:copyReleaseJniLibsProjectOnly', task ':share_plus:copyReleaseJniLibsProjectOnly', task ':shared_preferences_android:copyReleaseJniLibsProjectOnly', task ':app:mergeReleaseNativeLibs', task ':app:stripReleaseDebugSymbols', task ':app:extractReleaseNativeSymbolTables', task ':app:mergeReleaseNativeDebugMetadata', task ':flutter_local_notifications:exportReleaseConsumerProguardFiles', task ':path_provider_android:exportReleaseConsumerProguardFiles', task ':printing:exportReleaseConsumerProguardFiles', task ':share_plus:exportReleaseConsumerProguardFiles', task ':shared_preferences_android:exportReleaseConsumerProguardFiles', task ':app:checkReleaseDuplicateClasses', task ':app:mergeReleaseArtProfile', task ':app:mergeReleaseGeneratedProguardFiles', task ':app:processReleaseJavaRes', task ':app:mergeReleaseJavaResource', task ':app:minifyReleaseWithR8', task ':app:compileReleaseArtProfile', task ':app:compressReleaseAssets', task ':app:processApplicationManifestReleaseForBundle', task ':app:bundleReleaseResources', task ':app:shrinkReleaseRes', task ':app:optimizeReleaseResources', task ':app:collectReleaseDependencies', task ':app:sdkReleaseDependencyData', task ':app:validateSigningRelease', task ':app:writeReleaseAppMetadata', task ':app:writeReleaseSigningConfigVersions', task ':app:packageRelease', task ':app:createReleaseApkListingFileRedirect', task ':app:assembleRelease', task ':flutter_local_notifications:bundleReleaseAar', task ':flutter_local_notifications:mapReleaseSourceSetPaths', task ':flutter_local_notifications:mergeReleaseResources', task ':flutter_local_notifications:verifyReleaseResources', task ':flutter_local_notifications:assembleRelease', task ':path_provider_android:bundleReleaseAar', task ':path_provider_android:mapReleaseSourceSetPaths', task ':path_provider_android:mergeReleaseResources', task ':path_provider_android:verifyReleaseResources', task ':path_provider_android:assembleRelease', task ':printing:bundleReleaseAar', task ':printing:mapReleaseSourceSetPaths', task ':printing:mergeReleaseResources', task ':printing:verifyReleaseResources', task ':printing:assembleRelease', task ':share_plus:bundleReleaseAar', task ':share_plus:mapReleaseSourceSetPaths', task ':share_plus:mergeReleaseResources', task ':share_plus:verifyReleaseResources', task ':share_plus:assembleRelease', task ':shared_preferences_android:bundleReleaseAar', task ':shared_preferences_android:mapReleaseSourceSetPaths', task ':shared_preferences_android:mergeReleaseResources', task ':shared_preferences_android:verifyReleaseResources', task ':shared_preferences_android:assembleRelease']
[   +1 ms] Tasks that were excluded: []
[        ] work action Parameters of ExtractAarTransform (Thread[Execution worker Thread 6,5,main]) started.
[        ] work action Parameters of FilterShrinkerRulesTransform (Thread[Execution worker Thread 6,5,main]) started.
[        ] Resolve mutations for :flutter_local_notifications:preBuild (Thread[Execution worker Thread 6,5,main]) started.
[        ] :flutter_local_notifications:preBuild (Thread[Execution worker Thread 6,5,main]) started.
[        ] > Task :flutter_local_notifications:preBuild UP-TO-DATE
[        ] Skipping task ':flutter_local_notifications:preBuild' as it has no actions.
[        ] Resolve mutations for :flutter_local_notifications:preReleaseBuild (Thread[Execution worker Thread 6,5,main]) started.
[        ] :flutter_local_notifications:preReleaseBuild (Thread[Execution worker Thread 6,5,main]) started.
[        ] > Task :flutter_local_notifications:preReleaseBuild UP-TO-DATE
[        ] Skipping task ':flutter_local_notifications:preReleaseBuild' as it has no actions.
[        ] Resolve mutations for :flutter_local_notifications:mergeReleaseJniLibFolders (Thread[Execution worker Thread 6,5,main]) started.
[        ] :flutter_local_notifications:mergeReleaseJniLibFolders (Thread[Execution worker Thread 6,5,main]) started.
[        ] > Task :flutter_local_notifications:mergeReleaseJniLibFolders UP-TO-DATE
[        ] Caching disabled for task ':flutter_local_notifications:mergeReleaseJniLibFolders' because:
[        ]   Build cache is disabled
[        ] Skipping task ':flutter_local_notifications:mergeReleaseJniLibFolders' as it is up-to-date.
[        ] Resolve mutations for :flutter_local_notifications:mergeReleaseNativeLibs (Thread[Execution worker Thread 6,5,main]) started.
[        ] :flutter_local_notifications:mergeReleaseNativeLibs (Thread[Execution worker Thread 6,5,main]) started.
[        ] > Task :flutter_local_notifications:mergeReleaseNativeLibs NO-SOURCE
[        ] Skipping task ':flutter_local_notifications:mergeReleaseNativeLibs' as it has no source files and no previous output files.
[        ] Resolve mutations for :flutter_local_notifications:stripReleaseDebugSymbols (Thread[Execution worker Thread 6,5,main]) started.
[        ] :flutter_local_notifications:stripReleaseDebugSymbols (Thread[Execution worker Thread 6,5,main]) started.
[        ] > Task :flutter_local_notifications:stripReleaseDebugSymbols NO-SOURCE
[        ] Skipping task ':flutter_local_notifications:stripReleaseDebugSymbols' as it has no source files and no previous output files.
[        ] Resolve mutations for :flutter_local_notifications:copyReleaseJniLibsProjectAndLocalJars (Thread[Execution worker Thread 6,5,main]) started.
[        ] :flutter_local_notifications:copyReleaseJniLibsProjectAndLocalJars (Thread[Execution worker Thread 6,5,main]) started.
[        ] > Task :flutter_local_notifications:copyReleaseJniLibsProjectAndLocalJars UP-TO-DATE
[        ] Caching disabled for task ':flutter_local_notifications:copyReleaseJniLibsProjectAndLocalJars' because:
[   +1 ms]   Build cache is disabled
[        ] Skipping task ':flutter_local_notifications:copyReleaseJniLibsProjectAndLocalJars' as it is up-to-date.
[        ] Resolve mutations for :flutter_local_notifications:generateReleaseResValues (Thread[Execution worker Thread 6,5,main]) started.
[        ] :flutter_local_notifications:generateReleaseResValues (Thread[Execution worker Thread 6,5,main]) started.
[        ] > Task :flutter_local_notifications:generateReleaseResValues UP-TO-DATE
[        ] Caching disabled for task ':flutter_local_notifications:generateReleaseResValues' because:
[        ]   Build cache is disabled
[        ] Skipping task ':flutter_local_notifications:generateReleaseResValues' as it is up-to-date.
[        ] Resolve mutations for :flutter_local_notifications:extractDeepLinksForAarRelease (Thread[Execution worker Thread 6,5,main]) started.
[        ] :flutter_local_notifications:extractDeepLinksForAarRelease (Thread[Execution worker Thread 6,5,main]) started.
[        ] > Task :flutter_local_notifications:extractDeepLinksForAarRelease UP-TO-DATE
[        ] Caching disabled for task ':flutter_local_notifications:extractDeepLinksForAarRelease' because:
[        ]   Build cache is disabled
[        ] Skipping task ':flutter_local_notifications:extractDeepLinksForAarRelease' as it is up-to-date.
[        ] Resolve mutations for :flutter_local_notifications:generateReleaseResources (Thread[Execution worker Thread 6,5,main]) started.
[        ] :flutter_local_notifications:generateReleaseResources (Thread[Execution worker Thread 6,5,main]) started.
[        ] > Task :flutter_local_notifications:generateReleaseResources UP-TO-DATE
[        ] Skipping task ':flutter_local_notifications:generateReleaseResources' as it has no actions.
[        ] Resolve mutations for :flutter_local_notifications:packageReleaseResources (Thread[Execution worker Thread 6,5,main]) started.
[        ] :flutter_local_notifications:packageReleaseResources (Thread[Execution worker Thread 6,5,main]) started.
[        ] > Task :flutter_local_notifications:packageReleaseResources UP-TO-DATE
[        ] Caching disabled for task ':flutter_local_notifications:packageReleaseResources' because:
[        ]   Build cache is disabled
[        ] Skipping task ':flutter_local_notifications:packageReleaseResources' as it is up-to-date.
[        ] work action resolve release (project :flutter_local_notifications) (Thread[Execution worker Thread 6,5,main]) started.
[        ] Resolve mutations for :flutter_local_notifications:parseReleaseLocalResources (Thread[included builds,5,main]) started.
[        ] :flutter_local_notifications:parseReleaseLocalResources (Thread[included builds,5,main]) started.
[        ] > Task :flutter_local_notifications:parseReleaseLocalResources UP-TO-DATE
[        ] Transforming android.jar with PlatformAttrTransform
[        ] Transforming android.jar with PlatformAttrTransform
[        ] Caching disabled for task ':flutter_local_notifications:parseReleaseLocalResources' because:
[        ]   Build cache is disabled
[        ] Skipping task ':flutter_local_notifications:parseReleaseLocalResources' as it is up-to-date.
[        ] Resolve mutations for :flutter_local_notifications:processReleaseManifest (Thread[included builds,5,main]) started.
[        ] :flutter_local_notifications:processReleaseManifest (Thread[included builds,5,main]) started.
[        ] > Task :flutter_local_notifications:processReleaseManifest UP-TO-DATE
[        ] Caching disabled for task ':flutter_local_notifications:processReleaseManifest' because:
[        ]   Build cache is disabled
[        ] Skipping task ':flutter_local_notifications:processReleaseManifest' as it is up-to-date.
[        ] work action resolve AndroidManifest.xml (project :flutter_local_notifications) (Thread[included builds,5,main]) started.
[        ] work action resolve AndroidManifest.xml (project :flutter_local_notifications) (Thread[Execution worker,5,main]) started.
[        ] Resolve mutations for :flutter_local_notifications:generateReleaseRFile (Thread[Execution worker,5,main]) started.
[        ] :flutter_local_notifications:generateReleaseRFile (Thread[Execution worker,5,main]) started.
[        ] > Task :flutter_local_notifications:generateReleaseRFile UP-TO-DATE
[        ] Transforming android.jar with PlatformAttrTransform
[        ] Caching disabled for task ':flutter_local_notifications:generateReleaseRFile' because:
[        ]   Build cache is disabled
[        ] Skipping task ':flutter_local_notifications:generateReleaseRFile' as it is up-to-date.
[        ] work action resolve package-aware-r.txt (project :flutter_local_notifications) (Thread[Execution worker,5,main]) started.
[        ] Resolve mutations for :flutter_local_notifications:extractReleaseAnnotations (Thread[Execution worker Thread 5,5,main]) started.
[        ] :flutter_local_notifications:extractReleaseAnnotations (Thread[Execution worker,5,main]) started.
[ +171 ms] > Task :flutter_local_notifications:extractReleaseAnnotations UP-TO-DATE
[        ] Transforming gson-2.8.9.jar (com.google.code.gson:gson:2.8.9) with JetifyTransform
[        ] Transforming gson-2.8.9.jar (com.google.code.gson:gson:2.8.9) with IdentityTransform
[        ] Transforming media-1.1.0.aar (androidx.media:media:1.1.0) with JetifyTransform
[   +2 ms] Transforming media-1.1.0.aar (androidx.media:media:1.1.0) with AarToClassTransform
[        ] Transforming kotlin-stdlib-1.5.31.jar (org.jetbrains.kotlin:kotlin-stdlib:1.5.31) with JetifyTransform
[        ] Transforming kotlin-stdlib-1.5.31.jar (org.jetbrains.kotlin:kotlin-stdlib:1.5.31) with IdentityTransform
[        ] Transforming annotations-13.0.jar (org.jetbrains:annotations:13.0) with JetifyTransform
[        ] Transforming annotations-13.0.jar (org.jetbrains:annotations:13.0) with IdentityTransform
[        ] Transforming kotlin-stdlib-common-1.5.31.jar (org.jetbrains.kotlin:kotlin-stdlib-common:1.5.31) with JetifyTransform
[        ] Transforming kotlin-stdlib-common-1.5.31.jar (org.jetbrains.kotlin:kotlin-stdlib-common:1.5.31) with IdentityTransform
[        ] Transforming flutter_embedding_release-1.0.0-235db911ba279722f5e685f38b0ed30fa7e8570a.jar (io.flutter:flutter_embedding_release:1.0.0-235db911ba279722f5e685f38b0ed30fa7e8570a) with JetifyTransform
[        ] Transforming flutter_embedding_release-1.0.0-235db911ba279722f5e685f38b0ed30fa7e8570a.jar (io.flutter:flutter_embedding_release:1.0.0-235db911ba279722f5e685f38b0ed30fa7e8570a) with IdentityTransform
[        ] Transforming viewpager-1.0.0.aar (androidx.viewpager:viewpager:1.0.0) with JetifyTransform
[        ] Transforming viewpager-1.0.0.aar (androidx.viewpager:viewpager:1.0.0) with AarToClassTransform
[        ] Transforming customview-1.0.0.aar (androidx.customview:customview:1.0.0) with JetifyTransform
[        ] Transforming customview-1.0.0.aar (androidx.customview:customview:1.0.0) with AarToClassTransform
[        ] Transforming fragment-1.1.0.aar (androidx.fragment:fragment:1.1.0) with JetifyTransform
[        ] Transforming fragment-1.1.0.aar (androidx.fragment:fragment:1.1.0) with AarToClassTransform
[        ] Transforming activity-1.0.0.aar (androidx.activity:activity:1.0.0) with JetifyTransform
[        ] Transforming activity-1.0.0.aar (androidx.activity:activity:1.0.0) with AarToClassTransform
[        ] Transforming loader-1.0.0.aar (androidx.loader:loader:1.0.0) with JetifyTransform
[        ] Transforming loader-1.0.0.aar (androidx.loader:loader:1.0.0) with AarToClassTransform
[        ] Transforming core-1.6.0.aar (androidx.core:core:1.6.0) with JetifyTransform
[        ] Transforming core-1.6.0.aar (androidx.core:core:1.6.0) with JetifyTransform
[        ] Transforming core-1.6.0.aar (androidx.core:core:1.6.0) with JetifyTransform
[        ] Transforming core-1.6.0.aar (androidx.core:core:1.6.0) with JetifyTransform
[        ] Transforming core-1.6.0.aar (androidx.core:core:1.6.0) with AarToClassTransform
[        ] Transforming core-1.6.0.aar (androidx.core:core:1.6.0) with AarToClassTransform
[        ] Transforming core-1.6.0.aar (androidx.core:core:1.6.0) with JetifyTransform
[        ] Transforming core-1.6.0.aar (androidx.core:core:1.6.0) with AarToClassTransform
[        ] Transforming core-1.6.0.aar (androidx.core:core:1.6.0) with AarToClassTransform
[        ] Transforming core-1.6.0.aar (androidx.core:core:1.6.0) with JetifyTransform
[        ] Transforming core-1.6.0.aar (androidx.core:core:1.6.0) with JetifyTransform
[        ] Transforming core-1.6.0.aar (androidx.core:core:1.6.0) with AarToClassTransform
[        ] Transforming core-1.6.0.aar (androidx.core:core:1.6.0) with AarToClassTransform
[        ] Transforming core-1.6.0.aar (androidx.core:core:1.6.0) with AarToClassTransform
[        ] Transforming lifecycle-runtime-2.2.0.aar (androidx.lifecycle:lifecycle-runtime:2.2.0) with JetifyTransform
[        ] Transforming lifecycle-runtime-2.2.0.aar (androidx.lifecycle:lifecycle-runtime:2.2.0) with JetifyTransform
[        ] Transforming lifecycle-runtime-2.2.0.aar (androidx.lifecycle:lifecycle-runtime:2.2.0) with AarToClassTransform
[        ] Transforming lifecycle-runtime-2.2.0.aar (androidx.lifecycle:lifecycle-runtime:2.2.0) with AarToClassTransform
[        ] Transforming versionedparcelable-1.1.1.aar (androidx.versionedparcelable:versionedparcelable:1.1.1) with JetifyTransform
[        ] Transforming versionedparcelable-1.1.1.aar (androidx.versionedparcelable:versionedparcelable:1.1.1) with AarToClassTransform
[        ] Transforming collection-1.1.0.jar (androidx.collection:collection:1.1.0) with JetifyTransform
[        ] Transforming collection-1.1.0.jar (androidx.collection:collection:1.1.0) with IdentityTransform
[        ] Transforming savedstate-1.0.0.aar (androidx.savedstate:savedstate:1.0.0) with JetifyTransform
[        ] Transforming savedstate-1.0.0.aar (androidx.savedstate:savedstate:1.0.0) with AarToClassTransform
[        ] Transforming lifecycle-livedata-2.0.0.aar (androidx.lifecycle:lifecycle-livedata:2.0.0) with JetifyTransform
[   +1 ms] Transforming lifecycle-livedata-2.0.0.aar (androidx.lifecycle:lifecycle-livedata:2.0.0) with AarToClassTransform
[        ] Transforming lifecycle-livedata-core-2.0.0.aar (androidx.lifecycle:lifecycle-livedata-core:2.0.0) with JetifyTransform
[   +1 ms] Transforming lifecycle-livedata-core-2.0.0.aar (androidx.lifecycle:lifecycle-livedata-core:2.0.0) with AarToClassTransform
[        ] Transforming lifecycle-common-2.2.0.jar (androidx.lifecycle:lifecycle-common:2.2.0) with JetifyTransform
[        ] Transforming lifecycle-common-2.2.0.jar (androidx.lifecycle:lifecycle-common:2.2.0) with IdentityTransform
[        ] Transforming core-runtime-2.0.0.aar (androidx.arch.core:core-runtime:2.0.0) with JetifyTransform
[        ] Transforming core-runtime-2.0.0.aar (androidx.arch.core:core-runtime:2.0.0) with JetifyTransform
[        ] Transforming core-runtime-2.0.0.aar (androidx.arch.core:core-runtime:2.0.0) with AarToClassTransform
[        ] Transforming core-runtime-2.0.0.aar (androidx.arch.core:core-runtime:2.0.0) with AarToClassTransform
[        ] Transforming lifecycle-common-java8-2.2.0.jar (androidx.lifecycle:lifecycle-common-java8:2.2.0) with JetifyTransform
[        ] Transforming lifecycle-common-java8-2.2.0.jar (androidx.lifecycle:lifecycle-common-java8:2.2.0) with IdentityTransform
[        ] Transforming core-common-2.1.0.jar (androidx.arch.core:core-common:2.1.0) with JetifyTransform
[        ] Transforming core-common-2.1.0.jar (androidx.arch.core:core-common:2.1.0) with IdentityTransform
[        ] Transforming lifecycle-viewmodel-2.1.0.aar (androidx.lifecycle:lifecycle-viewmodel:2.1.0) with JetifyTransform
[        ] Transforming lifecycle-viewmodel-2.1.0.aar (androidx.lifecycle:lifecycle-viewmodel:2.1.0) with JetifyTransform
[        ] Transforming lifecycle-viewmodel-2.1.0.aar (androidx.lifecycle:lifecycle-viewmodel:2.1.0) with JetifyTransform
[        ] Transforming lifecycle-viewmodel-2.1.0.aar (androidx.lifecycle:lifecycle-viewmodel:2.1.0) with AarToClassTransform
[        ] Transforming lifecycle-viewmodel-2.1.0.aar (androidx.lifecycle:lifecycle-viewmodel:2.1.0) with AarToClassTransform
[        ] Transforming lifecycle-viewmodel-2.1.0.aar (androidx.lifecycle:lifecycle-viewmodel:2.1.0) with AarToClassTransform
[        ] Transforming annotation-1.2.0.jar (androidx.annotation:annotation:1.2.0) with JetifyTransform
[        ] Transforming annotation-1.2.0.jar (androidx.annotation:annotation:1.2.0) with IdentityTransform
[        ] Transforming annotation-experimental-1.1.0.aar (androidx.annotation:annotation-experimental:1.1.0) with JetifyTransform
[        ] Transforming annotation-experimental-1.1.0.aar (androidx.annotation:annotation-experimental:1.1.0) with AarToClassTransform
[        ] Transforming tracing-1.0.0.aar (androidx.tracing:tracing:1.0.0) with JetifyTransform
[        ] Transforming tracing-1.0.0.aar (androidx.tracing:tracing:1.0.0) with AarToClassTransform
[        ] Transforming window-java-1.0.0-beta04.aar (androidx.window:window-java:1.0.0-beta04) with JetifyTransform
[        ] Transforming window-java-1.0.0-beta04.aar (androidx.window:window-java:1.0.0-beta04) with AarToClassTransform
[        ] Transforming window-1.0.0-beta04.aar (androidx.window:window:1.0.0-beta04) with JetifyTransform
[        ] Transforming window-1.0.0-beta04.aar (androidx.window:window:1.0.0-beta04) with AarToClassTransform
[   +2 ms] Transforming kotlinx-coroutines-android-1.5.2.jar (org.jetbrains.kotlinx:kotlinx-coroutines-android:1.5.2) with JetifyTransform
[        ] Transforming kotlinx-coroutines-android-1.5.2.jar (org.jetbrains.kotlinx:kotlinx-coroutines-android:1.5.2) with IdentityTransform
[        ] Transforming kotlinx-coroutines-core-jvm-1.5.2.jar (org.jetbrains.kotlinx:kotlinx-coroutines-core-jvm:1.5.2) with JetifyTransform
[        ] Transforming kotlinx-coroutines-core-jvm-1.5.2.jar (org.jetbrains.kotlinx:kotlinx-coroutines-core-jvm:1.5.2) with IdentityTransform
[        ] Transforming kotlin-stdlib-jdk8-1.5.30.jar (org.jetbrains.kotlin:kotlin-stdlib-jdk8:1.5.30) with JetifyTransform
[        ] Transforming kotlin-stdlib-jdk8-1.5.30.jar (org.jetbrains.kotlin:kotlin-stdlib-jdk8:1.5.30) with IdentityTransform
[        ] Transforming kotlin-stdlib-jdk7-1.5.30.jar (org.jetbrains.kotlin:kotlin-stdlib-jdk7:1.5.30) with JetifyTransform
[        ] Transforming kotlin-stdlib-jdk7-1.5.30.jar (org.jetbrains.kotlin:kotlin-stdlib-jdk7:1.5.30) with IdentityTransform
[        ] Caching disabled for task ':flutter_local_notifications:extractReleaseAnnotations' because:
[        ]   Build cache is disabled
[        ] Skipping task ':flutter_local_notifications:extractReleaseAnnotations' as it is up-to-date.
[        ] Resolve mutations for :flutter_local_notifications:javaPreCompileRelease (Thread[Execution worker,5,main]) started.
[        ] :flutter_local_notifications:javaPreCompileRelease (Thread[Execution worker,5,main]) started.
[        ] > Task :flutter_local_notifications:javaPreCompileRelease UP-TO-DATE
[        ] Caching disabled for task ':flutter_local_notifications:javaPreCompileRelease' because:
[        ]   Build cache is disabled
[        ] Skipping task ':flutter_local_notifications:javaPreCompileRelease' as it is up-to-date.
[        ] Resolve mutations for :flutter_local_notifications:compileReleaseJavaWithJavac (Thread[Execution worker,5,main]) started.
[        ] :flutter_local_notifications:compileReleaseJavaWithJavac (Thread[Execution worker,5,main]) started.
[        ] > Task :flutter_local_notifications:compileReleaseJavaWithJavac UP-TO-DATE
[        ] Caching disabled for task ':flutter_local_notifications:compileReleaseJavaWithJavac' because:
[        ]   Build cache is disabled
[        ] Skipping task ':flutter_local_notifications:compileReleaseJavaWithJavac' as it is up-to-date.
[        ] No compile result for :flutter_local_notifications:compileReleaseJavaWithJavac
[        ] Resolve mutations for :flutter_local_notifications:mergeReleaseGeneratedProguardFiles (Thread[Execution worker,5,main]) started.
[        ] :flutter_local_notifications:mergeReleaseGeneratedProguardFiles (Thread[Execution worker,5,main]) started.
[        ] > Task :flutter_local_notifications:mergeReleaseGeneratedProguardFiles UP-TO-DATE
[        ] Caching disabled for task ':flutter_local_notifications:mergeReleaseGeneratedProguardFiles' because:
[        ]   Build cache is disabled
[        ] Skipping task ':flutter_local_notifications:mergeReleaseGeneratedProguardFiles' as it is up-to-date.
[        ] Resolve mutations for :flutter_local_notifications:mergeReleaseConsumerProguardFiles (Thread[Execution worker,5,main]) started.
[        ] :flutter_local_notifications:mergeReleaseConsumerProguardFiles (Thread[Execution worker,5,main]) started.
[        ] > Task :flutter_local_notifications:mergeReleaseConsumerProguardFiles UP-TO-DATE
[        ] Caching disabled for task ':flutter_local_notifications:mergeReleaseConsumerProguardFiles' because:
[        ]   Build cache is disabled
[        ] Skipping task ':flutter_local_notifications:mergeReleaseConsumerProguardFiles' as it is up-to-date.
[        ] Resolve mutations for :flutter_local_notifications:mergeReleaseShaders (Thread[Execution worker,5,main]) started.
[        ] :flutter_local_notifications:mergeReleaseShaders (Thread[Execution worker,5,main]) started.
[        ] > Task :flutter_local_notifications:mergeReleaseShaders UP-TO-DATE
[   +1 ms] Caching disabled for task ':flutter_local_notifications:mergeReleaseShaders' because:
[        ]   Build cache is disabled
[   +1 ms] Skipping task ':flutter_local_notifications:mergeReleaseShaders' as it is up-to-date.
[   +1 ms] Resolve mutations for :flutter_local_notifications:compileReleaseShaders (Thread[Execution worker,5,main]) started.
[        ] :flutter_local_notifications:compileReleaseShaders (Thread[Execution worker,5,main]) started.
[        ] > Task :flutter_local_notifications:compileReleaseShaders NO-SOURCE
[   +1 ms] Skipping task ':flutter_local_notifications:compileReleaseShaders' as it has no source files and no previous output files.
[   +1 ms] Resolve mutations for :flutter_local_notifications:generateReleaseAssets (Thread[Execution worker,5,main]) started.
[        ] :flutter_local_notifications:generateReleaseAssets (Thread[Execution worker,5,main]) started.
[        ] > Task :flutter_local_notifications:generateReleaseAssets UP-TO-DATE
[        ] Skipping task ':flutter_local_notifications:generateReleaseAssets' as it has no actions.
[        ] Resolve mutations for :flutter_local_notifications:packageReleaseAssets (Thread[Execution worker,5,main]) started.
[        ] :flutter_local_notifications:packageReleaseAssets (Thread[Execution worker,5,main]) started.
[        ] > Task :flutter_local_notifications:packageReleaseAssets UP-TO-DATE
[        ] Caching disabled for task ':flutter_local_notifications:packageReleaseAssets' because:
[        ]   Build cache is disabled
[        ] Skipping task ':flutter_local_notifications:packageReleaseAssets' as it is up-to-date.
[        ] work action resolve out (project :flutter_local_notifications) (Thread[Execution worker,5,main]) started.
[        ] Resolve mutations for :flutter_local_notifications:prepareLintJarForPublish (Thread[Execution worker,5,main]) started.
[  +56 ms] :flutter_local_notifications:prepareLintJarForPublish (Thread[Execution worker,5,main]) started.
[        ] > Task :flutter_local_notifications:prepareLintJarForPublish UP-TO-DATE
[        ] Caching disabled for task ':flutter_local_notifications:prepareLintJarForPublish' because:
[        ]   Build cache is disabled
[        ] Skipping task ':flutter_local_notifications:prepareLintJarForPublish' as it is up-to-date.
[        ] work action resolve lint.jar (project :flutter_local_notifications) (Thread[Execution worker,5,main]) started.
[        ] work action resolve lint.jar (project :flutter_local_notifications) (Thread[Execution worker,5,main]) started.
[        ] Resolve mutations for :flutter_local_notifications:prepareReleaseArtProfile (Thread[Execution worker,5,main]) started.
[        ] :flutter_local_notifications:prepareReleaseArtProfile (Thread[Execution worker,5,main]) started.
[        ] > Task :flutter_local_notifications:prepareReleaseArtProfile UP-TO-DATE
[        ] Caching disabled for task ':flutter_local_notifications:prepareReleaseArtProfile' because:
[        ]   Build cache is disabled
[        ] Skipping task ':flutter_local_notifications:prepareReleaseArtProfile' as it is up-to-date.
[        ] work action resolve baseline-prof.txt (project :flutter_local_notifications) (Thread[Execution worker,5,main]) started.
[        ] Resolve mutations for :flutter_local_notifications:processReleaseJavaRes (Thread[Execution worker,5,main]) started.
[        ] :flutter_local_notifications:processReleaseJavaRes (Thread[Execution worker,5,main]) started.
[        ] > Task :flutter_local_notifications:processReleaseJavaRes NO-SOURCE
[        ] file or directory 'C:\Users\hotel\AppData\Local\Pub\Cache\hosted\pub.dev\flutter_local_notifications-17.2.4\android\src\main\resources', not found
[        ] file or directory 'C:\Users\hotel\AppData\Local\Pub\Cache\hosted\pub.dev\flutter_local_notifications-17.2.4\android\src\release\resources', not found
[        ] Skipping task ':flutter_local_notifications:processReleaseJavaRes' as it has no source files and no previous output files.
[        ] work action resolve out (project :flutter_local_notifications) (Thread[Execution worker,5,main]) started.
[        ] Resolve mutations for :flutter_local_notifications:mergeReleaseJavaResource (Thread[Execution worker,5,main]) started.
[        ] :flutter_local_notifications:mergeReleaseJavaResource (Thread[Execution worker,5,main]) started.
[        ] > Task :flutter_local_notifications:mergeReleaseJavaResource UP-TO-DATE
[        ] Caching disabled for task ':flutter_local_notifications:mergeReleaseJavaResource' because:
[        ]   Build cache is disabled
[        ] Skipping task ':flutter_local_notifications:mergeReleaseJavaResource' as it is up-to-date.
[        ] Resolve mutations for :flutter_local_notifications:syncReleaseLibJars (Thread[Execution worker Thread 5,5,main]) started.
[        ] :flutter_local_notifications:syncReleaseLibJars (Thread[Execution worker Thread 5,5,main]) started.
[        ] > Task :flutter_local_notifications:syncReleaseLibJars UP-TO-DATE
[        ] Caching disabled for task ':flutter_local_notifications:syncReleaseLibJars' because:
[        ]   Build cache is disabled
[        ] Skipping task ':flutter_local_notifications:syncReleaseLibJars' as it is up-to-date.
[        ] Resolve mutations for :flutter_local_notifications:writeReleaseAarMetadata (Thread[Execution worker Thread 5,5,main]) started.
[        ] :flutter_local_notifications:writeReleaseAarMetadata (Thread[Execution worker Thread 5,5,main]) started.
[        ] > Task :flutter_local_notifications:writeReleaseAarMetadata UP-TO-DATE
[        ] Caching disabled for task ':flutter_local_notifications:writeReleaseAarMetadata' because:
[        ]   Build cache is disabled
[        ] Skipping task ':flutter_local_notifications:writeReleaseAarMetadata' as it is up-to-date.
[        ] work action resolve aar-metadata.properties (project :flutter_local_notifications) (Thread[Execution worker Thread 5,5,main]) started.
[        ] Resolve mutations for :flutter_local_notifications:bundleReleaseLocalLintAar (Thread[Execution worker Thread 5,5,main]) started.
[        ] :flutter_local_notifications:bundleReleaseLocalLintAar (Thread[Execution worker Thread 5,5,main]) started.
[        ] > Task :flutter_local_notifications:bundleReleaseLocalLintAar UP-TO-DATE
[        ] Caching disabled for task ':flutter_local_notifications:bundleReleaseLocalLintAar' because:
[        ]   Build cache is disabled
[        ] Skipping task ':flutter_local_notifications:bundleReleaseLocalLintAar' as it is up-to-date.
[        ] work action resolve out.aar (project :flutter_local_notifications) (Thread[Execution worker Thread 5,5,main]) started.
[        ] work action resolve out.aar (project :flutter_local_notifications) (Thread[Execution worker Thread 5,5,main]) started.
[        ] ExtractAarTransform (Thread[Execution worker,5,main]) started.
[        ] ExtractAarTransform (Thread[Execution worker Thread 2,5,main]) started.
[        ] Resolve mutations for :path_provider_android:preBuild (Thread[Execution worker Thread 5,5,main]) started.
[        ] :path_provider_android:preBuild (Thread[Execution worker Thread 5,5,main]) started.
[        ] > Task :path_provider_android:preBuild UP-TO-DATE
[        ] Skipping task ':path_provider_android:preBuild' as it has no actions.
[        ] Resolve mutations for :path_provider_android:preReleaseBuild (Thread[Execution worker Thread 5,5,main]) started.
[        ] :path_provider_android:preReleaseBuild (Thread[Execution worker Thread 5,5,main]) started.
[        ] > Task :path_provider_android:preReleaseBuild UP-TO-DATE
[        ] Skipping task ':path_provider_android:preReleaseBuild' as it has no actions.
[        ] > Transform out.aar (project :flutter_local_notifications) with ExtractAarTransform
[        ] Transforming out.aar (project :flutter_local_notifications) with ExtractAarTransform
[        ] Caching disabled for ExtractAarTransform: C:\Utilisateurs\hotel\Documents\hotel_app\build\flutter_local_notifications\intermediates\local_aar_for_lint\release\out.aar because:
[        ]   Build cache is disabled
[        ] Skipping ExtractAarTransform: C:\Utilisateurs\hotel\Documents\hotel_app\build\flutter_local_notifications\intermediates\local_aar_for_lint\release\out.aar as it is up-to-date.
[        ] Resolve mutations for :path_provider_android:mergeReleaseJniLibFolders (Thread[Execution worker Thread 5,5,main]) started.
[        ] > Transform out.aar (project :flutter_local_notifications) with ExtractAarTransform
[        ] Transforming out.aar (project :flutter_local_notifications) with ExtractAarTransform
[        ] :path_provider_android:mergeReleaseJniLibFolders (Thread[Execution worker Thread 5,5,main]) started.
[        ] > Task :path_provider_android:mergeReleaseJniLibFolders UP-TO-DATE
[        ] Caching disabled for task ':path_provider_android:mergeReleaseJniLibFolders' because:
[   +3 ms]   Build cache is disabled
[        ] Skipping task ':path_provider_android:mergeReleaseJniLibFolders' as it is up-to-date.
[        ] Resolve mutations for :path_provider_android:mergeReleaseNativeLibs (Thread[Execution worker Thread 5,5,main]) started.
[        ] :path_provider_android:mergeReleaseNativeLibs (Thread[Execution worker Thread 5,5,main]) started.
[        ] > Task :path_provider_android:mergeReleaseNativeLibs NO-SOURCE
[        ] Skipping task ':path_provider_android:mergeReleaseNativeLibs' as it has no source files and no previous output files.
[        ] Resolve mutations for :path_provider_android:stripReleaseDebugSymbols (Thread[Execution worker Thread 5,5,main]) started.
[        ] :path_provider_android:stripReleaseDebugSymbols (Thread[Execution worker Thread 5,5,main]) started.
[        ] > Task :path_provider_android:stripReleaseDebugSymbols NO-SOURCE
[        ] Skipping task ':path_provider_android:stripReleaseDebugSymbols' as it has no source files and no previous output files.
[  +12 ms] Resolve mutations for :path_provider_android:copyReleaseJniLibsProjectAndLocalJars (Thread[Execution worker Thread 5,5,main]) started.
[        ] :path_provider_android:copyReleaseJniLibsProjectAndLocalJars (Thread[Execution worker Thread 5,5,main]) started.
[        ] > Task :path_provider_android:copyReleaseJniLibsProjectAndLocalJars UP-TO-DATE
[        ] Caching disabled for task ':path_provider_android:copyReleaseJniLibsProjectAndLocalJars' because:
[        ]   Build cache is disabled
[        ] Skipping task ':path_provider_android:copyReleaseJniLibsProjectAndLocalJars' as it is up-to-date.
[        ] Resolve mutations for :path_provider_android:generateReleaseResValues (Thread[Execution worker Thread 5,5,main]) started.
[        ] :path_provider_android:generateReleaseResValues (Thread[Execution worker Thread 5,5,main]) started.
[        ] > Task :path_provider_android:generateReleaseResValues UP-TO-DATE
[        ] Caching disabled for task ':path_provider_android:generateReleaseResValues' because:
[        ]   Build cache is disabled
[        ] Skipping task ':path_provider_android:generateReleaseResValues' as it is up-to-date.
[   +4 ms] Resolve mutations for :path_provider_android:extractDeepLinksForAarRelease (Thread[Execution worker Thread 5,5,main]) started.
[        ] :path_provider_android:extractDeepLinksForAarRelease (Thread[Execution worker Thread 5,5,main]) started.
[        ] > Task :path_provider_android:extractDeepLinksForAarRelease UP-TO-DATE
[        ] Caching disabled for task ':path_provider_android:extractDeepLinksForAarRelease' because:
[        ]   Build cache is disabled
[        ] Skipping task ':path_provider_android:extractDeepLinksForAarRelease' as it is up-to-date.
[        ] Resolve mutations for :path_provider_android:generateReleaseResources (Thread[Execution worker Thread 5,5,main]) started.
[        ] :path_provider_android:generateReleaseResources (Thread[Execution worker Thread 5,5,main]) started.
[        ] > Task :path_provider_android:generateReleaseResources UP-TO-DATE
[        ] Skipping task ':path_provider_android:generateReleaseResources' as it has no actions.
[   +1 ms] Resolve mutations for :path_provider_android:packageReleaseResources (Thread[Execution worker Thread 5,5,main]) started.
[        ] :path_provider_android:packageReleaseResources (Thread[Execution worker Thread 5,5,main]) started.
[        ] > Task :path_provider_android:packageReleaseResources UP-TO-DATE
[        ] Caching disabled for task ':path_provider_android:packageReleaseResources' because:
[        ]   Build cache is disabled
[   +1 ms] Skipping task ':path_provider_android:packageReleaseResources' as it is up-to-date.
[        ] work action resolve release (project :path_provider_android) (Thread[Execution worker Thread 5,5,main]) started.
[        ] Resolve mutations for :path_provider_android:parseReleaseLocalResources (Thread[Execution worker Thread 5,5,main]) started.
[   +6 ms] :path_provider_android:parseReleaseLocalResources (Thread[Execution worker Thread 5,5,main]) started.
[        ] > Task :path_provider_android:parseReleaseLocalResources UP-TO-DATE
[        ] Transforming android.jar with PlatformAttrTransform
[        ] Transforming android.jar with PlatformAttrTransform
[        ] Caching disabled for task ':path_provider_android:parseReleaseLocalResources' because:
[        ]   Build cache is disabled
[        ] Skipping task ':path_provider_android:parseReleaseLocalResources' as it is up-to-date.
[        ] Resolve mutations for :path_provider_android:processReleaseManifest (Thread[Execution worker Thread 5,5,main]) started.
[        ] :path_provider_android:processReleaseManifest (Thread[Execution worker Thread 5,5,main]) started.
[        ] > Task :path_provider_android:processReleaseManifest UP-TO-DATE
[        ] Caching disabled for task ':path_provider_android:processReleaseManifest' because:
[        ]   Build cache is disabled
[        ] Skipping task ':path_provider_android:processReleaseManifest' as it is up-to-date.
[        ] work action resolve AndroidManifest.xml (project :path_provider_android) (Thread[Execution worker Thread 5,5,main]) started.
[        ] work action resolve AndroidManifest.xml (project :path_provider_android) (Thread[Execution worker,5,main]) started.
[        ] Resolve mutations for :path_provider_android:generateReleaseRFile (Thread[Execution worker,5,main]) started.
[        ] :path_provider_android:generateReleaseRFile (Thread[Execution worker,5,main]) started.
[  +59 ms] > Task :path_provider_android:generateReleaseRFile UP-TO-DATE
[        ] Transforming android.jar with PlatformAttrTransform
[        ] Caching disabled for task ':path_provider_android:generateReleaseRFile' because:
[        ]   Build cache is disabled
[        ] Skipping task ':path_provider_android:generateReleaseRFile' as it is up-to-date.
[        ] work action resolve package-aware-r.txt (project :path_provider_android) (Thread[Execution worker Thread 2,5,main]) started.
[        ] Resolve mutations for :path_provider_android:extractReleaseAnnotations (Thread[Execution worker Thread 2,5,main]) started.
[        ] :path_provider_android:extractReleaseAnnotations (Thread[Execution worker Thread 2,5,main]) started.
[  +85 ms] > Task :path_provider_android:extractReleaseAnnotations UP-TO-DATE
[        ] Transforming flutter_embedding_release-1.0.0-235db911ba279722f5e685f38b0ed30fa7e8570a.jar (io.flutter:flutter_embedding_release:1.0.0-235db911ba279722f5e685f38b0ed30fa7e8570a) with JetifyTransform
[        ] Transforming flutter_embedding_release-1.0.0-235db911ba279722f5e685f38b0ed30fa7e8570a.jar (io.flutter:flutter_embedding_release:1.0.0-235db911ba279722f5e685f38b0ed30fa7e8570a) with IdentityTransform
[        ] Transforming lifecycle-common-java8-2.2.0.jar (androidx.lifecycle:lifecycle-common-java8:2.2.0) with JetifyTransform
[        ] Transforming lifecycle-common-java8-2.2.0.jar (androidx.lifecycle:lifecycle-common-java8:2.2.0) with IdentityTransform
[        ] Transforming fragment-1.1.0.aar (androidx.fragment:fragment:1.1.0) with JetifyTransform
[        ] Transforming fragment-1.1.0.aar (androidx.fragment:fragment:1.1.0) with AarToClassTransform
[        ] Transforming viewpager-1.0.0.aar (androidx.viewpager:viewpager:1.0.0) with JetifyTransform
[        ] Transforming viewpager-1.0.0.aar (androidx.viewpager:viewpager:1.0.0) with AarToClassTransform
[        ] Transforming loader-1.0.0.aar (androidx.loader:loader:1.0.0) with JetifyTransform
[        ] Transforming loader-1.0.0.aar (androidx.loader:loader:1.0.0) with AarToClassTransform
[        ] Transforming activity-1.0.0.aar (androidx.activity:activity:1.0.0) with JetifyTransform
[        ] Transforming activity-1.0.0.aar (androidx.activity:activity:1.0.0) with AarToClassTransform
[   +4 ms] Transforming customview-1.0.0.aar (androidx.customview:customview:1.0.0) with JetifyTransform
[        ] Transforming customview-1.0.0.aar (androidx.customview:customview:1.0.0) with AarToClassTransform
[        ] Transforming core-1.6.0.aar (androidx.core:core:1.6.0) with JetifyTransform
[        ] Transforming core-1.6.0.aar (androidx.core:core:1.6.0) with AarToClassTransform
[        ] Transforming core-1.6.0.aar (androidx.core:core:1.6.0) with JetifyTransform
[        ] Transforming core-1.6.0.aar (androidx.core:core:1.6.0) with AarToClassTransform
[        ] Transforming lifecycle-runtime-2.2.0.aar (androidx.lifecycle:lifecycle-runtime:2.2.0) with JetifyTransform
[        ] Transforming lifecycle-runtime-2.2.0.aar (androidx.lifecycle:lifecycle-runtime:2.2.0) with AarToClassTransform
[        ] Transforming lifecycle-runtime-2.2.0.aar (androidx.lifecycle:lifecycle-runtime:2.2.0) with JetifyTransform
[        ] Transforming lifecycle-runtime-2.2.0.aar (androidx.lifecycle:lifecycle-runtime:2.2.0) with AarToClassTransform
[        ] Transforming savedstate-1.0.0.aar (androidx.savedstate:savedstate:1.0.0) with JetifyTransform
[        ] Transforming savedstate-1.0.0.aar (androidx.savedstate:savedstate:1.0.0) with AarToClassTransform
[        ] Transforming lifecycle-livedata-2.0.0.aar (androidx.lifecycle:lifecycle-livedata:2.0.0) with JetifyTransform
[        ] Transforming lifecycle-livedata-2.0.0.aar (androidx.lifecycle:lifecycle-livedata:2.0.0) with AarToClassTransform
[        ] Transforming lifecycle-livedata-core-2.0.0.aar (androidx.lifecycle:lifecycle-livedata-core:2.0.0) with JetifyTransform
[        ] Transforming lifecycle-livedata-core-2.0.0.aar (androidx.lifecycle:lifecycle-livedata-core:2.0.0) with AarToClassTransform
[        ] Transforming lifecycle-common-2.2.0.jar (androidx.lifecycle:lifecycle-common:2.2.0) with JetifyTransform
[        ] Transforming lifecycle-common-2.2.0.jar (androidx.lifecycle:lifecycle-common:2.2.0) with IdentityTransform
[        ] Transforming core-runtime-2.0.0.aar (androidx.arch.core:core-runtime:2.0.0) with JetifyTransform
[        ] Transforming core-runtime-2.0.0.aar (androidx.arch.core:core-runtime:2.0.0) with AarToClassTransform
[        ] Transforming core-common-2.1.0.jar (androidx.arch.core:core-common:2.1.0) with JetifyTransform
[   +1 ms] Transforming core-common-2.1.0.jar (androidx.arch.core:core-common:2.1.0) with IdentityTransform
[        ] Transforming versionedparcelable-1.1.1.aar (androidx.versionedparcelable:versionedparcelable:1.1.1) with JetifyTransform
[        ] Transforming versionedparcelable-1.1.1.aar (androidx.versionedparcelable:versionedparcelable:1.1.1) with AarToClassTransform
[        ] Transforming collection-1.1.0.jar (androidx.collection:collection:1.1.0) with JetifyTransform
[        ] Transforming collection-1.1.0.jar (androidx.collection:collection:1.1.0) with IdentityTransform
[        ] Transforming lifecycle-viewmodel-2.1.0.aar (androidx.lifecycle:lifecycle-viewmodel:2.1.0) with JetifyTransform
[        ] Transforming lifecycle-viewmodel-2.1.0.aar (androidx.lifecycle:lifecycle-viewmodel:2.1.0) with AarToClassTransform
[        ] Transforming window-java-1.0.0-beta04.aar (androidx.window:window-java:1.0.0-beta04) with JetifyTransform
[        ] Transforming window-java-1.0.0-beta04.aar (androidx.window:window-java:1.0.0-beta04) with AarToClassTransform
[        ] Transforming window-1.0.0-beta04.aar (androidx.window:window:1.0.0-beta04) with JetifyTransform
[        ] Transforming window-1.0.0-beta04.aar (androidx.window:window:1.0.0-beta04) with AarToClassTransform
[        ] Transforming kotlinx-coroutines-android-1.5.2.jar (org.jetbrains.kotlinx:kotlinx-coroutines-android:1.5.2) with JetifyTransform
[        ] Transforming kotlinx-coroutines-android-1.5.2.jar (org.jetbrains.kotlinx:kotlinx-coroutines-android:1.5.2) with IdentityTransform
[        ] Transforming kotlinx-coroutines-core-jvm-1.5.2.jar (org.jetbrains.kotlinx:kotlinx-coroutines-core-jvm:1.5.2) with JetifyTransform
[        ] Transforming kotlinx-coroutines-core-jvm-1.5.2.jar (org.jetbrains.kotlinx:kotlinx-coroutines-core-jvm:1.5.2) with IdentityTransform
[        ] Transforming kotlin-stdlib-jdk8-1.5.30.jar (org.jetbrains.kotlin:kotlin-stdlib-jdk8:1.5.30) with JetifyTransform
[        ] Transforming kotlin-stdlib-jdk8-1.5.30.jar (org.jetbrains.kotlin:kotlin-stdlib-jdk8:1.5.30) with IdentityTransform
[        ] Transforming kotlin-stdlib-jdk7-1.5.30.jar (org.jetbrains.kotlin:kotlin-stdlib-jdk7:1.5.30) with JetifyTransform
[        ] Transforming kotlin-stdlib-jdk7-1.5.30.jar (org.jetbrains.kotlin:kotlin-stdlib-jdk7:1.5.30) with IdentityTransform
[        ] Transforming annotations-13.0.jar (org.jetbrains:annotations:13.0) with JetifyTransform
[        ] Transforming annotations-13.0.jar (org.jetbrains:annotations:13.0) with IdentityTransform
[        ] Transforming annotation-experimental-1.1.0.aar (androidx.annotation:annotation-experimental:1.1.0) with JetifyTransform
[        ] Transforming annotation-experimental-1.1.0.aar (androidx.annotation:annotation-experimental:1.1.0) with AarToClassTransform
[   +1 ms] Transforming tracing-1.0.0.aar (androidx.tracing:tracing:1.0.0) with JetifyTransform
[        ] Transforming tracing-1.0.0.aar (androidx.tracing:tracing:1.0.0) with AarToClassTransform
[        ] Transforming annotation-jvm-1.8.2.jar (androidx.annotation:annotation-jvm:1.8.2) with JetifyTransform
[        ] Transforming annotation-jvm-1.8.2.jar (androidx.annotation:annotation-jvm:1.8.2) with IdentityTransform
[        ] Transforming kotlin-stdlib-1.7.10.jar (org.jetbrains.kotlin:kotlin-stdlib:1.7.10) with JetifyTransform
[        ] Transforming kotlin-stdlib-1.7.10.jar (org.jetbrains.kotlin:kotlin-stdlib:1.7.10) with IdentityTransform
[   +8 ms] Transforming kotlin-stdlib-common-1.7.10.jar (org.jetbrains.kotlin:kotlin-stdlib-common:1.7.10) with JetifyTransform
[   +8 ms] Transforming kotlin-stdlib-common-1.7.10.jar (org.jetbrains.kotlin:kotlin-stdlib-common:1.7.10) with IdentityTransform
[        ] Caching disabled for task ':path_provider_android:extractReleaseAnnotations' because:
[        ]   Build cache is disabled
[        ] Skipping task ':path_provider_android:extractReleaseAnnotations' as it is up-to-date.
[        ] Resolve mutations for :path_provider_android:javaPreCompileRelease (Thread[Execution worker Thread 2,5,main]) started.
[        ] :path_provider_android:javaPreCompileRelease (Thread[Execution worker Thread 2,5,main]) started.
[        ] > Task :path_provider_android:javaPreCompileRelease UP-TO-DATE
[        ] Caching disabled for task ':path_provider_android:javaPreCompileRelease' because:
[        ]   Build cache is disabled
[        ] Skipping task ':path_provider_android:javaPreCompileRelease' as it is up-to-date.
[        ] Resolve mutations for :path_provider_android:compileReleaseJavaWithJavac (Thread[Execution worker Thread 2,5,main]) started.
[   +1 ms] :path_provider_android:compileReleaseJavaWithJavac (Thread[Execution worker Thread 2,5,main]) started.
[        ] > Task :path_provider_android:compileReleaseJavaWithJavac UP-TO-DATE
[        ] Caching disabled for task ':path_provider_android:compileReleaseJavaWithJavac' because:
[        ]   Build cache is disabled
[        ] Skipping task ':path_provider_android:compileReleaseJavaWithJavac' as it is up-to-date.
[        ] No compile result for :path_provider_android:compileReleaseJavaWithJavac
[        ] Resolve mutations for :path_provider_android:mergeReleaseGeneratedProguardFiles (Thread[Execution worker Thread 2,5,main]) started.
[        ] :path_provider_android:mergeReleaseGeneratedProguardFiles (Thread[Execution worker Thread 2,5,main]) started.
[        ] > Task :path_provider_android:mergeReleaseGeneratedProguardFiles UP-TO-DATE
[        ] Caching disabled for task ':path_provider_android:mergeReleaseGeneratedProguardFiles' because:
[        ]   Build cache is disabled
[        ] Skipping task ':path_provider_android:mergeReleaseGeneratedProguardFiles' as it is up-to-date.
[        ] Resolve mutations for :path_provider_android:mergeReleaseConsumerProguardFiles (Thread[Execution worker Thread 2,5,main]) started.
[   +4 ms] :path_provider_android:mergeReleaseConsumerProguardFiles (Thread[Execution worker Thread 2,5,main]) started.
[        ] > Task :path_provider_android:mergeReleaseConsumerProguardFiles UP-TO-DATE
[        ] Caching disabled for task ':path_provider_android:mergeReleaseConsumerProguardFiles' because:
[        ]   Build cache is disabled
[        ] Skipping task ':path_provider_android:mergeReleaseConsumerProguardFiles' as it is up-to-date.
[        ] Resolve mutations for :path_provider_android:mergeReleaseShaders (Thread[Execution worker Thread 2,5,main]) started.
[        ] :path_provider_android:mergeReleaseShaders (Thread[Execution worker Thread 2,5,main]) started.
[        ] > Task :path_provider_android:mergeReleaseShaders UP-TO-DATE
[        ] Caching disabled for task ':path_provider_android:mergeReleaseShaders' because:
[        ]   Build cache is disabled
[   +1 ms] Skipping task ':path_provider_android:mergeReleaseShaders' as it is up-to-date.
[        ] Resolve mutations for :path_provider_android:compileReleaseShaders (Thread[included builds,5,main]) started.
[        ] :path_provider_android:compileReleaseShaders (Thread[included builds,5,main]) started.
[        ] > Task :path_provider_android:compileReleaseShaders NO-SOURCE
[        ] Skipping task ':path_provider_android:compileReleaseShaders' as it has no source files and no previous output files.
[        ] Resolve mutations for :path_provider_android:generateReleaseAssets (Thread[included builds,5,main]) started.
[        ] :path_provider_android:generateReleaseAssets (Thread[included builds,5,main]) started.
[        ] > Task :path_provider_android:generateReleaseAssets UP-TO-DATE
[        ] Skipping task ':path_provider_android:generateReleaseAssets' as it has no actions.
[        ] Resolve mutations for :path_provider_android:packageReleaseAssets (Thread[included builds,5,main]) started.
[        ] :path_provider_android:packageReleaseAssets (Thread[included builds,5,main]) started.
[        ] > Task :path_provider_android:packageReleaseAssets UP-TO-DATE
[        ] Caching disabled for task ':path_provider_android:packageReleaseAssets' because:
[        ]   Build cache is disabled
[        ] Skipping task ':path_provider_android:packageReleaseAssets' as it is up-to-date.
[        ] work action resolve out (project :path_provider_android) (Thread[included builds,5,main]) started.
[        ] Resolve mutations for :path_provider_android:prepareLintJarForPublish (Thread[included builds,5,main]) started.
[        ] :path_provider_android:prepareLintJarForPublish (Thread[included builds,5,main]) started.
[        ] > Task :path_provider_android:prepareLintJarForPublish UP-TO-DATE
[        ] Caching disabled for task ':path_provider_android:prepareLintJarForPublish' because:
[        ]   Build cache is disabled
[        ] Skipping task ':path_provider_android:prepareLintJarForPublish' as it is up-to-date.
[        ] work action resolve lint.jar (project :path_provider_android) (Thread[included builds,5,main]) started.
[        ] work action resolve lint.jar (project :path_provider_android) (Thread[included builds,5,main]) started.
[        ] Resolve mutations for :path_provider_android:prepareReleaseArtProfile (Thread[included builds,5,main]) started.
[        ] :path_provider_android:prepareReleaseArtProfile (Thread[included builds,5,main]) started.
[        ] > Task :path_provider_android:prepareReleaseArtProfile UP-TO-DATE
[        ] Caching disabled for task ':path_provider_android:prepareReleaseArtProfile' because:
[        ]   Build cache is disabled
[        ] Skipping task ':path_provider_android:prepareReleaseArtProfile' as it is up-to-date.
[        ] work action resolve baseline-prof.txt (project :path_provider_android) (Thread[included builds,5,main]) started.
[        ] Resolve mutations for :path_provider_android:processReleaseJavaRes (Thread[included builds,5,main]) started.
[        ] :path_provider_android:processReleaseJavaRes (Thread[included builds,5,main]) started.
[        ] > Task :path_provider_android:processReleaseJavaRes NO-SOURCE
[        ] file or directory 'C:\Users\hotel\AppData\Local\Pub\Cache\hosted\pub.dev\path_provider_android-2.2.10\android\src\main\resources', not found
[        ] file or directory 'C:\Users\hotel\AppData\Local\Pub\Cache\hosted\pub.dev\path_provider_android-2.2.10\android\src\release\resources', not found
[        ] Skipping task ':path_provider_android:processReleaseJavaRes' as it has no source files and no previous output files.
[        ] work action resolve out (project :path_provider_android) (Thread[included builds,5,main]) started.
[        ] Resolve mutations for :path_provider_android:mergeReleaseJavaResource (Thread[included builds,5,main]) started.
[        ] :path_provider_android:mergeReleaseJavaResource (Thread[included builds,5,main]) started.
[        ] > Task :path_provider_android:mergeReleaseJavaResource UP-TO-DATE
[        ] Caching disabled for task ':path_provider_android:mergeReleaseJavaResource' because:
[   +1 ms]   Build cache is disabled
[        ] Skipping task ':path_provider_android:mergeReleaseJavaResource' as it is up-to-date.
[        ] Resolve mutations for :path_provider_android:syncReleaseLibJars (Thread[included builds,5,main]) started.
[        ] :path_provider_android:syncReleaseLibJars (Thread[included builds,5,main]) started.
[        ] > Task :path_provider_android:syncReleaseLibJars UP-TO-DATE
[        ] Caching disabled for task ':path_provider_android:syncReleaseLibJars' because:
[        ]   Build cache is disabled
[        ] Skipping task ':path_provider_android:syncReleaseLibJars' as it is up-to-date.
[        ] Resolve mutations for :path_provider_android:writeReleaseAarMetadata (Thread[included builds,5,main]) started.
[        ] :path_provider_android:writeReleaseAarMetadata (Thread[included builds,5,main]) started.
[        ] > Task :path_provider_android:writeReleaseAarMetadata UP-TO-DATE
[        ] Caching disabled for task ':path_provider_android:writeReleaseAarMetadata' because:
[        ]   Build cache is disabled
[        ] Skipping task ':path_provider_android:writeReleaseAarMetadata' as it is up-to-date.
[        ] work action resolve aar-metadata.properties (project :path_provider_android) (Thread[included builds,5,main]) started.
[        ] Resolve mutations for :path_provider_android:bundleReleaseLocalLintAar (Thread[included builds,5,main]) started.
[        ] :path_provider_android:bundleReleaseLocalLintAar (Thread[included builds,5,main]) started.
[        ] > Task :path_provider_android:bundleReleaseLocalLintAar UP-TO-DATE
[        ] Caching disabled for task ':path_provider_android:bundleReleaseLocalLintAar' because:
[        ]   Build cache is disabled
[        ] Skipping task ':path_provider_android:bundleReleaseLocalLintAar' as it is up-to-date.
[        ] work action resolve out.aar (project :path_provider_android) (Thread[included builds,5,main]) started.
[        ] work action resolve out.aar (project :path_provider_android) (Thread[Execution worker Thread 7,5,main]) started.
[        ] ExtractAarTransform (Thread[included builds,5,main]) started.
[        ] ExtractAarTransform (Thread[Execution worker Thread 2,5,main]) started.
[        ] Resolve mutations for :printing:preBuild (Thread[Execution worker Thread 7,5,main]) started.
[   +1 ms] :printing:preBuild (Thread[Execution worker Thread 7,5,main]) started.
[        ] > Task :printing:preBuild UP-TO-DATE
[        ] Skipping task ':printing:preBuild' as it has no actions.
[        ] Resolve mutations for :printing:preReleaseBuild (Thread[Execution worker Thread 7,5,main]) started.
[        ] :printing:preReleaseBuild (Thread[Execution worker Thread 7,5,main]) started.
[        ] > Task :printing:preReleaseBuild UP-TO-DATE
[        ] Skipping task ':printing:preReleaseBuild' as it has no actions.
[        ] Resolve mutations for :printing:mergeReleaseJniLibFolders (Thread[Execution worker Thread 7,5,main]) started.
[        ] :printing:mergeReleaseJniLibFolders (Thread[Execution worker Thread 7,5,main]) started.
[        ] > Transform out.aar (project :path_provider_android) with ExtractAarTransform
[        ] Transforming out.aar (project :path_provider_android) with ExtractAarTransform
[        ] Caching disabled for ExtractAarTransform: C:\Utilisateurs\hotel\Documents\hotel_app\build\path_provider_android\intermediates\local_aar_for_lint\release\out.aar because:
[        ]   Build cache is disabled
[        ] Skipping ExtractAarTransform: C:\Utilisateurs\hotel\Documents\hotel_app\build\path_provider_android\intermediates\local_aar_for_lint\release\out.aar as it is up-to-date.
[        ] > Transform out.aar (project :path_provider_android) with ExtractAarTransform
[        ] Transforming out.aar (project :path_provider_android) with ExtractAarTransform
[        ] > Task :printing:mergeReleaseJniLibFolders UP-TO-DATE
[        ] Caching disabled for task ':printing:mergeReleaseJniLibFolders' because:
[        ]   Build cache is disabled
[        ] Skipping task ':printing:mergeReleaseJniLibFolders' as it is up-to-date.
[        ] Resolve mutations for :printing:mergeReleaseNativeLibs (Thread[Execution worker Thread 7,5,main]) started.
[        ] :printing:mergeReleaseNativeLibs (Thread[Execution worker Thread 7,5,main]) started.
[        ] > Task :printing:mergeReleaseNativeLibs NO-SOURCE
[        ] Skipping task ':printing:mergeReleaseNativeLibs' as it has no source files and no previous output files.
[        ] Resolve mutations for :printing:stripReleaseDebugSymbols (Thread[Execution worker Thread 7,5,main]) started.
[        ] :printing:stripReleaseDebugSymbols (Thread[included builds,5,main]) started.
[        ] > Task :printing:stripReleaseDebugSymbols NO-SOURCE
[        ] Skipping task ':printing:stripReleaseDebugSymbols' as it has no source files and no previous output files.
[        ] Resolve mutations for :printing:copyReleaseJniLibsProjectAndLocalJars (Thread[included builds,5,main]) started.
[        ] :printing:copyReleaseJniLibsProjectAndLocalJars (Thread[included builds,5,main]) started.
[        ] > Task :printing:copyReleaseJniLibsProjectAndLocalJars UP-TO-DATE
[        ] Caching disabled for task ':printing:copyReleaseJniLibsProjectAndLocalJars' because:
[        ]   Build cache is disabled
[        ] Skipping task ':printing:copyReleaseJniLibsProjectAndLocalJars' as it is up-to-date.
[        ] Resolve mutations for :printing:generateReleaseResValues (Thread[included builds,5,main]) started.
[        ] :printing:generateReleaseResValues (Thread[included builds,5,main]) started.
[        ] > Task :printing:generateReleaseResValues UP-TO-DATE
[        ] Caching disabled for task ':printing:generateReleaseResValues' because:
[        ]   Build cache is disabled
[        ] Skipping task ':printing:generateReleaseResValues' as it is up-to-date.
[        ] Resolve mutations for :printing:extractDeepLinksForAarRelease (Thread[included builds,5,main]) started.
[        ] :printing:extractDeepLinksForAarRelease (Thread[included builds,5,main]) started.
[        ] > Task :printing:extractDeepLinksForAarRelease UP-TO-DATE
[        ] Caching disabled for task ':printing:extractDeepLinksForAarRelease' because:
[        ]   Build cache is disabled
[        ] Skipping task ':printing:extractDeepLinksForAarRelease' as it is up-to-date.
[        ] Resolve mutations for :printing:generateReleaseResources (Thread[included builds,5,main]) started.
[        ] :printing:generateReleaseResources (Thread[included builds,5,main]) started.
[        ] > Task :printing:generateReleaseResources UP-TO-DATE
[        ] Skipping task ':printing:generateReleaseResources' as it has no actions.
[        ] Resolve mutations for :printing:packageReleaseResources (Thread[included builds,5,main]) started.
[        ] :printing:packageReleaseResources (Thread[included builds,5,main]) started.
[        ] > Task :printing:packageReleaseResources UP-TO-DATE
[        ] Caching disabled for task ':printing:packageReleaseResources' because:
[        ]   Build cache is disabled
[        ] Skipping task ':printing:packageReleaseResources' as it is up-to-date.
[        ] work action resolve release (project :printing) (Thread[included builds,5,main]) started.
[        ] Resolve mutations for :printing:parseReleaseLocalResources (Thread[included builds,5,main]) started.
[        ] :printing:parseReleaseLocalResources (Thread[included builds,5,main]) started.
[        ] > Task :printing:parseReleaseLocalResources UP-TO-DATE
[        ] Transforming android.jar with PlatformAttrTransform
[        ] Transforming android.jar with PlatformAttrTransform
[        ] Caching disabled for task ':printing:parseReleaseLocalResources' because:
[        ]   Build cache is disabled
[        ] Skipping task ':printing:parseReleaseLocalResources' as it is up-to-date.
[        ] Resolve mutations for :printing:processReleaseManifest (Thread[included builds,5,main]) started.
[        ] :printing:processReleaseManifest (Thread[included builds,5,main]) started.
[  +25 ms] > Task :printing:processReleaseManifest UP-TO-DATE
[        ] Caching disabled for task ':printing:processReleaseManifest' because:
[        ]   Build cache is disabled
[        ] Skipping task ':printing:processReleaseManifest' as it is up-to-date.
[        ] work action resolve AndroidManifest.xml (project :printing) (Thread[Execution worker Thread 6,5,main]) started.
[        ] work action resolve AndroidManifest.xml (project :printing) (Thread[Execution worker Thread 6,5,main]) started.
[        ] Resolve mutations for :printing:generateReleaseRFile (Thread[Execution worker Thread 6,5,main]) started.
[        ] :printing:generateReleaseRFile (Thread[Execution worker Thread 6,5,main]) started.
[   +1 ms] > Task :printing:generateReleaseRFile UP-TO-DATE
[        ] Transforming android.jar with PlatformAttrTransform
[        ] Caching disabled for task ':printing:generateReleaseRFile' because:
[        ]   Build cache is disabled
[        ] Skipping task ':printing:generateReleaseRFile' as it is up-to-date.
[        ] work action resolve package-aware-r.txt (project :printing) (Thread[Execution worker Thread 6,5,main]) started.
[        ] Resolve mutations for :printing:extractReleaseAnnotations (Thread[Execution worker Thread 6,5,main]) started.
[        ] :printing:extractReleaseAnnotations (Thread[Execution worker Thread 6,5,main]) started.
[   +5 ms] > Task :printing:extractReleaseAnnotations UP-TO-DATE
[        ] Transforming flutter_embedding_release-1.0.0-235db911ba279722f5e685f38b0ed30fa7e8570a.jar (io.flutter:flutter_embedding_release:1.0.0-235db911ba279722f5e685f38b0ed30fa7e8570a) with JetifyTransform
[        ] Transforming flutter_embedding_release-1.0.0-235db911ba279722f5e685f38b0ed30fa7e8570a.jar (io.flutter:flutter_embedding_release:1.0.0-235db911ba279722f5e685f38b0ed30fa7e8570a) with IdentityTransform
[        ] Transforming lifecycle-common-java8-2.2.0.jar (androidx.lifecycle:lifecycle-common-java8:2.2.0) with JetifyTransform
[        ] Transforming lifecycle-common-java8-2.2.0.jar (androidx.lifecycle:lifecycle-common-java8:2.2.0) with IdentityTransform
[        ] Transforming fragment-1.1.0.aar (androidx.fragment:fragment:1.1.0) with JetifyTransform
[        ] Transforming fragment-1.1.0.aar (androidx.fragment:fragment:1.1.0) with AarToClassTransform
[        ] Transforming viewpager-1.0.0.aar (androidx.viewpager:viewpager:1.0.0) with JetifyTransform
[        ] Transforming viewpager-1.0.0.aar (androidx.viewpager:viewpager:1.0.0) with AarToClassTransform
[        ] Transforming loader-1.0.0.aar (androidx.loader:loader:1.0.0) with JetifyTransform
[        ] Transforming loader-1.0.0.aar (androidx.loader:loader:1.0.0) with AarToClassTransform
[        ] Transforming activity-1.0.0.aar (androidx.activity:activity:1.0.0) with JetifyTransform
[        ] Transforming activity-1.0.0.aar (androidx.activity:activity:1.0.0) with AarToClassTransform
[        ] Transforming customview-1.0.0.aar (androidx.customview:customview:1.0.0) with JetifyTransform
[        ] Transforming customview-1.0.0.aar (androidx.customview:customview:1.0.0) with AarToClassTransform
[        ] Transforming core-1.6.0.aar (androidx.core:core:1.6.0) with JetifyTransform
[        ] Transforming core-1.6.0.aar (androidx.core:core:1.6.0) with AarToClassTransform
[        ] Transforming core-1.6.0.aar (androidx.core:core:1.6.0) with JetifyTransform
[        ] Transforming core-1.6.0.aar (androidx.core:core:1.6.0) with AarToClassTransform
[        ] Transforming lifecycle-runtime-2.2.0.aar (androidx.lifecycle:lifecycle-runtime:2.2.0) with JetifyTransform
[        ] Transforming lifecycle-runtime-2.2.0.aar (androidx.lifecycle:lifecycle-runtime:2.2.0) with AarToClassTransform
[        ] Transforming lifecycle-runtime-2.2.0.aar (androidx.lifecycle:lifecycle-runtime:2.2.0) with JetifyTransform
[        ] Transforming lifecycle-runtime-2.2.0.aar (androidx.lifecycle:lifecycle-runtime:2.2.0) with AarToClassTransform
[        ] Transforming savedstate-1.0.0.aar (androidx.savedstate:savedstate:1.0.0) with JetifyTransform
[        ] Transforming savedstate-1.0.0.aar (androidx.savedstate:savedstate:1.0.0) with AarToClassTransform
[   +3 ms] Transforming lifecycle-livedata-2.0.0.aar (androidx.lifecycle:lifecycle-livedata:2.0.0) with JetifyTransform
[        ] Transforming lifecycle-livedata-2.0.0.aar (androidx.lifecycle:lifecycle-livedata:2.0.0) with AarToClassTransform
[        ] Transforming lifecycle-livedata-core-2.0.0.aar (androidx.lifecycle:lifecycle-livedata-core:2.0.0) with JetifyTransform
[        ] Transforming lifecycle-livedata-core-2.0.0.aar (androidx.lifecycle:lifecycle-livedata-core:2.0.0) with AarToClassTransform
[        ] Transforming lifecycle-common-2.2.0.jar (androidx.lifecycle:lifecycle-common:2.2.0) with JetifyTransform
[        ] Transforming lifecycle-common-2.2.0.jar (androidx.lifecycle:lifecycle-common:2.2.0) with IdentityTransform
[        ] Transforming core-runtime-2.0.0.aar (androidx.arch.core:core-runtime:2.0.0) with JetifyTransform
[        ] Transforming core-runtime-2.0.0.aar (androidx.arch.core:core-runtime:2.0.0) with AarToClassTransform
[        ] Transforming core-common-2.1.0.jar (androidx.arch.core:core-common:2.1.0) with JetifyTransform
[        ] Transforming core-common-2.1.0.jar (androidx.arch.core:core-common:2.1.0) with IdentityTransform
[        ] Transforming versionedparcelable-1.1.1.aar (androidx.versionedparcelable:versionedparcelable:1.1.1) with JetifyTransform
[        ] Transforming versionedparcelable-1.1.1.aar (androidx.versionedparcelable:versionedparcelable:1.1.1) with AarToClassTransform
[        ] Transforming collection-1.1.0.jar (androidx.collection:collection:1.1.0) with JetifyTransform
[        ] Transforming collection-1.1.0.jar (androidx.collection:collection:1.1.0) with IdentityTransform
[        ] Transforming lifecycle-viewmodel-2.1.0.aar (androidx.lifecycle:lifecycle-viewmodel:2.1.0) with JetifyTransform
[        ] Transforming lifecycle-viewmodel-2.1.0.aar (androidx.lifecycle:lifecycle-viewmodel:2.1.0) with AarToClassTransform
[        ] Transforming annotation-1.2.0.jar (androidx.annotation:annotation:1.2.0) with JetifyTransform
[        ] Transforming annotation-1.2.0.jar (androidx.annotation:annotation:1.2.0) with IdentityTransform
[        ] Transforming annotation-experimental-1.1.0.aar (androidx.annotation:annotation-experimental:1.1.0) with JetifyTransform
[        ] Transforming annotation-experimental-1.1.0.aar (androidx.annotation:annotation-experimental:1.1.0) with AarToClassTransform
[        ] Transforming tracing-1.0.0.aar (androidx.tracing:tracing:1.0.0) with JetifyTransform
[        ] Transforming tracing-1.0.0.aar (androidx.tracing:tracing:1.0.0) with AarToClassTransform
[        ] Transforming window-java-1.0.0-beta04.aar (androidx.window:window-java:1.0.0-beta04) with JetifyTransform
[        ] Transforming window-java-1.0.0-beta04.aar (androidx.window:window-java:1.0.0-beta04) with AarToClassTransform
[        ] Transforming window-1.0.0-beta04.aar (androidx.window:window:1.0.0-beta04) with JetifyTransform
[        ] Transforming window-1.0.0-beta04.aar (androidx.window:window:1.0.0-beta04) with AarToClassTransform
[        ] Transforming kotlinx-coroutines-android-1.5.2.jar (org.jetbrains.kotlinx:kotlinx-coroutines-android:1.5.2) with JetifyTransform
[   +7 ms] Transforming kotlinx-coroutines-android-1.5.2.jar (org.jetbrains.kotlinx:kotlinx-coroutines-android:1.5.2) with IdentityTransform
[        ] Transforming kotlinx-coroutines-core-jvm-1.5.2.jar (org.jetbrains.kotlinx:kotlinx-coroutines-core-jvm:1.5.2) with JetifyTransform
[        ] Transforming kotlinx-coroutines-core-jvm-1.5.2.jar (org.jetbrains.kotlinx:kotlinx-coroutines-core-jvm:1.5.2) with IdentityTransform
[        ] Transforming kotlin-stdlib-jdk8-1.5.30.jar (org.jetbrains.kotlin:kotlin-stdlib-jdk8:1.5.30) with JetifyTransform
[        ] Transforming kotlin-stdlib-jdk8-1.5.30.jar (org.jetbrains.kotlin:kotlin-stdlib-jdk8:1.5.30) with IdentityTransform
[        ] Transforming kotlin-stdlib-jdk7-1.5.30.jar (org.jetbrains.kotlin:kotlin-stdlib-jdk7:1.5.30) with JetifyTransform
[        ] Transforming kotlin-stdlib-jdk7-1.5.30.jar (org.jetbrains.kotlin:kotlin-stdlib-jdk7:1.5.30) with IdentityTransform
[        ] Transforming kotlin-stdlib-1.5.31.jar (org.jetbrains.kotlin:kotlin-stdlib:1.5.31) with JetifyTransform
[        ] Transforming kotlin-stdlib-1.5.31.jar (org.jetbrains.kotlin:kotlin-stdlib:1.5.31) with IdentityTransform
[        ] Transforming annotations-13.0.jar (org.jetbrains:annotations:13.0) with JetifyTransform
[        ] Transforming annotations-13.0.jar (org.jetbrains:annotations:13.0) with IdentityTransform
[        ] Transforming kotlin-stdlib-common-1.5.31.jar (org.jetbrains.kotlin:kotlin-stdlib-common:1.5.31) with JetifyTransform
[        ] Transforming kotlin-stdlib-common-1.5.31.jar (org.jetbrains.kotlin:kotlin-stdlib-common:1.5.31) with IdentityTransform
[        ] Caching disabled for task ':printing:extractReleaseAnnotations' because:
[        ]   Build cache is disabled
[        ] Skipping task ':printing:extractReleaseAnnotations' as it is up-to-date.
[        ] Resolve mutations for :printing:javaPreCompileRelease (Thread[Execution worker Thread 6,5,main]) started.
[        ] :printing:javaPreCompileRelease (Thread[Execution worker Thread 6,5,main]) started.
[        ] > Task :printing:javaPreCompileRelease UP-TO-DATE
[        ] Caching disabled for task ':printing:javaPreCompileRelease' because:
[        ]   Build cache is disabled
[        ] Skipping task ':printing:javaPreCompileRelease' as it is up-to-date.
[        ] Resolve mutations for :printing:compileReleaseJavaWithJavac (Thread[Execution worker Thread 6,5,main]) started.
[        ] :printing:compileReleaseJavaWithJavac (Thread[Execution worker Thread 6,5,main]) started.
[        ] > Task :printing:compileReleaseJavaWithJavac UP-TO-DATE
[        ] Caching disabled for task ':printing:compileReleaseJavaWithJavac' because:
[        ]   Build cache is disabled
[        ] Skipping task ':printing:compileReleaseJavaWithJavac' as it is up-to-date.
[        ] No compile result for :printing:compileReleaseJavaWithJavac
[        ] Resolve mutations for :printing:mergeReleaseGeneratedProguardFiles (Thread[Execution worker Thread 6,5,main]) started.
[        ] :printing:mergeReleaseGeneratedProguardFiles (Thread[Execution worker Thread 6,5,main]) started.
[        ] > Task :printing:mergeReleaseGeneratedProguardFiles UP-TO-DATE
[        ] Caching disabled for task ':printing:mergeReleaseGeneratedProguardFiles' because:
[        ]   Build cache is disabled
[        ] Skipping task ':printing:mergeReleaseGeneratedProguardFiles' as it is up-to-date.
[        ] Resolve mutations for :printing:mergeReleaseConsumerProguardFiles (Thread[Execution worker Thread 6,5,main]) started.
[        ] :printing:mergeReleaseConsumerProguardFiles (Thread[Execution worker Thread 6,5,main]) started.
[        ] > Task :printing:mergeReleaseConsumerProguardFiles UP-TO-DATE
[        ] Caching disabled for task ':printing:mergeReleaseConsumerProguardFiles' because:
[        ]   Build cache is disabled
[        ] Skipping task ':printing:mergeReleaseConsumerProguardFiles' as it is up-to-date.
[        ] Resolve mutations for :printing:mergeReleaseShaders (Thread[Execution worker Thread 6,5,main]) started.
[        ] :printing:mergeReleaseShaders (Thread[Execution worker Thread 6,5,main]) started.
[        ] > Task :printing:mergeReleaseShaders UP-TO-DATE
[        ] Caching disabled for task ':printing:mergeReleaseShaders' because:
[        ]   Build cache is disabled
[        ] Skipping task ':printing:mergeReleaseShaders' as it is up-to-date.
[        ] Resolve mutations for :printing:compileReleaseShaders (Thread[Execution worker Thread 6,5,main]) started.
[        ] :printing:compileReleaseShaders (Thread[Execution worker Thread 6,5,main]) started.
[        ] > Task :printing:compileReleaseShaders NO-SOURCE
[        ] Skipping task ':printing:compileReleaseShaders' as it has no source files and no previous output files.
[        ] Resolve mutations for :printing:generateReleaseAssets (Thread[Execution worker Thread 6,5,main]) started.
[        ] :printing:generateReleaseAssets (Thread[Execution worker Thread 6,5,main]) started.
[        ] > Task :printing:generateReleaseAssets UP-TO-DATE
[        ] Skipping task ':printing:generateReleaseAssets' as it has no actions.
[  +61 ms] Resolve mutations for :printing:packageReleaseAssets (Thread[Execution worker Thread 6,5,main]) started.
[        ] :printing:packageReleaseAssets (Thread[Execution worker Thread 6,5,main]) started.
[        ] > Task :printing:packageReleaseAssets UP-TO-DATE
[        ] Caching disabled for task ':printing:packageReleaseAssets' because:
[        ]   Build cache is disabled
[        ] Skipping task ':printing:packageReleaseAssets' as it is up-to-date.
[        ] work action resolve out (project :printing) (Thread[Execution worker Thread 6,5,main]) started.
[        ] Resolve mutations for :printing:prepareLintJarForPublish (Thread[Execution worker Thread 6,5,main]) started.
[        ] :printing:prepareLintJarForPublish (Thread[Execution worker Thread 6,5,main]) started.
[        ] > Task :printing:prepareLintJarForPublish UP-TO-DATE
[        ] Caching disabled for task ':printing:prepareLintJarForPublish' because:
[        ]   Build cache is disabled
[        ] Skipping task ':printing:prepareLintJarForPublish' as it is up-to-date.
[        ] work action resolve lint.jar (project :printing) (Thread[Execution worker Thread 6,5,main]) started.
[        ] work action resolve lint.jar (project :printing) (Thread[Execution worker Thread 6,5,main]) started.
[        ] Resolve mutations for :printing:prepareReleaseArtProfile (Thread[Execution worker Thread 6,5,main]) started.
[        ] :printing:prepareReleaseArtProfile (Thread[Execution worker Thread 6,5,main]) started.
[        ] > Task :printing:prepareReleaseArtProfile UP-TO-DATE
[        ] Caching disabled for task ':printing:prepareReleaseArtProfile' because:
[        ]   Build cache is disabled
[        ] Skipping task ':printing:prepareReleaseArtProfile' as it is up-to-date.
[        ] work action resolve baseline-prof.txt (project :printing) (Thread[Execution worker Thread 6,5,main]) started.
[        ] Resolve mutations for :printing:processReleaseJavaRes (Thread[Execution worker Thread 6,5,main]) started.
[        ] :printing:processReleaseJavaRes (Thread[Execution worker Thread 6,5,main]) started.
[        ] > Task :printing:processReleaseJavaRes NO-SOURCE
[        ] file or directory 'C:\Users\hotel\AppData\Local\Pub\Cache\hosted\pub.dev\printing-5.14.2\android\src\main\resources', not found
[        ] file or directory 'C:\Users\hotel\AppData\Local\Pub\Cache\hosted\pub.dev\printing-5.14.2\android\src\release\resources', not found
[        ] Skipping task ':printing:processReleaseJavaRes' as it has no source files and no previous output files.
[        ] work action resolve out (project :printing) (Thread[Execution worker Thread 6,5,main]) started.
[        ] Resolve mutations for :printing:mergeReleaseJavaResource (Thread[Execution worker Thread 6,5,main]) started.
[        ] :printing:mergeReleaseJavaResource (Thread[Execution worker Thread 6,5,main]) started.
[        ] > Task :printing:mergeReleaseJavaResource UP-TO-DATE
[        ] Caching disabled for task ':printing:mergeReleaseJavaResource' because:
[        ]   Build cache is disabled
[        ] Skipping task ':printing:mergeReleaseJavaResource' as it is up-to-date.
[        ] Resolve mutations for :printing:syncReleaseLibJars (Thread[Execution worker Thread 6,5,main]) started.
[        ] :printing:syncReleaseLibJars (Thread[Execution worker Thread 6,5,main]) started.
[        ] > Task :printing:syncReleaseLibJars UP-TO-DATE
[        ] Caching disabled for task ':printing:syncReleaseLibJars' because:
[        ]   Build cache is disabled
[        ] Skipping task ':printing:syncReleaseLibJars' as it is up-to-date.
[        ] Resolve mutations for :printing:writeReleaseAarMetadata (Thread[Execution worker Thread 6,5,main]) started.
[        ] :printing:writeReleaseAarMetadata (Thread[Execution worker Thread 6,5,main]) started.
[        ] > Task :printing:writeReleaseAarMetadata UP-TO-DATE
[        ] Caching disabled for task ':printing:writeReleaseAarMetadata' because:
[        ]   Build cache is disabled
[        ] Skipping task ':printing:writeReleaseAarMetadata' as it is up-to-date.
[   +1 ms] work action resolve aar-metadata.properties (project :printing) (Thread[Execution worker Thread 6,5,main]) started.
[        ] Resolve mutations for :printing:bundleReleaseLocalLintAar (Thread[Execution worker Thread 6,5,main]) started.
[        ] :printing:bundleReleaseLocalLintAar (Thread[Execution worker Thread 6,5,main]) started.
[        ] > Task :printing:bundleReleaseLocalLintAar UP-TO-DATE
[        ] Caching disabled for task ':printing:bundleReleaseLocalLintAar' because:
[        ]   Build cache is disabled
[        ] Skipping task ':printing:bundleReleaseLocalLintAar' as it is up-to-date.
[        ] work action resolve out.aar (project :printing) (Thread[Execution worker Thread 6,5,main]) started.
[        ] work action resolve out.aar (project :printing) (Thread[Execution worker Thread 6,5,main]) started.
[        ] ExtractAarTransform (Thread[Execution worker Thread 6,5,main]) started.
[        ] Resolve mutations for :share_plus:preBuild (Thread[included builds,5,main]) started.
[        ] > Transform out.aar (project :printing) with ExtractAarTransform
[        ] Transforming out.aar (project :printing) with ExtractAarTransform
[        ] Caching disabled for ExtractAarTransform: C:\Utilisateurs\hotel\Documents\hotel_app\build\printing\intermediates\local_aar_for_lint\release\out.aar because:
[        ]   Build cache is disabled
[        ] Skipping ExtractAarTransform: C:\Utilisateurs\hotel\Documents\hotel_app\build\printing\intermediates\local_aar_for_lint\release\out.aar as it is up-to-date.
[        ] ExtractAarTransform (Thread[Execution worker Thread 6,5,main]) started.
[        ] > Transform out.aar (project :printing) with ExtractAarTransform
[        ] Transforming out.aar (project :printing) with ExtractAarTransform
[        ] :share_plus:preBuild (Thread[included builds,5,main]) started.
[   +1 ms] > Task :share_plus:preBuild UP-TO-DATE
[        ] Skipping task ':share_plus:preBuild' as it has no actions.
[        ] Resolve mutations for :share_plus:preReleaseBuild (Thread[included builds,5,main]) started.
[        ] :share_plus:preReleaseBuild (Thread[included builds,5,main]) started.
[        ] > Task :share_plus:preReleaseBuild UP-TO-DATE
[        ] Skipping task ':share_plus:preReleaseBuild' as it has no actions.
[        ] Resolve mutations for :share_plus:mergeReleaseJniLibFolders (Thread[included builds,5,main]) started.
[        ] :share_plus:mergeReleaseJniLibFolders (Thread[included builds,5,main]) started.
[        ] > Task :share_plus:mergeReleaseJniLibFolders UP-TO-DATE
[        ] Caching disabled for task ':share_plus:mergeReleaseJniLibFolders' because:
[        ]   Build cache is disabled
[        ] Skipping task ':share_plus:mergeReleaseJniLibFolders' as it is up-to-date.
[        ] Resolve mutations for :share_plus:mergeReleaseNativeLibs (Thread[included builds,5,main]) started.
[        ] :share_plus:mergeReleaseNativeLibs (Thread[included builds,5,main]) started.
[        ] > Task :share_plus:mergeReleaseNativeLibs NO-SOURCE
[        ] Skipping task ':share_plus:mergeReleaseNativeLibs' as it has no source files and no previous output files.
[        ] Resolve mutations for :share_plus:stripReleaseDebugSymbols (Thread[included builds,5,main]) started.
[        ] :share_plus:stripReleaseDebugSymbols (Thread[included builds,5,main]) started.
[        ] > Task :share_plus:stripReleaseDebugSymbols NO-SOURCE
[        ] Skipping task ':share_plus:stripReleaseDebugSymbols' as it has no source files and no previous output files.
[        ] Resolve mutations for :share_plus:copyReleaseJniLibsProjectAndLocalJars (Thread[included builds,5,main]) started.
[        ] :share_plus:copyReleaseJniLibsProjectAndLocalJars (Thread[included builds,5,main]) started.
[        ] > Task :share_plus:copyReleaseJniLibsProjectAndLocalJars UP-TO-DATE
[        ] Caching disabled for task ':share_plus:copyReleaseJniLibsProjectAndLocalJars' because:
[        ]   Build cache is disabled
[        ] Skipping task ':share_plus:copyReleaseJniLibsProjectAndLocalJars' as it is up-to-date.
[        ] Resolve mutations for :share_plus:generateReleaseResValues (Thread[included builds,5,main]) started.
[        ] :share_plus:generateReleaseResValues (Thread[included builds,5,main]) started.
[        ] > Task :share_plus:generateReleaseResValues UP-TO-DATE
[        ] Caching disabled for task ':share_plus:generateReleaseResValues' because:
[        ]   Build cache is disabled
[        ] Skipping task ':share_plus:generateReleaseResValues' as it is up-to-date.
[        ] Resolve mutations for :share_plus:extractDeepLinksForAarRelease (Thread[included builds,5,main]) started.
[        ] :share_plus:extractDeepLinksForAarRelease (Thread[included builds,5,main]) started.
[        ] > Task :share_plus:extractDeepLinksForAarRelease UP-TO-DATE
[        ] Caching disabled for task ':share_plus:extractDeepLinksForAarRelease' because:
[        ]   Build cache is disabled
[        ] Skipping task ':share_plus:extractDeepLinksForAarRelease' as it is up-to-date.
[        ] Resolve mutations for :share_plus:checkKotlinGradlePluginConfigurationErrors (Thread[included builds,5,main]) started.
[        ] :share_plus:checkKotlinGradlePluginConfigurationErrors (Thread[included builds,5,main]) started.
[        ] > Task :share_plus:checkKotlinGradlePluginConfigurationErrors
[        ] Caching disabled for task ':share_plus:checkKotlinGradlePluginConfigurationErrors' because:
[        ]   Build cache is disabled
[        ] Task ':share_plus:checkKotlinGradlePluginConfigurationErrors' is not up-to-date because:
[        ]   Task has not declared any outputs despite executing actions.
[        ] Resolve mutations for :share_plus:generateReleaseResources (Thread[included builds,5,main]) started.
[        ] :share_plus:generateReleaseResources (Thread[included builds,5,main]) started.
[        ] > Task :share_plus:generateReleaseResources UP-TO-DATE
[        ] Skipping task ':share_plus:generateReleaseResources' as it has no actions.
[        ] Resolve mutations for :share_plus:packageReleaseResources (Thread[included builds,5,main]) started.
[        ] :share_plus:packageReleaseResources (Thread[included builds,5,main]) started.
[        ] > Task :share_plus:packageReleaseResources UP-TO-DATE
[        ] Caching disabled for task ':share_plus:packageReleaseResources' because:
[        ]   Build cache is disabled
[        ] Skipping task ':share_plus:packageReleaseResources' as it is up-to-date.
[        ] work action resolve release (project :share_plus) (Thread[included builds,5,main]) started.
[        ] Resolve mutations for :share_plus:parseReleaseLocalResources (Thread[included builds,5,main]) started.
[        ] :share_plus:parseReleaseLocalResources (Thread[included builds,5,main]) started.
[  +73 ms] > Task :share_plus:parseReleaseLocalResources UP-TO-DATE
[        ] Transforming android.jar with PlatformAttrTransform
[        ] Transforming android.jar with PlatformAttrTransform
[        ] Caching disabled for task ':share_plus:parseReleaseLocalResources' because:
[        ]   Build cache is disabled
[        ] Skipping task ':share_plus:parseReleaseLocalResources' as it is up-to-date.
[        ] Resolve mutations for :share_plus:processReleaseManifest (Thread[included builds,5,main]) started.
[        ] :share_plus:processReleaseManifest (Thread[included builds,5,main]) started.
[        ] > Task :share_plus:processReleaseManifest UP-TO-DATE
[        ] Caching disabled for task ':share_plus:processReleaseManifest' because:
[        ]   Build cache is disabled
[        ] Skipping task ':share_plus:processReleaseManifest' as it is up-to-date.
[        ] work action resolve AndroidManifest.xml (project :share_plus) (Thread[Execution worker Thread 4,5,main]) started.
[        ] work action resolve AndroidManifest.xml (project :share_plus) (Thread[Execution worker Thread 4,5,main]) started.
[   +1 ms] Resolve mutations for :share_plus:generateReleaseRFile (Thread[Execution worker Thread 4,5,main]) started.
[        ] :share_plus:generateReleaseRFile (Thread[Execution worker Thread 4,5,main]) started.
[        ] > Task :share_plus:generateReleaseRFile UP-TO-DATE
[        ] Transforming android.jar with PlatformAttrTransform
[        ] Caching disabled for task ':share_plus:generateReleaseRFile' because:
[        ]   Build cache is disabled
[        ] Skipping task ':share_plus:generateReleaseRFile' as it is up-to-date.
[        ] work action resolve package-aware-r.txt (project :share_plus) (Thread[Execution worker Thread 4,5,main]) started.
[        ] Resolve mutations for :share_plus:compileReleaseKotlin (Thread[Execution worker Thread 4,5,main]) started.
[        ] :share_plus:compileReleaseKotlin (Thread[Execution worker Thread 4,5,main]) started.
[  +88 ms] > Task :share_plus:compileReleaseKotlin UP-TO-DATE
[        ] Transforming flutter_embedding_release-1.0.0-235db911ba279722f5e685f38b0ed30fa7e8570a.jar (io.flutter:flutter_embedding_release:1.0.0-235db911ba279722f5e685f38b0ed30fa7e8570a) with JetifyTransform
[        ] Transforming flutter_embedding_release-1.0.0-235db911ba279722f5e685f38b0ed30fa7e8570a.jar (io.flutter:flutter_embedding_release:1.0.0-235db911ba279722f5e685f38b0ed30fa7e8570a) with IdentityTransform
[        ] Transforming fragment-1.1.0.aar (androidx.fragment:fragment:1.1.0) with JetifyTransform
[        ] Transforming fragment-1.1.0.aar (androidx.fragment:fragment:1.1.0) with AarToClassTransform
[        ] Transforming viewpager-1.0.0.aar (androidx.viewpager:viewpager:1.0.0) with JetifyTransform
[        ] Transforming viewpager-1.0.0.aar (androidx.viewpager:viewpager:1.0.0) with AarToClassTransform
[        ] Transforming loader-1.0.0.aar (androidx.loader:loader:1.0.0) with JetifyTransform
[        ] Transforming loader-1.0.0.aar (androidx.loader:loader:1.0.0) with AarToClassTransform
[        ] Transforming activity-1.0.0.aar (androidx.activity:activity:1.0.0) with JetifyTransform
[        ] Transforming activity-1.0.0.aar (androidx.activity:activity:1.0.0) with AarToClassTransform
[        ] Transforming customview-1.0.0.aar (androidx.customview:customview:1.0.0) with JetifyTransform
[        ] Transforming customview-1.0.0.aar (androidx.customview:customview:1.0.0) with AarToClassTransform
[        ] Transforming lifecycle-common-java8-2.2.0.jar (androidx.lifecycle:lifecycle-common-java8:2.2.0) with JetifyTransform
[        ] Transforming lifecycle-common-java8-2.2.0.jar (androidx.lifecycle:lifecycle-common-java8:2.2.0) with IdentityTransform
[        ] Transforming savedstate-1.0.0.aar (androidx.savedstate:savedstate:1.0.0) with JetifyTransform
[        ] Transforming savedstate-1.0.0.aar (androidx.savedstate:savedstate:1.0.0) with AarToClassTransform
[        ] Transforming lifecycle-livedata-2.0.0.aar (androidx.lifecycle:lifecycle-livedata:2.0.0) with JetifyTransform
[        ] Transforming lifecycle-livedata-2.0.0.aar (androidx.lifecycle:lifecycle-livedata:2.0.0) with AarToClassTransform
[        ] Transforming lifecycle-livedata-core-2.0.0.aar (androidx.lifecycle:lifecycle-livedata-core:2.0.0) with JetifyTransform
[        ] Transforming lifecycle-livedata-core-2.0.0.aar (androidx.lifecycle:lifecycle-livedata-core:2.0.0) with AarToClassTransform
[        ] Transforming versionedparcelable-1.1.1.aar (androidx.versionedparcelable:versionedparcelable:1.1.1) with JetifyTransform
[        ] Transforming versionedparcelable-1.1.1.aar (androidx.versionedparcelable:versionedparcelable:1.1.1) with AarToClassTransform
[        ] Transforming core-common-2.1.0.jar (androidx.arch.core:core-common:2.1.0) with JetifyTransform
[        ] Transforming core-common-2.1.0.jar (androidx.arch.core:core-common:2.1.0) with IdentityTransform
[        ] Transforming collection-1.1.0.jar (androidx.collection:collection:1.1.0) with JetifyTransform
[        ] Transforming collection-1.1.0.jar (androidx.collection:collection:1.1.0) with IdentityTransform
[        ] Transforming lifecycle-viewmodel-2.1.0.aar (androidx.lifecycle:lifecycle-viewmodel:2.1.0) with JetifyTransform
[        ] Transforming lifecycle-viewmodel-2.1.0.aar (androidx.lifecycle:lifecycle-viewmodel:2.1.0) with AarToClassTransform
[        ] Transforming window-java-1.0.0-beta04.aar (androidx.window:window-java:1.0.0-beta04) with JetifyTransform
[        ] Transforming window-java-1.0.0-beta04.aar (androidx.window:window-java:1.0.0-beta04) with AarToClassTransform
[        ] Transforming window-1.0.0-beta04.aar (androidx.window:window:1.0.0-beta04) with JetifyTransform
[        ] Transforming window-1.0.0-beta04.aar (androidx.window:window:1.0.0-beta04) with AarToClassTransform
[        ] Transforming kotlinx-coroutines-android-1.5.2.jar (org.jetbrains.kotlinx:kotlinx-coroutines-android:1.5.2) with JetifyTransform
[        ] Transforming kotlinx-coroutines-android-1.5.2.jar (org.jetbrains.kotlinx:kotlinx-coroutines-android:1.5.2) with IdentityTransform
[        ] Transforming kotlinx-coroutines-core-jvm-1.5.2.jar (org.jetbrains.kotlinx:kotlinx-coroutines-core-jvm:1.5.2) with JetifyTransform
[        ] Transforming kotlinx-coroutines-core-jvm-1.5.2.jar (org.jetbrains.kotlinx:kotlinx-coroutines-core-jvm:1.5.2) with IdentityTransform
[        ] Transforming kotlin-stdlib-jdk8-1.5.30.jar (org.jetbrains.kotlin:kotlin-stdlib-jdk8:1.5.30) with JetifyTransform
[        ] Transforming kotlin-stdlib-jdk8-1.5.30.jar (org.jetbrains.kotlin:kotlin-stdlib-jdk8:1.5.30) with IdentityTransform
[        ] Transforming kotlin-stdlib-jdk7-1.5.30.jar (org.jetbrains.kotlin:kotlin-stdlib-jdk7:1.5.30) with JetifyTransform
[        ] Transforming kotlin-stdlib-jdk7-1.5.30.jar (org.jetbrains.kotlin:kotlin-stdlib-jdk7:1.5.30) with IdentityTransform
[        ] Transforming annotations-13.0.jar (org.jetbrains:annotations:13.0) with JetifyTransform
[        ] Transforming annotations-13.0.jar (org.jetbrains:annotations:13.0) with IdentityTransform
[        ] Transforming tracing-1.0.0.aar (androidx.tracing:tracing:1.0.0) with JetifyTransform
[        ] Transforming tracing-1.0.0.aar (androidx.tracing:tracing:1.0.0) with AarToClassTransform
[        ] Transforming core-ktx-1.10.1.aar (androidx.core:core-ktx:1.10.1) with JetifyTransform
[        ] Transforming core-ktx-1.10.1.aar (androidx.core:core-ktx:1.10.1) with AarToClassTransform
[        ] Transforming core-1.10.1.aar (androidx.core:core:1.10.1) with JetifyTransform
[        ] Transforming core-1.10.1.aar (androidx.core:core:1.10.1) with AarToClassTransform
[        ] Transforming core-1.10.1.aar (androidx.core:core:1.10.1) with JetifyTransform
[        ] Transforming core-1.10.1.aar (androidx.core:core:1.10.1) with JetifyTransform
[        ] Transforming core-1.10.1.aar (androidx.core:core:1.10.1) with AarToClassTransform
[        ] Transforming core-1.10.1.aar (androidx.core:core:1.10.1) with AarToClassTransform
[        ] Transforming core-1.10.1.aar (androidx.core:core:1.10.1) with JetifyTransform
[        ] Transforming core-1.10.1.aar (androidx.core:core:1.10.1) with AarToClassTransform
[        ] Transforming core-1.10.1.aar (androidx.core:core:1.10.1) with JetifyTransform
[   +1 ms] Transforming core-1.10.1.aar (androidx.core:core:1.10.1) with JetifyTransform
[        ] Transforming core-1.10.1.aar (androidx.core:core:1.10.1) with AarToClassTransform
[        ] Transforming core-1.10.1.aar (androidx.core:core:1.10.1) with AarToClassTransform
[        ] Transforming lifecycle-runtime-2.3.1.aar (androidx.lifecycle:lifecycle-runtime:2.3.1) with JetifyTransform
[        ] Transforming lifecycle-runtime-2.3.1.aar (androidx.lifecycle:lifecycle-runtime:2.3.1) with AarToClassTransform
[        ] Transforming kotlin-stdlib-common-1.8.10.jar (org.jetbrains.kotlin:kotlin-stdlib-common:1.8.10) with JetifyTransform
[        ] Transforming kotlin-stdlib-common-1.8.10.jar (org.jetbrains.kotlin:kotlin-stdlib-common:1.8.10) with IdentityTransform
[        ] Transforming lifecycle-common-2.3.1.jar (androidx.lifecycle:lifecycle-common:2.3.1) with JetifyTransform
[        ] Transforming lifecycle-common-2.3.1.jar (androidx.lifecycle:lifecycle-common:2.3.1) with IdentityTransform
[        ] Transforming lifecycle-runtime-2.3.1.aar (androidx.lifecycle:lifecycle-runtime:2.3.1) with JetifyTransform
[        ] Transforming lifecycle-runtime-2.3.1.aar (androidx.lifecycle:lifecycle-runtime:2.3.1) with AarToClassTransform
[        ] Transforming core-runtime-2.1.0.aar (androidx.arch.core:core-runtime:2.1.0) with JetifyTransform
[        ] Transforming core-runtime-2.1.0.aar (androidx.arch.core:core-runtime:2.1.0) with JetifyTransform
[        ] Transforming core-runtime-2.1.0.aar (androidx.arch.core:core-runtime:2.1.0) with AarToClassTransform
[        ] Transforming core-runtime-2.1.0.aar (androidx.arch.core:core-runtime:2.1.0) with AarToClassTransform
[        ] Transforming annotation-jvm-1.7.0.jar (androidx.annotation:annotation-jvm:1.7.0) with JetifyTransform
[        ] Transforming annotation-jvm-1.7.0.jar (androidx.annotation:annotation-jvm:1.7.0) with IdentityTransform
[        ] Transforming kotlin-stdlib-1.8.10.jar (org.jetbrains.kotlin:kotlin-stdlib:1.8.10) with JetifyTransform
[        ] Transforming kotlin-stdlib-1.8.10.jar (org.jetbrains.kotlin:kotlin-stdlib:1.8.10) with IdentityTransform
[        ] Transforming annotation-experimental-1.3.0.aar (androidx.annotation:annotation-experimental:1.3.0) with JetifyTransform
[        ] Transforming annotation-experimental-1.3.0.aar (androidx.annotation:annotation-experimental:1.3.0) with AarToClassTransform
[        ] Transforming R.jar with ClasspathEntrySnapshotTransform
[        ] Transforming jetified-core-ktx-1.10.1-api.jar with ClasspathEntrySnapshotTransform
[        ] Transforming jetified-flutter_embedding_release-1.0.0-235db911ba279722f5e685f38b0ed30fa7e8570a.jar with ClasspathEntrySnapshotTransform
[        ] Transforming fragment-1.1.0-api.jar with ClasspathEntrySnapshotTransform
[        ] Transforming viewpager-1.0.0-api.jar with ClasspathEntrySnapshotTransform
[        ] Transforming loader-1.0.0-api.jar with ClasspathEntrySnapshotTransform
[        ] Transforming jetified-activity-1.0.0-api.jar with ClasspathEntrySnapshotTransform
[        ] Transforming customview-1.0.0-api.jar with ClasspathEntrySnapshotTransform
[        ] Transforming core-1.10.1-api.jar with ClasspathEntrySnapshotTransform
[        ] Transforming lifecycle-common-java8-2.2.0.jar with ClasspathEntrySnapshotTransform
[        ] Transforming lifecycle-runtime-2.3.1-api.jar with ClasspathEntrySnapshotTransform
[        ] Transforming jetified-savedstate-1.0.0-api.jar with ClasspathEntrySnapshotTransform
[        ] Transforming lifecycle-livedata-2.0.0-api.jar with ClasspathEntrySnapshotTransform
[        ] Transforming lifecycle-livedata-core-2.0.0-api.jar with ClasspathEntrySnapshotTransform
[        ] Transforming lifecycle-common-2.3.1.jar with ClasspathEntrySnapshotTransform
[        ] Transforming versionedparcelable-1.1.1-api.jar with ClasspathEntrySnapshotTransform
[        ] Transforming core-runtime-2.1.0-api.jar with ClasspathEntrySnapshotTransform
[        ] Transforming core-common-2.1.0.jar with ClasspathEntrySnapshotTransform
[        ] Transforming collection-1.1.0.jar with ClasspathEntrySnapshotTransform
[        ] Transforming lifecycle-viewmodel-2.1.0-api.jar with ClasspathEntrySnapshotTransform
[        ] Transforming jetified-annotation-jvm-1.7.0.jar with ClasspathEntrySnapshotTransform
[        ] Transforming jetified-window-java-1.0.0-beta04-api.jar with ClasspathEntrySnapshotTransform
[        ] Transforming jetified-annotation-experimental-1.3.0-api.jar with ClasspathEntrySnapshotTransform
[        ] Transforming jetified-window-1.0.0-beta04-api.jar with ClasspathEntrySnapshotTransform
[        ] Transforming jetified-kotlinx-coroutines-android-1.5.2.jar with ClasspathEntrySnapshotTransform
[        ] Transforming jetified-kotlinx-coroutines-core-jvm-1.5.2.jar with ClasspathEntrySnapshotTransform
[        ] Transforming jetified-kotlin-stdlib-jdk8-1.5.30.jar with ClasspathEntrySnapshotTransform
[        ] Transforming jetified-kotlin-stdlib-jdk7-1.5.30.jar with ClasspathEntrySnapshotTransform
[        ] Transforming jetified-kotlin-stdlib-1.8.10.jar with ClasspathEntrySnapshotTransform
[        ] Transforming jetified-kotlin-stdlib-common-1.8.10.jar with ClasspathEntrySnapshotTransform
[        ] Transforming jetified-annotations-13.0.jar with ClasspathEntrySnapshotTransform
[        ] Transforming jetified-tracing-1.0.0-api.jar with ClasspathEntrySnapshotTransform
[        ] Transforming android.jar with ClasspathEntrySnapshotTransform
[        ] Transforming core-lambda-stubs.jar with ClasspathEntrySnapshotTransform
[        ] Caching disabled for task ':share_plus:compileReleaseKotlin' because:
[        ]   Build cache is disabled
[        ] Skipping task ':share_plus:compileReleaseKotlin' as it is up-to-date.
[        ] Resolve mutations for :share_plus:extractReleaseAnnotations (Thread[Execution worker Thread 4,5,main]) started.
[        ] :share_plus:extractReleaseAnnotations (Thread[Execution worker Thread 4,5,main]) started.
[        ] > Task :share_plus:extractReleaseAnnotations UP-TO-DATE
[        ] Caching disabled for task ':share_plus:extractReleaseAnnotations' because:
[        ]   Build cache is disabled
[        ] Skipping task ':share_plus:extractReleaseAnnotations' as it is up-to-date.
[        ] Resolve mutations for :share_plus:javaPreCompileRelease (Thread[Execution worker Thread 4,5,main]) started.
[        ] :share_plus:javaPreCompileRelease (Thread[Execution worker Thread 4,5,main]) started.
[        ] > Task :share_plus:javaPreCompileRelease UP-TO-DATE
[        ] Caching disabled for task ':share_plus:javaPreCompileRelease' because:
[        ]   Build cache is disabled
[        ] Skipping task ':share_plus:javaPreCompileRelease' as it is up-to-date.
[        ] Resolve mutations for :share_plus:compileReleaseJavaWithJavac (Thread[Execution worker Thread 4,5,main]) started.
[        ] :share_plus:compileReleaseJavaWithJavac (Thread[Execution worker Thread 4,5,main]) started.
[   +4 ms] > Task :share_plus:compileReleaseJavaWithJavac NO-SOURCE
[        ] Skipping task ':share_plus:compileReleaseJavaWithJavac' as it has no source files and no previous output files.
[        ] Resolve mutations for :share_plus:mergeReleaseGeneratedProguardFiles (Thread[Execution worker Thread 4,5,main]) started.
[        ] :share_plus:mergeReleaseGeneratedProguardFiles (Thread[Execution worker Thread 4,5,main]) started.
[  +64 ms] > Task :share_plus:mergeReleaseGeneratedProguardFiles UP-TO-DATE
[        ] Caching disabled for task ':share_plus:mergeReleaseGeneratedProguardFiles' because:
[        ]   Build cache is disabled
[        ] Skipping task ':share_plus:mergeReleaseGeneratedProguardFiles' as it is up-to-date.
[        ] Resolve mutations for :share_plus:mergeReleaseConsumerProguardFiles (Thread[Execution worker Thread 4,5,main]) started.
[        ] :share_plus:mergeReleaseConsumerProguardFiles (Thread[Execution worker Thread 4,5,main]) started.
[        ] > Task :share_plus:mergeReleaseConsumerProguardFiles UP-TO-DATE
[        ] Caching disabled for task ':share_plus:mergeReleaseConsumerProguardFiles' because:
[        ]   Build cache is disabled
[        ] Skipping task ':share_plus:mergeReleaseConsumerProguardFiles' as it is up-to-date.
[        ] Resolve mutations for :share_plus:mergeReleaseShaders (Thread[Execution worker Thread 4,5,main]) started.
[        ] :share_plus:mergeReleaseShaders (Thread[Execution worker Thread 4,5,main]) started.
[        ] > Task :share_plus:mergeReleaseShaders UP-TO-DATE
[        ] Caching disabled for task ':share_plus:mergeReleaseShaders' because:
[        ]   Build cache is disabled
[        ] Skipping task ':share_plus:mergeReleaseShaders' as it is up-to-date.
[        ] Resolve mutations for :share_plus:compileReleaseShaders (Thread[Execution worker Thread 4,5,main]) started.
[        ] :share_plus:compileReleaseShaders (Thread[Execution worker Thread 4,5,main]) started.
[        ] > Task :share_plus:compileReleaseShaders NO-SOURCE
[        ] Skipping task ':share_plus:compileReleaseShaders' as it has no source files and no previous output files.
[        ] Resolve mutations for :share_plus:generateReleaseAssets (Thread[Execution worker Thread 4,5,main]) started.
[        ] :share_plus:generateReleaseAssets (Thread[Execution worker Thread 4,5,main]) started.
[        ] > Task :share_plus:generateReleaseAssets UP-TO-DATE
[        ] Skipping task ':share_plus:generateReleaseAssets' as it has no actions.
[        ] Resolve mutations for :share_plus:packageReleaseAssets (Thread[Execution worker Thread 4,5,main]) started.
[        ] :share_plus:packageReleaseAssets (Thread[Execution worker Thread 4,5,main]) started.
[        ] > Task :share_plus:packageReleaseAssets UP-TO-DATE
[        ] Caching disabled for task ':share_plus:packageReleaseAssets' because:
[        ]   Build cache is disabled
[        ] Skipping task ':share_plus:packageReleaseAssets' as it is up-to-date.
[        ] work action resolve out (project :share_plus) (Thread[Execution worker Thread 4,5,main]) started.
[        ] Resolve mutations for :share_plus:prepareLintJarForPublish (Thread[Execution worker Thread 4,5,main]) started.
[        ] :share_plus:prepareLintJarForPublish (Thread[Execution worker Thread 4,5,main]) started.
[        ] > Task :share_plus:prepareLintJarForPublish UP-TO-DATE
[        ] Caching disabled for task ':share_plus:prepareLintJarForPublish' because:
[        ]   Build cache is disabled
[        ] Skipping task ':share_plus:prepareLintJarForPublish' as it is up-to-date.
[        ] work action resolve lint.jar (project :share_plus) (Thread[Execution worker Thread 4,5,main]) started.
[        ] work action resolve lint.jar (project :share_plus) (Thread[Execution worker Thread 4,5,main]) started.
[        ] Resolve mutations for :share_plus:prepareReleaseArtProfile (Thread[Execution worker Thread 4,5,main]) started.
[        ] :share_plus:prepareReleaseArtProfile (Thread[Execution worker Thread 4,5,main]) started.
[        ] > Task :share_plus:prepareReleaseArtProfile UP-TO-DATE
[        ] Caching disabled for task ':share_plus:prepareReleaseArtProfile' because:
[        ]   Build cache is disabled
[        ] Skipping task ':share_plus:prepareReleaseArtProfile' as it is up-to-date.
[        ] work action resolve baseline-prof.txt (project :share_plus) (Thread[Execution worker Thread 4,5,main]) started.
[        ] Resolve mutations for :share_plus:processReleaseJavaRes (Thread[Execution worker Thread 4,5,main]) started.
[        ] :share_plus:processReleaseJavaRes (Thread[Execution worker Thread 4,5,main]) started.
[        ] > Task :share_plus:processReleaseJavaRes UP-TO-DATE
[        ] file or directory 'C:\Users\hotel\AppData\Local\Pub\Cache\hosted\pub.dev\share_plus-7.2.2\android\src\main\resources', not found
[        ] file or directory 'C:\Users\hotel\AppData\Local\Pub\Cache\hosted\pub.dev\share_plus-7.2.2\android\src\release\resources', not found
[        ] file or directory 'C:\Users\hotel\AppData\Local\Pub\Cache\hosted\pub.dev\share_plus-7.2.2\android\src\main\resources', not found
[        ] file or directory 'C:\Users\hotel\AppData\Local\Pub\Cache\hosted\pub.dev\share_plus-7.2.2\android\src\release\resources', not found
[        ] Caching disabled for task ':share_plus:processReleaseJavaRes' because:
[        ]   Build cache is disabled
[        ] Skipping task ':share_plus:processReleaseJavaRes' as it is up-to-date.
[        ] work action resolve out (project :share_plus) (Thread[Execution worker Thread 4,5,main]) started.
[        ] Resolve mutations for :share_plus:mergeReleaseJavaResource (Thread[Execution worker Thread 4,5,main]) started.
[        ] :share_plus:mergeReleaseJavaResource (Thread[Execution worker Thread 4,5,main]) started.
[        ] > Task :share_plus:mergeReleaseJavaResource UP-TO-DATE
[        ] Caching disabled for task ':share_plus:mergeReleaseJavaResource' because:
[        ]   Build cache is disabled
[        ] Skipping task ':share_plus:mergeReleaseJavaResource' as it is up-to-date.
[        ] Resolve mutations for :share_plus:syncReleaseLibJars (Thread[Execution worker Thread 4,5,main]) started.
[        ] :share_plus:syncReleaseLibJars (Thread[Execution worker Thread 4,5,main]) started.
[        ] > Task :share_plus:syncReleaseLibJars UP-TO-DATE
[        ] Caching disabled for task ':share_plus:syncReleaseLibJars' because:
[        ]   Build cache is disabled
[        ] Skipping task ':share_plus:syncReleaseLibJars' as it is up-to-date.
[        ] Resolve mutations for :share_plus:writeReleaseAarMetadata (Thread[Execution worker Thread 4,5,main]) started.
[        ] :share_plus:writeReleaseAarMetadata (Thread[Execution worker Thread 3,5,main]) started.
[        ] > Task :share_plus:writeReleaseAarMetadata UP-TO-DATE
[        ] Caching disabled for task ':share_plus:writeReleaseAarMetadata' because:
[        ]   Build cache is disabled
[        ] Skipping task ':share_plus:writeReleaseAarMetadata' as it is up-to-date.
[        ] work action resolve aar-metadata.properties (project :share_plus) (Thread[Execution worker Thread 3,5,main]) started.
[        ] Resolve mutations for :share_plus:bundleReleaseLocalLintAar (Thread[Execution worker Thread 3,5,main]) started.
[        ] :share_plus:bundleReleaseLocalLintAar (Thread[Execution worker Thread 3,5,main]) started.
[        ] > Task :share_plus:bundleReleaseLocalLintAar UP-TO-DATE
[        ] Caching disabled for task ':share_plus:bundleReleaseLocalLintAar' because:
[        ]   Build cache is disabled
[        ] Skipping task ':share_plus:bundleReleaseLocalLintAar' as it is up-to-date.
[        ] work action resolve out.aar (project :share_plus) (Thread[Execution worker Thread 3,5,main]) started.
[        ] ExtractAarTransform (Thread[Execution worker Thread 2,5,main]) started.
[        ] work action resolve out.aar (project :share_plus) (Thread[Execution worker Thread 3,5,main]) started.
[  +93 ms] Resolve mutations for :shared_preferences_android:preBuild (Thread[Execution worker Thread 3,5,main]) started.
[        ] :shared_preferences_android:preBuild (Thread[Execution worker Thread 3,5,main]) started.
[        ] ExtractAarTransform (Thread[Execution worker Thread 5,5,main]) started.
[        ] > Task :shared_preferences_android:preBuild UP-TO-DATE
[        ] Skipping task ':shared_preferences_android:preBuild' as it has no actions.
[        ] Resolve mutations for :shared_preferences_android:preReleaseBuild (Thread[Execution worker Thread 3,5,main]) started.
[        ] :shared_preferences_android:preReleaseBuild (Thread[Execution worker Thread 3,5,main]) started.
[        ] > Task :shared_preferences_android:preReleaseBuild UP-TO-DATE
[        ] Skipping task ':shared_preferences_android:preReleaseBuild' as it has no actions.
[        ] Resolve mutations for :shared_preferences_android:mergeReleaseJniLibFolders (Thread[Execution worker Thread 3,5,main]) started.
[        ] :shared_preferences_android:mergeReleaseJniLibFolders (Thread[Execution worker Thread 3,5,main]) started.
[        ] > Transform out.aar (project :share_plus) with ExtractAarTransform
[        ] Transforming out.aar (project :share_plus) with ExtractAarTransform
[        ] Caching disabled for ExtractAarTransform: C:\Utilisateurs\hotel\Documents\hotel_app\build\share_plus\intermediates\local_aar_for_lint\release\out.aar because:
[        ]   Build cache is disabled
[        ] Skipping ExtractAarTransform: C:\Utilisateurs\hotel\Documents\hotel_app\build\share_plus\intermediates\local_aar_for_lint\release\out.aar as it is up-to-date.
[        ] > Transform out.aar (project :share_plus) with ExtractAarTransform
[        ] Transforming out.aar (project :share_plus) with ExtractAarTransform
[        ] > Task :shared_preferences_android:mergeReleaseJniLibFolders UP-TO-DATE
[        ] Caching disabled for task ':shared_preferences_android:mergeReleaseJniLibFolders' because:
[        ]   Build cache is disabled
[        ] Skipping task ':shared_preferences_android:mergeReleaseJniLibFolders' as it is up-to-date.
[        ] Resolve mutations for :shared_preferences_android:mergeReleaseNativeLibs (Thread[Execution worker Thread 3,5,main]) started.
[        ] :shared_preferences_android:mergeReleaseNativeLibs (Thread[Execution worker Thread 3,5,main]) started.
[        ] > Task :shared_preferences_android:mergeReleaseNativeLibs NO-SOURCE
[        ] Skipping task ':shared_preferences_android:mergeReleaseNativeLibs' as it has no source files and no previous output files.
[        ] Resolve mutations for :shared_preferences_android:stripReleaseDebugSymbols (Thread[Execution worker Thread 3,5,main]) started.
[        ] :shared_preferences_android:stripReleaseDebugSymbols (Thread[Execution worker Thread 3,5,main]) started.
[        ] > Task :shared_preferences_android:stripReleaseDebugSymbols NO-SOURCE
[        ] Skipping task ':shared_preferences_android:stripReleaseDebugSymbols' as it has no source files and no previous output files.
[        ] Resolve mutations for :shared_preferences_android:copyReleaseJniLibsProjectAndLocalJars (Thread[Execution worker,5,main]) started.
[        ] :shared_preferences_android:copyReleaseJniLibsProjectAndLocalJars (Thread[Execution worker,5,main]) started.
[        ] > Task :shared_preferences_android:copyReleaseJniLibsProjectAndLocalJars UP-TO-DATE
[        ] Caching disabled for task ':shared_preferences_android:copyReleaseJniLibsProjectAndLocalJars' because:
[        ]   Build cache is disabled
[        ] Skipping task ':shared_preferences_android:copyReleaseJniLibsProjectAndLocalJars' as it is up-to-date.
[        ] Resolve mutations for :shared_preferences_android:generateReleaseResValues (Thread[Execution worker,5,main]) started.
[        ] :shared_preferences_android:generateReleaseResValues (Thread[Execution worker,5,main]) started.
[        ] > Task :shared_preferences_android:generateReleaseResValues UP-TO-DATE
[        ] Caching disabled for task ':shared_preferences_android:generateReleaseResValues' because:
[        ]   Build cache is disabled
[        ] Skipping task ':shared_preferences_android:generateReleaseResValues' as it is up-to-date.
[        ] Resolve mutations for :shared_preferences_android:extractDeepLinksForAarRelease (Thread[Execution worker,5,main]) started.
[        ] :shared_preferences_android:extractDeepLinksForAarRelease (Thread[Execution worker,5,main]) started.
[        ] > Task :shared_preferences_android:extractDeepLinksForAarRelease UP-TO-DATE
[        ] Caching disabled for task ':shared_preferences_android:extractDeepLinksForAarRelease' because:
[        ]   Build cache is disabled
[        ] Skipping task ':shared_preferences_android:extractDeepLinksForAarRelease' as it is up-to-date.
[        ] Resolve mutations for :shared_preferences_android:checkKotlinGradlePluginConfigurationErrors (Thread[Execution worker,5,main]) started.
[        ] :shared_preferences_android:checkKotlinGradlePluginConfigurationErrors (Thread[Execution worker,5,main]) started.
[        ] > Task :shared_preferences_android:checkKotlinGradlePluginConfigurationErrors
[        ] Caching disabled for task ':shared_preferences_android:checkKotlinGradlePluginConfigurationErrors' because:
[        ]   Build cache is disabled
[        ] Task ':shared_preferences_android:checkKotlinGradlePluginConfigurationErrors' is not up-to-date because:
[        ]   Task has not declared any outputs despite executing actions.
[        ] Resolve mutations for :shared_preferences_android:generateReleaseResources (Thread[Execution worker,5,main]) started.
[        ] :shared_preferences_android:generateReleaseResources (Thread[Execution worker,5,main]) started.
[        ] > Task :shared_preferences_android:generateReleaseResources UP-TO-DATE
[        ] Skipping task ':shared_preferences_android:generateReleaseResources' as it has no actions.
[        ] Resolve mutations for :shared_preferences_android:packageReleaseResources (Thread[Execution worker,5,main]) started.
[        ] :shared_preferences_android:packageReleaseResources (Thread[Execution worker,5,main]) started.
[        ] > Task :shared_preferences_android:packageReleaseResources UP-TO-DATE
[        ] Caching disabled for task ':shared_preferences_android:packageReleaseResources' because:
[        ]   Build cache is disabled
[        ] Skipping task ':shared_preferences_android:packageReleaseResources' as it is up-to-date.
[        ] work action resolve release (project :shared_preferences_android) (Thread[Execution worker,5,main]) started.
[        ] Resolve mutations for :shared_preferences_android:parseReleaseLocalResources (Thread[Execution worker,5,main]) started.
[        ] :shared_preferences_android:parseReleaseLocalResources (Thread[Execution worker,5,main]) started.
[        ] > Task :shared_preferences_android:parseReleaseLocalResources UP-TO-DATE
[        ] Transforming android.jar with PlatformAttrTransform
[        ] Transforming android.jar with PlatformAttrTransform
[        ] Caching disabled for task ':shared_preferences_android:parseReleaseLocalResources' because:
[        ]   Build cache is disabled
[        ] Skipping task ':shared_preferences_android:parseReleaseLocalResources' as it is up-to-date.
[        ] Resolve mutations for :shared_preferences_android:processReleaseManifest (Thread[Execution worker,5,main]) started.
[        ] :shared_preferences_android:processReleaseManifest (Thread[Execution worker,5,main]) started.
[        ] > Task :shared_preferences_android:processReleaseManifest UP-TO-DATE
[        ] Caching disabled for task ':shared_preferences_android:processReleaseManifest' because:
[        ]   Build cache is disabled
[        ] Skipping task ':shared_preferences_android:processReleaseManifest' as it is up-to-date.
[        ] work action resolve AndroidManifest.xml (project :shared_preferences_android) (Thread[Execution worker,5,main]) started.
[        ] work action resolve AndroidManifest.xml (project :shared_preferences_android) (Thread[Execution worker,5,main]) started.
[        ] Resolve mutations for :shared_preferences_android:generateReleaseRFile (Thread[Execution worker,5,main]) started.
[        ] :shared_preferences_android:generateReleaseRFile (Thread[Execution worker,5,main]) started.
[        ] > Task :shared_preferences_android:generateReleaseRFile UP-TO-DATE
[        ] Transforming android.jar with PlatformAttrTransform
[        ] Caching disabled for task ':shared_preferences_android:generateReleaseRFile' because:
[        ]   Build cache is disabled
[        ] Skipping task ':shared_preferences_android:generateReleaseRFile' as it is up-to-date.
[        ] work action resolve package-aware-r.txt (project :shared_preferences_android) (Thread[Execution worker,5,main]) started.
[        ] Resolve mutations for :shared_preferences_android:compileReleaseKotlin (Thread[Execution worker,5,main]) started.
[        ] :shared_preferences_android:compileReleaseKotlin (Thread[Execution worker,5,main]) started.
[  +76 ms] > Task :shared_preferences_android:compileReleaseKotlin UP-TO-DATE
[        ] Transforming flutter_embedding_release-1.0.0-235db911ba279722f5e685f38b0ed30fa7e8570a.jar (io.flutter:flutter_embedding_release:1.0.0-235db911ba279722f5e685f38b0ed30fa7e8570a) with JetifyTransform
[        ] Transforming flutter_embedding_release-1.0.0-235db911ba279722f5e685f38b0ed30fa7e8570a.jar (io.flutter:flutter_embedding_release:1.0.0-235db911ba279722f5e685f38b0ed30fa7e8570a) with IdentityTransform
[        ] Transforming window-java-1.0.0-beta04.aar (androidx.window:window-java:1.0.0-beta04) with JetifyTransform
[        ] Transforming window-java-1.0.0-beta04.aar (androidx.window:window-java:1.0.0-beta04) with AarToClassTransform
[        ] Transforming window-1.0.0-beta04.aar (androidx.window:window:1.0.0-beta04) with JetifyTransform
[        ] Transforming window-1.0.0-beta04.aar (androidx.window:window:1.0.0-beta04) with AarToClassTransform
[        ] Transforming kotlinx-coroutines-android-1.5.2.jar (org.jetbrains.kotlinx:kotlinx-coroutines-android:1.5.2) with JetifyTransform
[        ] Transforming kotlinx-coroutines-android-1.5.2.jar (org.jetbrains.kotlinx:kotlinx-coroutines-android:1.5.2) with IdentityTransform
[        ] Transforming kotlinx-coroutines-core-jvm-1.5.2.jar (org.jetbrains.kotlinx:kotlinx-coroutines-core-jvm:1.5.2) with JetifyTransform
[        ] Transforming kotlinx-coroutines-core-jvm-1.5.2.jar (org.jetbrains.kotlinx:kotlinx-coroutines-core-jvm:1.5.2) with IdentityTransform
[        ] Transforming kotlin-stdlib-1.9.25.jar (org.jetbrains.kotlin:kotlin-stdlib:1.9.25) with JetifyTransform
[        ] Transforming kotlin-stdlib-1.9.25.jar (org.jetbrains.kotlin:kotlin-stdlib:1.9.25) with IdentityTransform
[        ] Transforming annotations-13.0.jar (org.jetbrains:annotations:13.0) with JetifyTransform
[        ] Transforming annotations-13.0.jar (org.jetbrains:annotations:13.0) with IdentityTransform
[        ] Transforming lifecycle-common-java8-2.2.0.jar (androidx.lifecycle:lifecycle-common-java8:2.2.0) with JetifyTransform
[        ] Transforming lifecycle-common-java8-2.2.0.jar (androidx.lifecycle:lifecycle-common-java8:2.2.0) with IdentityTransform
[        ] Transforming fragment-1.1.0.aar (androidx.fragment:fragment:1.1.0) with JetifyTransform
[        ] Transforming fragment-1.1.0.aar (androidx.fragment:fragment:1.1.0) with AarToClassTransform
[        ] Transforming viewpager-1.0.0.aar (androidx.viewpager:viewpager:1.0.0) with JetifyTransform
[        ] Transforming viewpager-1.0.0.aar (androidx.viewpager:viewpager:1.0.0) with AarToClassTransform
[        ] Transforming loader-1.0.0.aar (androidx.loader:loader:1.0.0) with JetifyTransform
[        ] Transforming loader-1.0.0.aar (androidx.loader:loader:1.0.0) with AarToClassTransform
[        ] Transforming activity-1.0.0.aar (androidx.activity:activity:1.0.0) with JetifyTransform
[        ] Transforming activity-1.0.0.aar (androidx.activity:activity:1.0.0) with AarToClassTransform
[        ] Transforming customview-1.0.0.aar (androidx.customview:customview:1.0.0) with JetifyTransform
[        ] Transforming customview-1.0.0.aar (androidx.customview:customview:1.0.0) with AarToClassTransform
[        ] Transforming core-1.6.0.aar (androidx.core:core:1.6.0) with JetifyTransform
[        ] Transforming core-1.6.0.aar (androidx.core:core:1.6.0) with AarToClassTransform
[        ] Transforming core-1.6.0.aar (androidx.core:core:1.6.0) with JetifyTransform
[        ] Transforming core-1.6.0.aar (androidx.core:core:1.6.0) with AarToClassTransform
[        ] Transforming lifecycle-runtime-2.2.0.aar (androidx.lifecycle:lifecycle-runtime:2.2.0) with JetifyTransform
[        ] Transforming lifecycle-runtime-2.2.0.aar (androidx.lifecycle:lifecycle-runtime:2.2.0) with AarToClassTransform
[        ] Transforming lifecycle-runtime-2.2.0.aar (androidx.lifecycle:lifecycle-runtime:2.2.0) with JetifyTransform
[        ] Transforming lifecycle-runtime-2.2.0.aar (androidx.lifecycle:lifecycle-runtime:2.2.0) with AarToClassTransform
[        ] Transforming savedstate-1.0.0.aar (androidx.savedstate:savedstate:1.0.0) with JetifyTransform
[        ] Transforming savedstate-1.0.0.aar (androidx.savedstate:savedstate:1.0.0) with AarToClassTransform
[        ] Transforming lifecycle-livedata-2.0.0.aar (androidx.lifecycle:lifecycle-livedata:2.0.0) with JetifyTransform
[        ] Transforming lifecycle-livedata-2.0.0.aar (androidx.lifecycle:lifecycle-livedata:2.0.0) with AarToClassTransform
[        ] Transforming lifecycle-livedata-core-2.0.0.aar (androidx.lifecycle:lifecycle-livedata-core:2.0.0) with JetifyTransform
[        ] Transforming lifecycle-livedata-core-2.0.0.aar (androidx.lifecycle:lifecycle-livedata-core:2.0.0) with AarToClassTransform
[        ] Transforming lifecycle-common-2.2.0.jar (androidx.lifecycle:lifecycle-common:2.2.0) with JetifyTransform
[        ] Transforming lifecycle-common-2.2.0.jar (androidx.lifecycle:lifecycle-common:2.2.0) with IdentityTransform
[        ] Transforming core-runtime-2.0.0.aar (androidx.arch.core:core-runtime:2.0.0) with JetifyTransform
[        ] Transforming core-runtime-2.0.0.aar (androidx.arch.core:core-runtime:2.0.0) with AarToClassTransform
[        ] Transforming core-common-2.1.0.jar (androidx.arch.core:core-common:2.1.0) with JetifyTransform
[        ] Transforming core-common-2.1.0.jar (androidx.arch.core:core-common:2.1.0) with IdentityTransform
[        ] Transforming versionedparcelable-1.1.1.aar (androidx.versionedparcelable:versionedparcelable:1.1.1) with JetifyTransform
[        ] Transforming versionedparcelable-1.1.1.aar (androidx.versionedparcelable:versionedparcelable:1.1.1) with AarToClassTransform
[        ] Transforming collection-1.1.0.jar (androidx.collection:collection:1.1.0) with JetifyTransform
[        ] Transforming collection-1.1.0.jar (androidx.collection:collection:1.1.0) with IdentityTransform
[        ] Transforming lifecycle-viewmodel-2.1.0.aar (androidx.lifecycle:lifecycle-viewmodel:2.1.0) with JetifyTransform
[        ] Transforming lifecycle-viewmodel-2.1.0.aar (androidx.lifecycle:lifecycle-viewmodel:2.1.0) with AarToClassTransform
[        ] Transforming annotation-1.2.0.jar (androidx.annotation:annotation:1.2.0) with JetifyTransform
[        ] Transforming annotation-1.2.0.jar (androidx.annotation:annotation:1.2.0) with IdentityTransform
[        ] Transforming annotation-experimental-1.1.0.aar (androidx.annotation:annotation-experimental:1.1.0) with JetifyTransform
[        ] Transforming annotation-experimental-1.1.0.aar (androidx.annotation:annotation-experimental:1.1.0) with AarToClassTransform
[        ] Transforming tracing-1.0.0.aar (androidx.tracing:tracing:1.0.0) with JetifyTransform
[        ] Transforming tracing-1.0.0.aar (androidx.tracing:tracing:1.0.0) with AarToClassTransform
[        ] Transforming datastore-preferences-1.0.0.aar (androidx.datastore:datastore-preferences:1.0.0) with JetifyTransform
[        ] Transforming datastore-preferences-1.0.0.aar (androidx.datastore:datastore-preferences:1.0.0) with AarToClassTransform
[        ] Transforming datastore-1.0.0.aar (androidx.datastore:datastore:1.0.0) with JetifyTransform
[        ] Transforming datastore-1.0.0.aar (androidx.datastore:datastore:1.0.0) with AarToClassTransform
[        ] Transforming datastore-preferences-core-1.0.0.jar (androidx.datastore:datastore-preferences-core:1.0.0) with JetifyTransform
[        ] Transforming datastore-preferences-core-1.0.0.jar (androidx.datastore:datastore-preferences-core:1.0.0) with IdentityTransform
[        ] Transforming datastore-core-1.0.0.jar (androidx.datastore:datastore-core:1.0.0) with JetifyTransform
[        ] Transforming datastore-core-1.0.0.jar (androidx.datastore:datastore-core:1.0.0) with IdentityTransform
[        ] Transforming kotlin-stdlib-jdk8-1.8.0.jar (org.jetbrains.kotlin:kotlin-stdlib-jdk8:1.8.0) with JetifyTransform
[        ] Transforming kotlin-stdlib-jdk8-1.8.0.jar (org.jetbrains.kotlin:kotlin-stdlib-jdk8:1.8.0) with IdentityTransform
[        ] Transforming kotlin-stdlib-jdk7-1.8.0.jar (org.jetbrains.kotlin:kotlin-stdlib-jdk7:1.8.0) with JetifyTransform
[        ] Transforming kotlin-stdlib-jdk7-1.8.0.jar (org.jetbrains.kotlin:kotlin-stdlib-jdk7:1.8.0) with IdentityTransform
[        ] Transforming R.jar with ClasspathEntrySnapshotTransform
[        ] Transforming jetified-datastore-preferences-1.0.0-api.jar with ClasspathEntrySnapshotTransform
[        ] Transforming jetified-datastore-1.0.0-api.jar with ClasspathEntrySnapshotTransform
[        ] Transforming jetified-datastore-preferences-core-1.0.0.jar with ClasspathEntrySnapshotTransform
[        ] Transforming jetified-datastore-core-1.0.0.jar with ClasspathEntrySnapshotTransform
[        ] Transforming jetified-flutter_embedding_release-1.0.0-235db911ba279722f5e685f38b0ed30fa7e8570a.jar with ClasspathEntrySnapshotTransform
[        ] Transforming jetified-window-java-1.0.0-beta04-api.jar with ClasspathEntrySnapshotTransform
[        ] Transforming jetified-window-1.0.0-beta04-api.jar with ClasspathEntrySnapshotTransform
[        ] Transforming jetified-kotlinx-coroutines-android-1.5.2.jar with ClasspathEntrySnapshotTransform
[        ] Transforming jetified-kotlinx-coroutines-core-jvm-1.5.2.jar with ClasspathEntrySnapshotTransform
[        ] Transforming jetified-kotlin-stdlib-jdk8-1.8.0.jar with ClasspathEntrySnapshotTransform
[        ] Transforming jetified-kotlin-stdlib-jdk7-1.8.0.jar with ClasspathEntrySnapshotTransform
[        ] Transforming jetified-kotlin-stdlib-1.9.25.jar with ClasspathEntrySnapshotTransform
[        ] Transforming jetified-annotations-13.0.jar with ClasspathEntrySnapshotTransform
[        ] Transforming lifecycle-common-java8-2.2.0.jar with ClasspathEntrySnapshotTransform
[        ] Transforming fragment-1.1.0-api.jar with ClasspathEntrySnapshotTransform
[        ] Transforming viewpager-1.0.0-api.jar with ClasspathEntrySnapshotTransform
[        ] Transforming loader-1.0.0-api.jar with ClasspathEntrySnapshotTransform
[        ] Transforming jetified-activity-1.0.0-api.jar with ClasspathEntrySnapshotTransform
[        ] Transforming customview-1.0.0-api.jar with ClasspathEntrySnapshotTransform
[        ] Transforming core-1.6.0-api.jar with ClasspathEntrySnapshotTransform
[        ] Transforming lifecycle-runtime-2.2.0-api.jar with ClasspathEntrySnapshotTransform
[        ] Transforming jetified-savedstate-1.0.0-api.jar with ClasspathEntrySnapshotTransform
[        ] Transforming lifecycle-livedata-2.0.0-api.jar with ClasspathEntrySnapshotTransform
[        ] Transforming lifecycle-livedata-core-2.0.0-api.jar with ClasspathEntrySnapshotTransform
[        ] Transforming lifecycle-common-2.2.0.jar with ClasspathEntrySnapshotTransform
[        ] Transforming core-runtime-2.0.0-api.jar with ClasspathEntrySnapshotTransform
[        ] Transforming core-common-2.1.0.jar with ClasspathEntrySnapshotTransform
[        ] Transforming versionedparcelable-1.1.1-api.jar with ClasspathEntrySnapshotTransform
[        ] Transforming collection-1.1.0.jar with ClasspathEntrySnapshotTransform
[        ] Transforming lifecycle-viewmodel-2.1.0-api.jar with ClasspathEntrySnapshotTransform
[        ] Transforming annotation-1.2.0.jar with ClasspathEntrySnapshotTransform
[        ] Transforming jetified-annotation-experimental-1.1.0-api.jar with ClasspathEntrySnapshotTransform
[        ] Transforming jetified-tracing-1.0.0-api.jar with ClasspathEntrySnapshotTransform
[        ] Transforming android.jar with ClasspathEntrySnapshotTransform
[        ] Transforming core-lambda-stubs.jar with ClasspathEntrySnapshotTransform
[        ] Caching disabled for task ':shared_preferences_android:compileReleaseKotlin' because:
[        ]   Build cache is disabled
[        ] Skipping task ':shared_preferences_android:compileReleaseKotlin' as it is up-to-date.
[        ] Resolve mutations for :shared_preferences_android:extractReleaseAnnotations (Thread[Execution worker,5,main]) started.
[        ] :shared_preferences_android:extractReleaseAnnotations (Thread[Execution worker Thread 7,5,main]) started.
[  +86 ms] > Task :shared_preferences_android:extractReleaseAnnotations UP-TO-DATE
[        ] Caching disabled for task ':shared_preferences_android:extractReleaseAnnotations' because:
[        ]   Build cache is disabled
[        ] Skipping task ':shared_preferences_android:extractReleaseAnnotations' as it is up-to-date.
[        ] Resolve mutations for :shared_preferences_android:javaPreCompileRelease (Thread[Execution worker Thread 7,5,main]) started.
[        ] :shared_preferences_android:javaPreCompileRelease (Thread[Execution worker Thread 7,5,main]) started.
[        ] > Task :shared_preferences_android:javaPreCompileRelease UP-TO-DATE
[        ] Caching disabled for task ':shared_preferences_android:javaPreCompileRelease' because:
[        ]   Build cache is disabled
[        ] Skipping task ':shared_preferences_android:javaPreCompileRelease' as it is up-to-date.
[        ] Resolve mutations for :shared_preferences_android:compileReleaseJavaWithJavac (Thread[Execution worker Thread 7,5,main]) started.
[        ] :shared_preferences_android:compileReleaseJavaWithJavac (Thread[Execution worker Thread 3,5,main]) started.
[   +1 ms] > Task :shared_preferences_android:compileReleaseJavaWithJavac UP-TO-DATE
[        ] Caching disabled for task ':shared_preferences_android:compileReleaseJavaWithJavac' because:
[        ]   Build cache is disabled
[        ] Skipping task ':shared_preferences_android:compileReleaseJavaWithJavac' as it is up-to-date.
[        ] No compile result for :shared_preferences_android:compileReleaseJavaWithJavac
[        ] Resolve mutations for :shared_preferences_android:mergeReleaseGeneratedProguardFiles (Thread[Execution worker Thread 3,5,main]) started.
[        ] :shared_preferences_android:mergeReleaseGeneratedProguardFiles (Thread[Execution worker Thread 3,5,main]) started.
[        ] > Task :shared_preferences_android:mergeReleaseGeneratedProguardFiles UP-TO-DATE
[        ] Caching disabled for task ':shared_preferences_android:mergeReleaseGeneratedProguardFiles' because:
[        ]   Build cache is disabled
[        ] Skipping task ':shared_preferences_android:mergeReleaseGeneratedProguardFiles' as it is up-to-date.
[        ] Resolve mutations for :shared_preferences_android:mergeReleaseConsumerProguardFiles (Thread[Execution worker Thread 3,5,main]) started.
[        ] :shared_preferences_android:mergeReleaseConsumerProguardFiles (Thread[Execution worker Thread 3,5,main]) started.
[        ] > Task :shared_preferences_android:mergeReleaseConsumerProguardFiles UP-TO-DATE
[        ] Caching disabled for task ':shared_preferences_android:mergeReleaseConsumerProguardFiles' because:
[        ]   Build cache is disabled
[        ] Skipping task ':shared_preferences_android:mergeReleaseConsumerProguardFiles' as it is up-to-date.
[        ] Resolve mutations for :shared_preferences_android:mergeReleaseShaders (Thread[Execution worker Thread 3,5,main]) started.
[        ] :shared_preferences_android:mergeReleaseShaders (Thread[Execution worker Thread 3,5,main]) started.
[        ] > Task :shared_preferences_android:mergeReleaseShaders UP-TO-DATE
[        ] Caching disabled for task ':shared_preferences_android:mergeReleaseShaders' because:
[        ]   Build cache is disabled
[        ] Skipping task ':shared_preferences_android:mergeReleaseShaders' as it is up-to-date.
[        ] Resolve mutations for :shared_preferences_android:compileReleaseShaders (Thread[Execution worker Thread 3,5,main]) started.
[        ] :shared_preferences_android:compileReleaseShaders (Thread[Execution worker Thread 3,5,main]) started.
[        ] > Task :shared_preferences_android:compileReleaseShaders NO-SOURCE
[        ] Skipping task ':shared_preferences_android:compileReleaseShaders' as it has no source files and no previous output files.
[        ] Resolve mutations for :shared_preferences_android:generateReleaseAssets (Thread[Execution worker Thread 3,5,main]) started.
[        ] :shared_preferences_android:generateReleaseAssets (Thread[Execution worker Thread 3,5,main]) started.
[        ] > Task :shared_preferences_android:generateReleaseAssets UP-TO-DATE
[        ] Skipping task ':shared_preferences_android:generateReleaseAssets' as it has no actions.
[        ] Resolve mutations for :shared_preferences_android:packageReleaseAssets (Thread[Execution worker Thread 7,5,main]) started.
[        ] :shared_preferences_android:packageReleaseAssets (Thread[Execution worker Thread 7,5,main]) started.
[        ] > Task :shared_preferences_android:packageReleaseAssets UP-TO-DATE
[        ] Caching disabled for task ':shared_preferences_android:packageReleaseAssets' because:
[        ]   Build cache is disabled
[        ] Skipping task ':shared_preferences_android:packageReleaseAssets' as it is up-to-date.
[        ] work action resolve out (project :shared_preferences_android) (Thread[Execution worker Thread 7,5,main]) started.
[        ] Resolve mutations for :shared_preferences_android:prepareLintJarForPublish (Thread[Execution worker Thread 7,5,main]) started.
[        ] :shared_preferences_android:prepareLintJarForPublish (Thread[Execution worker Thread 7,5,main]) started.
[        ] > Task :shared_preferences_android:prepareLintJarForPublish UP-TO-DATE
[        ] Caching disabled for task ':shared_preferences_android:prepareLintJarForPublish' because:
[        ]   Build cache is disabled
[        ] Skipping task ':shared_preferences_android:prepareLintJarForPublish' as it is up-to-date.
[        ] work action resolve lint.jar (project :shared_preferences_android) (Thread[Execution worker Thread 7,5,main]) started.
[        ] work action resolve lint.jar (project :shared_preferences_android) (Thread[Execution worker Thread 7,5,main]) started.
[        ] Resolve mutations for :shared_preferences_android:prepareReleaseArtProfile (Thread[Execution worker Thread 7,5,main]) started.
[        ] :shared_preferences_android:prepareReleaseArtProfile (Thread[Execution worker Thread 7,5,main]) started.
[        ] > Task :shared_preferences_android:prepareReleaseArtProfile UP-TO-DATE
[        ] Caching disabled for task ':shared_preferences_android:prepareReleaseArtProfile' because:
[        ]   Build cache is disabled
[        ] Skipping task ':shared_preferences_android:prepareReleaseArtProfile' as it is up-to-date.
[        ] work action resolve baseline-prof.txt (project :shared_preferences_android) (Thread[Execution worker Thread 7,5,main]) started.
[        ] Resolve mutations for :shared_preferences_android:processReleaseJavaRes (Thread[Execution worker Thread 7,5,main]) started.
[        ] :shared_preferences_android:processReleaseJavaRes (Thread[Execution worker Thread 7,5,main]) started.
[        ] > Task :shared_preferences_android:processReleaseJavaRes UP-TO-DATE
[        ] file or directory 'C:\Users\hotel\AppData\Local\Pub\Cache\hosted\pub.dev\shared_preferences_android-2.3.2\android\src\main\resources', not found
[        ] file or directory 'C:\Users\hotel\AppData\Local\Pub\Cache\hosted\pub.dev\shared_preferences_android-2.3.2\android\src\release\resources', not found
[        ] file or directory 'C:\Users\hotel\AppData\Local\Pub\Cache\hosted\pub.dev\shared_preferences_android-2.3.2\android\src\main\resources', not found
[        ] file or directory 'C:\Users\hotel\AppData\Local\Pub\Cache\hosted\pub.dev\shared_preferences_android-2.3.2\android\src\release\resources', not found
[        ] Caching disabled for task ':shared_preferences_android:processReleaseJavaRes' because:
[        ]   Build cache is disabled
[        ] Skipping task ':shared_preferences_android:processReleaseJavaRes' as it is up-to-date.
[        ] work action resolve out (project :shared_preferences_android) (Thread[Execution worker Thread 7,5,main]) started.
[        ] Resolve mutations for :shared_preferences_android:mergeReleaseJavaResource (Thread[Execution worker Thread 7,5,main]) started.
[        ] :shared_preferences_android:mergeReleaseJavaResource (Thread[Execution worker Thread 7,5,main]) started.
[  +85 ms] > Task :shared_preferences_android:mergeReleaseJavaResource UP-TO-DATE
[        ] Caching disabled for task ':shared_preferences_android:mergeReleaseJavaResource' because:
[        ]   Build cache is disabled
[        ] Skipping task ':shared_preferences_android:mergeReleaseJavaResource' as it is up-to-date.
[        ] Resolve mutations for :shared_preferences_android:syncReleaseLibJars (Thread[Execution worker Thread 7,5,main]) started.
[        ] :shared_preferences_android:syncReleaseLibJars (Thread[Execution worker Thread 7,5,main]) started.
[        ] > Task :shared_preferences_android:syncReleaseLibJars UP-TO-DATE
[        ] Caching disabled for task ':shared_preferences_android:syncReleaseLibJars' because:
[        ]   Build cache is disabled
[        ] Skipping task ':shared_preferences_android:syncReleaseLibJars' as it is up-to-date.
[        ] Resolve mutations for :shared_preferences_android:writeReleaseAarMetadata (Thread[Execution worker Thread 7,5,main]) started.
[        ] :shared_preferences_android:writeReleaseAarMetadata (Thread[Execution worker Thread 7,5,main]) started.
[        ] > Task :shared_preferences_android:writeReleaseAarMetadata UP-TO-DATE
[        ] Caching disabled for task ':shared_preferences_android:writeReleaseAarMetadata' because:
[        ]   Build cache is disabled
[        ] Skipping task ':shared_preferences_android:writeReleaseAarMetadata' as it is up-to-date.
[        ] work action resolve aar-metadata.properties (project :shared_preferences_android) (Thread[Execution worker Thread 7,5,main]) started.
[        ] Resolve mutations for :shared_preferences_android:bundleReleaseLocalLintAar (Thread[Execution worker Thread 7,5,main]) started.
[        ] :shared_preferences_android:bundleReleaseLocalLintAar (Thread[Execution worker Thread 7,5,main]) started.
[        ] > Task :shared_preferences_android:bundleReleaseLocalLintAar UP-TO-DATE
[        ] Caching disabled for task ':shared_preferences_android:bundleReleaseLocalLintAar' because:
[        ]   Build cache is disabled
[        ] Skipping task ':shared_preferences_android:bundleReleaseLocalLintAar' as it is up-to-date.
[        ] work action resolve out.aar (project :shared_preferences_android) (Thread[Execution worker Thread 7,5,main]) started.
[        ] work action resolve out.aar (project :shared_preferences_android) (Thread[Execution worker,5,main]) started.
[        ] ExtractAarTransform (Thread[Execution worker,5,main]) started.
[        ] ExtractAarTransform (Thread[Execution worker Thread 2,5,main]) started.
[        ] Resolve mutations for :app:buildKotlinToolingMetadata (Thread[Execution worker Thread 6,5,main]) started.
[        ] :app:buildKotlinToolingMetadata (Thread[Execution worker Thread 6,5,main]) started.
[        ] > Task :app:buildKotlinToolingMetadata UP-TO-DATE
[        ] Caching disabled for task ':app:buildKotlinToolingMetadata' because:
[        ]   Build cache is disabled
[        ] Skipping task ':app:buildKotlinToolingMetadata' as it is up-to-date.
[        ] Resolve mutations for :app:checkKotlinGradlePluginConfigurationErrors (Thread[Execution worker Thread 6,5,main]) started.
[        ] :app:checkKotlinGradlePluginConfigurationErrors (Thread[Execution worker Thread 6,5,main]) started.
[        ] > Task :app:checkKotlinGradlePluginConfigurationErrors
[        ] Caching disabled for task ':app:checkKotlinGradlePluginConfigurationErrors' because:
[        ]   Build cache is disabled
[        ] Task ':app:checkKotlinGradlePluginConfigurationErrors' is not up-to-date because:
[        ]   Task has not declared any outputs despite executing actions.
[        ] Resolve mutations for :app:compileFlutterBuildRelease (Thread[Execution worker Thread 6,5,main]) started.
[        ] :app:compileFlutterBuildRelease (Thread[Execution worker Thread 6,5,main]) started.
[        ] > Transform out.aar (project :shared_preferences_android) with ExtractAarTransform
[        ] Transforming out.aar (project :shared_preferences_android) with ExtractAarTransform
[        ] Caching disabled for ExtractAarTransform: C:\Utilisateurs\hotel\Documents\hotel_app\build\shared_preferences_android\intermediates\local_aar_for_lint\release\out.aar because:
[        ]   Build cache is disabled
[        ] Skipping ExtractAarTransform: C:\Utilisateurs\hotel\Documents\hotel_app\build\shared_preferences_android\intermediates\local_aar_for_lint\release\out.aar as it is up-to-date.
[        ] > Transform out.aar (project :shared_preferences_android) with ExtractAarTransform
[        ] Transforming out.aar (project :shared_preferences_android) with ExtractAarTransform
[+1990 ms] > Task :app:compileFlutterBuildRelease
[        ] Caching disabled for task ':app:compileFlutterBuildRelease' because:
[        ]   Build cache is disabled
[        ] Task ':app:compileFlutterBuildRelease' is not up-to-date because:
[        ]   Task has failed previously.
[        ] Starting process 'command 'C:\flutter\bin\flutter.bat''. Working directory: C:\Utilisateurs\hotel\Documents\hotel_app Command: C:\flutter\bin\flutter.bat --verbose assemble --no-version-check --depfile C:\Utilisateurs\hotel\Documents\hotel_app\build\app\intermediates\flutter\release/flutter_build.d --output C:\Utilisateurs\hotel\Documents\hotel_app\build\app\intermediates\flutter\release -dTargetFile=lib\main.dart -dTargetPlatform=android -dBuildMode=release -dTrackWidgetCreation=true -dTreeShakeIcons=true -dFlavor= -dAndroidArchs=android-arm android-arm64 android-x64 -dMinSdkVersion=21 android_aot_bundle_release_android-arm android_aot_bundle_release_android-arm64 android_aot_bundle_release_android-x64
[        ] Successfully started process 'command 'C:\flutter\bin\flutter.bat''
[        ] [ +139 ms] Artifact Instance of 'AndroidGenSnapshotArtifacts' is not required, skipping update.
[        ] [   +5 ms] Artifact Instance of 'AndroidInternalBuildArtifacts' is not required, skipping update.
[        ] [        ] Artifact Instance of 'IOSEngineArtifacts' is not required, skipping update.
[        ] [        ] Artifact Instance of 'FlutterWebSdk' is not required, skipping update.
[        ] [        ] Artifact Instance of 'LegacyCanvasKitRemover' is not required, skipping update.
[        ] [   +4 ms] Artifact Instance of 'WindowsEngineArtifacts' is not required, skipping update.
[        ] [        ] Artifact Instance of 'MacOSEngineArtifacts' is not required, skipping update.
[        ] [        ] Artifact Instance of 'LinuxEngineArtifacts' is not required, skipping update.
[        ] [        ] Artifact Instance of 'LinuxFuchsiaSDKArtifacts' is not required, skipping update.
[        ] [        ] Artifact Instance of 'MacOSFuchsiaSDKArtifacts' is not required, skipping update.
[        ] [        ] Artifact Instance of 'FlutterRunnerSDKArtifacts' is not required, skipping update.
[        ] [        ] Artifact Instance of 'FlutterRunnerDebugSymbols' is not required, skipping update.
[        ] [ +165 ms] Artifact Instance of 'MaterialFonts' is not required, skipping update.
[        ] [        ] Artifact Instance of 'GradleWrapper' is not required, skipping update.
[        ] [   +4 ms] Artifact Instance of 'AndroidInternalBuildArtifacts' is not required, skipping update.
[        ] [        ] Artifact Instance of 'IOSEngineArtifacts' is not required, skipping update.
[        ] [        ] Artifact Instance of 'FlutterWebSdk' is not required, skipping update.
[        ] [        ] Artifact Instance of 'LegacyCanvasKitRemover' is not required, skipping update.
[        ] [        ] Artifact Instance of 'FlutterSdk' is not required, skipping update.
[        ] [        ] Artifact Instance of 'WindowsEngineArtifacts' is not required, skipping update.
[        ] [        ] Artifact Instance of 'MacOSEngineArtifacts' is not required, skipping update.
[        ] [        ] Artifact Instance of 'LinuxEngineArtifacts' is not required, skipping update.
[        ] [        ] Artifact Instance of 'LinuxFuchsiaSDKArtifacts' is not required, skipping update.
[        ] [        ] Artifact Instance of 'MacOSFuchsiaSDKArtifacts' is not required, skipping update.
[        ] [        ] Artifact Instance of 'FlutterRunnerSDKArtifacts' is not required, skipping update.
[        ] [        ] Artifact Instance of 'FlutterRunnerDebugSymbols' is not required, skipping update.
[        ] [        ] Artifact Instance of 'IosUsbArtifacts' is not required, skipping update.
[        ] [        ] Artifact Instance of 'IosUsbArtifacts' is not required, skipping update.
[        ] [        ] Artifact Instance of 'IosUsbArtifacts' is not required, skipping update.
[        ] [        ] Artifact Instance of 'IosUsbArtifacts' is not required, skipping update.
[        ] [        ] Artifact Instance of 'IosUsbArtifacts' is not required, skipping update.
[        ] [        ] Artifact Instance of 'FontSubsetArtifacts' is not required, skipping update.
[        ] [        ] Artifact Instance of 'PubDependencies' is not required, skipping update.
[        ] [  +66 ms] Initializing file store
[        ] [  +28 ms] Done initializing file store
[        ] [ +187 ms] Skipping target: native_assets
[        ] [   +2 ms] Skipping target: gen_localizations
[        ] [   +3 ms] Skipping target: gen_dart_plugin_registrant
[  +95 ms] [+1227 ms] kernel_snapshot: Starting due to {}
[        ] [  +10 ms] Embedding native assets mapping C:\Utilisateurs\hotel\Documents\hotel_app\.dart_tool\flutter_build\8990185b3ba51192f35fb45b0ff4e685\native_assets.yaml in kernel.
[        ] [  +11 ms] C:\flutter\bin\cache\dart-sdk\bin\dartaotruntime.exe --disable-dart-dev C:\flutter\bin\cache\dart-sdk\bin\snapshots\frontend_server_aot.dart.snapshot --sdk-root C:\flutter\bin\cache\artifacts\engine\common\flutter_patched_sdk_product/ --target=flutter --no-print-incremental-dependencies -Ddart.vm.profile=false -Ddart.vm.product=true --delete-tostring-package-uri=dart:ui --delete-tostring-package-uri=package:flutter --aot --tfa --target-os android --packages C:\Utilisateurs\hotel\Documents\hotel_app\.dart_tool\package_config.json --output-dill C:\Utilisateurs\hotel\Documents\hotel_app\.dart_tool\flutter_build\8990185b3ba51192f35fb45b0ff4e685\app.dill --depfile C:\Utilisateurs\hotel\Documents\hotel_app\.dart_tool\flutter_build\8990185b3ba51192f35fb45b0ff4e685\kernel_snapshot.d --source file:///C:/Utilisateurs/hotel/Documents/hotel_app/.dart_tool/flutter_build/dart_plugin_registrant.dart --source package:flutter/src/dart_plugin_registrant.dart -Dflutter.dart_plugin_registrant=file:///C:/Utilisateurs/hotel/Documents/hotel_app/.dart_tool/flutter_build/dart_plugin_registrant.dart --native-assets C:\Utilisateurs\hotel\Documents\hotel_app\.dart_tool\flutter_build\8990185b3ba51192f35fb45b0ff4e685\native_assets.yaml --verbosity=error package:hotel_app/main.dart
flutter : [+10099 ms] [+10089 ms] 
lib/features/admin/minibar/minibar
_screen.dart:281:53: Error: Too 
many positional arguments: 0 
allowed, but 2 found.
Au caractère Ligne:1 : 1
+ flutter build apk --release -v 
> build_output.txt 2>&1
+ ~~~~~~~~~~~~~~~~~~~~~~~~~~~~~~~~
~~~~~~~~~~~~~~~~~~~~~~
    + CategoryInfo          : Not 
   Specified: ([+10099 ms] [+1..  
  .d, but 2 found.:String) [],    
 RemoteException
    + FullyQualifiedErrorId : Nat 
   iveCommandError
 
[   +2 ms] [   +2 ms] Try 
removing the extra positional 
arguments.
[        ] [        ]             
        await service.updateProduc
tPrice(product.id, newPrice);
[        ] [        ]             
                                  
      ^
[+7393 ms] [+7366 ms] Persisting file store
[        ] [  +27 ms] Done persisting file store
[        ] [   +6 ms] Target 
kernel_snapshot failed: Exception
[        ]            #0      
KernelSnapshot.build (package:flut
ter_tools/src/build_system/targets
/common.dart:274:7)
[        ]            
<asynchronous suspension>
[        ]            #1      
_BuildInstance._invokeInternal (pa
ckage:flutter_tools/src/build_syst
em/build_system.dart:875:9)
[        ]            
<asynchronous suspension>
[        ]            #2      
Future.wait.<anonymous closure> 
(dart:async/future.dart:524:21)
[        ]            
<asynchronous suspension>
[        ]            #3      
_BuildInstance.invokeTarget (packa
ge:flutter_tools/src/build_system/
build_system.dart:813:32)
[        ]            
<asynchronous suspension>
[        ]            #4      
Future.wait.<anonymous closure> 
(dart:async/future.dart:524:21)
[        ]            
<asynchronous suspension>
[        ]            #5      
_BuildInstance.invokeTarget (packa
ge:flutter_tools/src/build_system/
build_system.dart:813:32)
[        ]            
<asynchronous suspension>
[        ]            #6      
Future.wait.<anonymous closure> 
(dart:async/future.dart:524:21)
[        ]            
<asynchronous suspension>
[        ]            #7      
_BuildInstance.invokeTarget (packa
ge:flutter_tools/src/build_system/
build_system.dart:813:32)
[        ]            
<asynchronous suspension>
[        ]            #8      
FlutterBuildSystem.build (package:
flutter_tools/src/build_system/bui
ld_system.dart:642:16)
[        ]            
<asynchronous suspension>
[        ]            #9      
AssembleCommand.runCommand (packag
e:flutter_tools/src/commands/assem
ble.dart:322:32)
[        ]            
<asynchronous suspension>
[        ]            #10     
FlutterCommand.run.<anonymous 
closure> (package:flutter_tools/sr
c/runner/flutter_command.dart:1394
:27)
[        ]            
<asynchronous suspension>
[        ]            #11     
AppContext.run.<anonymous 
closure> (package:flutter_tools/sr
c/base/context.dart:153:19)
[        ]            
<asynchronous suspension>
[        ]            #12     
CommandRunner.runCommand (package:
args/command_runner.dart:212:13)
[        ]            
<asynchronous suspension>
[        ]            #13     Flut
terCommandRunner.runCommand.<anony
mous closure> (package:flutter_too
ls/src/runner/flutter_command_runn
er.dart:372:9)
[        ]            
<asynchronous suspension>
[        ]            #14     
AppContext.run.<anonymous 
closure> (package:flutter_tools/sr
c/base/context.dart:153:19)
[        ]            
<asynchronous suspension>
[        ]            #15     
FlutterCommandRunner.runCommand (p
ackage:flutter_tools/src/runner/fl
utter_command_runner.dart:308:5)
[        ]            
<asynchronous suspension>
[        ]            #16     
run.<anonymous 
closure>.<anonymous closure> (pack
age:flutter_tools/runner.dart:130:
9)
[        ]            
<asynchronous suspension>
[        ]            #17     
AppContext.run.<anonymous 
closure> (package:flutter_tools/sr
c/base/context.dart:153:19)
[        ]            
<asynchronous suspension>
[        ]            #18     
main (package:flutter_tools/execut
able.dart:93:3)
[        ]            
<asynchronous suspension>
[   +8 ms] [  +12 ms] "flutter assemble" took 19ÔÇ»243ms.
[  +84 ms] [  +42 ms] 
[        ]            #0      
throwToolExit (package:flutter_too
ls/src/base/common.dart:10:3)
[        ]            #1      
AssembleCommand.runCommand (packag
e:flutter_tools/src/commands/assem
ble.dart:339:7)
[        ]            
<asynchronous suspension>
[        ]            #2      
FlutterCommand.run.<anonymous 
closure> (package:flutter_tools/sr
c/runner/flutter_command.dart:1394
:27)
[        ]            
<asynchronous suspension>
[        ]            #3      
AppContext.run.<anonymous 
closure> (package:flutter_tools/sr
c/base/context.dart:153:19)
[        ]            
<asynchronous suspension>
[        ]            #4      
CommandRunner.runCommand (package:
args/command_runner.dart:212:13)
[        ]            
<asynchronous suspension>
[        ]            #5      Flut
terCommandRunner.runCommand.<anony
mous closure> (package:flutter_too
ls/src/runner/flutter_command_runn
er.dart:372:9)
[        ]            
<asynchronous suspension>
[        ]            #6      
AppContext.run.<anonymous 
closure> (package:flutter_tools/sr
c/base/context.dart:153:19)
[        ]            
<asynchronous suspension>
[        ]            #7      
FlutterCommandRunner.runCommand (p
ackage:flutter_tools/src/runner/fl
utter_command_runner.dart:308:5)
[        ]            
<asynchronous suspension>
[        ]            #8      
run.<anonymous 
closure>.<anonymous closure> (pack
age:flutter_tools/runner.dart:130:
9)
[        ]            
<asynchronous suspension>
[        ]            #9      
AppContext.run.<anonymous 
closure> (package:flutter_tools/sr
c/base/context.dart:153:19)
[        ]            
<asynchronous suspension>
[        ]            #10     
main (package:flutter_tools/execut
able.dart:93:3)
[        ]            
<asynchronous suspension>
[ +194 ms] [ +258 ms] ensureAnalyticsSent: 253ms
[        ] [        ] Running 0 shutdown hooks
[        ] [        ] Shutdown hooks complete
[ +303 ms] [ +257 ms] exiting with code 1
[        ] > Task :app:compileFlutterBuildRelease FAILED
[  +95 ms] FAILURE: Build failed 
with an exception.
[        ] * What went wrong:
[        ] Execution failed for 
task 
':app:compileFlutterBuildRelease'.
[        ] > Process 'command 
'C:\flutter\bin\flutter.bat'' 
finished with non-zero exit value 
1
[        ] * Try:
[        ] > Run with --debug 
option to get more log output.
[        ] > Run with --scan to 
get full insights.
[        ] > Get more help at 
https://help.gradle.org.
[        ] * Exception is:
[        ] org.gradle.api.tasks.Ta
skExecutionException: Execution 
failed for task 
':app:compileFlutterBuildRelease'.
[        ] 	at org.gradle.api.inte
rnal.tasks.execution.ExecuteAction
sTaskExecuter.lambda$executeIfVali
d$1(ExecuteActionsTaskExecuter.jav
a:148)
[        ] 	at org.gradle.internal
.Try$Failure.ifSuccessfulOrElse(Tr
y.java:282)
[        ] 	at org.gradle.api.inte
rnal.tasks.execution.ExecuteAction
sTaskExecuter.executeIfValid(Execu
teActionsTaskExecuter.java:146)
[        ] 	at org.gradle.api.inte
rnal.tasks.execution.ExecuteAction
sTaskExecuter.execute(ExecuteActio
nsTaskExecuter.java:134)
[        ] 	at org.gradle.api.inte
rnal.tasks.execution.FinalizePrope
rtiesTaskExecuter.execute(Finalize
PropertiesTaskExecuter.java:46)
[        ] 	at org.gradle.api.inte
rnal.tasks.execution.ResolveTaskEx
ecutionModeExecuter.execute(Resolv
eTaskExecutionModeExecuter.java:51
)
[        ] 	at org.gradle.api.inte
rnal.tasks.execution.SkipTaskWithN
oActionsExecuter.execute(SkipTaskW
ithNoActionsExecuter.java:57)
[        ] 	at org.gradle.api.inte
rnal.tasks.execution.SkipOnlyIfTas
kExecuter.execute(SkipOnlyIfTaskEx
ecuter.java:74)
[        ] 	at org.gradle.api.inte
rnal.tasks.execution.CatchExceptio
nTaskExecuter.execute(CatchExcepti
onTaskExecuter.java:36)
[        ] 	at org.gradle.api.inte
rnal.tasks.execution.EventFiringTa
skExecuter$1.executeTask(EventFiri
ngTaskExecuter.java:77)
[        ] 	at org.gradle.api.inte
rnal.tasks.execution.EventFiringTa
skExecuter$1.call(EventFiringTaskE
xecuter.java:55)
[        ] 	at org.gradle.api.inte
rnal.tasks.execution.EventFiringTa
skExecuter$1.call(EventFiringTaskE
xecuter.java:52)
[        ] 	at org.gradle.internal
.operations.DefaultBuildOperationR
unner$CallableBuildOperationWorker
.execute(DefaultBuildOperationRunn
er.java:204)
[        ] 	at org.gradle.internal
.operations.DefaultBuildOperationR
unner$CallableBuildOperationWorker
.execute(DefaultBuildOperationRunn
er.java:199)
[        ] 	at org.gradle.internal
.operations.DefaultBuildOperationR
unner$2.execute(DefaultBuildOperat
ionRunner.java:66)
[        ] 	at org.gradle.internal
.operations.DefaultBuildOperationR
unner$2.execute(DefaultBuildOperat
ionRunner.java:59)
[   +1 ms] 	at org.gradle.internal
.operations.DefaultBuildOperationR
unner.execute(DefaultBuildOperatio
nRunner.java:157)
[        ] 	at org.gradle.internal
.operations.DefaultBuildOperationR
unner.execute(DefaultBuildOperatio
nRunner.java:59)
[        ] 	at org.gradle.internal
.operations.DefaultBuildOperationR
unner.call(DefaultBuildOperationRu
nner.java:53)
[        ] 	at org.gradle.internal
.operations.DefaultBuildOperationE
xecutor.call(DefaultBuildOperation
Executor.java:78)
[        ] 	at org.gradle.api.inte
rnal.tasks.execution.EventFiringTa
skExecuter.execute(EventFiringTask
Executer.java:52)
[        ] 	at org.gradle.executio
n.plan.LocalTaskNodeExecutor.execu
te(LocalTaskNodeExecutor.java:42)
[   +1 ms] 	at org.gradle.executio
n.taskgraph.DefaultTaskExecutionGr
aph$InvokeNodeExecutorsAction.exec
ute(DefaultTaskExecutionGraph.java
:331)
[        ] 	at org.gradle.executio
n.taskgraph.DefaultTaskExecutionGr
aph$InvokeNodeExecutorsAction.exec
ute(DefaultTaskExecutionGraph.java
:318)
[        ] 	at org.gradle.executio
n.taskgraph.DefaultTaskExecutionGr
aph$BuildOperationAwareExecutionAc
tion.lambda$execute$0(DefaultTaskE
xecutionGraph.java:314)
[        ] 	at org.gradle.internal
.operations.CurrentBuildOperationR
ef.with(CurrentBuildOperationRef.j
ava:80)
[        ] 	at org.gradle.executio
n.taskgraph.DefaultTaskExecutionGr
aph$BuildOperationAwareExecutionAc
tion.execute(DefaultTaskExecutionG
raph.java:314)
[        ] 	at org.gradle.executio
n.taskgraph.DefaultTaskExecutionGr
aph$BuildOperationAwareExecutionAc
tion.execute(DefaultTaskExecutionG
raph.java:303)
[        ] 	at org.gradle.executio
n.plan.DefaultPlanExecutor$Executo
rWorker.execute(DefaultPlanExecuto
r.java:463)
[        ] 	at org.gradle.executio
n.plan.DefaultPlanExecutor$Executo
rWorker.run(DefaultPlanExecutor.ja
va:380)
[        ] 	at org.gradle.internal
.concurrent.ExecutorPolicy$CatchAn
dRecordFailures.onExecute(Executor
Policy.java:64)
[        ] 	at org.gradle.internal
.concurrent.AbstractManagedExecuto
r$1.run(AbstractManagedExecutor.ja
va:47)
[        ] 	at java.base/java.util
.concurrent.ThreadPoolExecutor.run
Worker(ThreadPoolExecutor.java:113
6)
[        ] 	at java.base/java.util
.concurrent.ThreadPoolExecutor$Wor
ker.run(ThreadPoolExecutor.java:63
5)
[        ] 	at java.base/java.lang
.Thread.run(Thread.java:842)
[        ] Caused by: org.gradle.p
rocess.internal.ExecException: 
Process 'command 
'C:\flutter\bin\flutter.bat'' 
finished with non-zero exit value 
1
[        ] 	at org.gradle.process.
internal.DefaultExecHandle$ExecRes
ultImpl.assertNormalExitValue(Defa
ultExecHandle.java:431)
[        ] 	at org.gradle.process.
internal.DefaultExecAction.execute
(DefaultExecAction.java:38)
[        ] 	at org.gradle.process.
internal.DefaultExecActionFactory.
exec(DefaultExecActionFactory.java
:202)
[        ] 	at org.gradle.api.inte
rnal.project.DefaultProject.exec(D
efaultProject.java:1232)
[        ] 	at org.gradle.api.inte
rnal.project.DefaultProject.exec(D
efaultProject.java:1227)
[        ] 	at org.gradle.api.Proj
ect$exec$7.call(Unknown Source)
[        ] 	at BaseFlutterTask.bui
ldBundle(flutter.groovy:1629)
[        ] 	at BaseFlutterTask$bui
ldBundle.callCurrent(Unknown 
Source)
[        ] 	at FlutterTask.build(f
lutter.groovy:1767)
[        ] 	at java.base/jdk.inter
nal.reflect.NativeMethodAccessorIm
pl.invoke0(Native Method)
[        ] 	at java.base/jdk.inter
nal.reflect.NativeMethodAccessorIm
pl.invoke(NativeMethodAccessorImpl
.java:77)
[        ] 	at java.base/jdk.inter
nal.reflect.DelegatingMethodAccess
orImpl.invoke(DelegatingMethodAcce
ssorImpl.java:43)
[        ] 	at java.base/java.lang
.reflect.Method.invoke(Method.java
:568)
[        ] 	at org.gradle.internal
.reflect.JavaMethod.invoke(JavaMet
hod.java:125)
[        ] 	at org.gradle.api.inte
rnal.project.taskfactory.StandardT
askAction.doExecute(StandardTaskAc
tion.java:58)
[        ] 	at org.gradle.api.inte
rnal.project.taskfactory.StandardT
askAction.execute(StandardTaskActi
on.java:51)
[        ] 	at org.gradle.api.inte
rnal.project.taskfactory.StandardT
askAction.execute(StandardTaskActi
on.java:29)
[        ] 	at org.gradle.api.inte
rnal.tasks.execution.TaskExecution
$3.run(TaskExecution.java:248)
[        ] 	at org.gradle.internal
.operations.DefaultBuildOperationR
unner$1.execute(DefaultBuildOperat
ionRunner.java:29)
[        ] 	at org.gradle.internal
.operations.DefaultBuildOperationR
unner$1.execute(DefaultBuildOperat
ionRunner.java:26)
[        ] 	at org.gradle.internal
.operations.DefaultBuildOperationR
unner$2.execute(DefaultBuildOperat
ionRunner.java:66)
[        ] 	at org.gradle.internal
.operations.DefaultBuildOperationR
unner$2.execute(DefaultBuildOperat
ionRunner.java:59)
[        ] 	at org.gradle.internal
.operations.DefaultBuildOperationR
unner.execute(DefaultBuildOperatio
nRunner.java:157)
[        ] 	at org.gradle.internal
.operations.DefaultBuildOperationR
unner.execute(DefaultBuildOperatio
nRunner.java:59)
[        ] 	at org.gradle.internal
.operations.DefaultBuildOperationR
unner.run(DefaultBuildOperationRun
ner.java:47)
[        ] 	at org.gradle.internal
.operations.DefaultBuildOperationE
xecutor.run(DefaultBuildOperationE
xecutor.java:73)
[        ] 	at org.gradle.api.inte
rnal.tasks.execution.TaskExecution
.executeAction(TaskExecution.java:
233)
[        ] 	at org.gradle.api.inte
rnal.tasks.execution.TaskExecution
.executeActions(TaskExecution.java
:216)
[   +2 ms] 	at org.gradle.api.inte
rnal.tasks.execution.TaskExecution
.executeWithPreviousOutputFiles(Ta
skExecution.java:199)
[        ] 	at org.gradle.api.inte
rnal.tasks.execution.TaskExecution
.execute(TaskExecution.java:166)
[        ] 	at org.gradle.internal
.execution.steps.ExecuteStep.execu
teInternal(ExecuteStep.java:105)
[        ] 	at org.gradle.internal
.execution.steps.ExecuteStep.acces
s$000(ExecuteStep.java:44)
[        ] 	at org.gradle.internal
.execution.steps.ExecuteStep$1.cal
l(ExecuteStep.java:59)
[        ] 	at org.gradle.internal
.execution.steps.ExecuteStep$1.cal
l(ExecuteStep.java:56)
[        ] 	at org.gradle.internal
.operations.DefaultBuildOperationR
unner$CallableBuildOperationWorker
.execute(DefaultBuildOperationRunn
er.java:204)
[        ] 	at org.gradle.internal
.operations.DefaultBuildOperationR
unner$CallableBuildOperationWorker
.execute(DefaultBuildOperationRunn
er.java:199)
[        ] 	at org.gradle.internal
.operations.DefaultBuildOperationR
unner$2.execute(DefaultBuildOperat
ionRunner.java:66)
[        ] 	at org.gradle.internal
.operations.DefaultBuildOperationR
unner$2.execute(DefaultBuildOperat
ionRunner.java:59)
[        ] 	at org.gradle.internal
.operations.DefaultBuildOperationR
unner.execute(DefaultBuildOperatio
nRunner.java:157)
[        ] 	at org.gradle.internal
.operations.DefaultBuildOperationR
unner.execute(DefaultBuildOperatio
nRunner.java:59)
[        ] 	at org.gradle.internal
.operations.DefaultBuildOperationR
unner.call(DefaultBuildOperationRu
nner.java:53)
[        ] 	at org.gradle.internal
.operations.DefaultBuildOperationE
xecutor.call(DefaultBuildOperation
Executor.java:78)
[        ] 	at org.gradle.internal
.execution.steps.ExecuteStep.execu
te(ExecuteStep.java:56)
[        ] 	at org.gradle.internal
.execution.steps.ExecuteStep.execu
te(ExecuteStep.java:44)
[        ] 	at org.gradle.internal
.execution.steps.RemovePreviousOut
putsStep.execute(RemovePreviousOut
putsStep.java:67)
[        ] 	at org.gradle.internal
.execution.steps.RemovePreviousOut
putsStep.execute(RemovePreviousOut
putsStep.java:37)
[        ] 	at org.gradle.internal
.execution.steps.CancelExecutionSt
ep.execute(CancelExecutionStep.jav
a:41)
[        ] 	at org.gradle.internal
.execution.steps.TimeoutStep.execu
teWithoutTimeout(TimeoutStep.java:
74)
[        ] 	at org.gradle.internal
.execution.steps.TimeoutStep.execu
te(TimeoutStep.java:55)
[        ] 	at org.gradle.internal
.execution.steps.CreateOutputsStep
.execute(CreateOutputsStep.java:50
)
[        ] 	at org.gradle.internal
.execution.steps.CreateOutputsStep
.execute(CreateOutputsStep.java:28
)
[        ] 	at org.gradle.internal
.execution.steps.CaptureStateAfter
ExecutionStep.executeDelegateBroad
castingChanges(CaptureStateAfterEx
ecutionStep.java:100)
[        ] 	at org.gradle.internal
.execution.steps.CaptureStateAfter
ExecutionStep.execute(CaptureState
AfterExecutionStep.java:72)
[        ] 	at org.gradle.internal
.execution.steps.CaptureStateAfter
ExecutionStep.execute(CaptureState
AfterExecutionStep.java:50)
[        ] 	at org.gradle.internal
.execution.steps.ResolveInputChang
esStep.execute(ResolveInputChanges
Step.java:40)
[        ] 	at org.gradle.internal
.execution.steps.ResolveInputChang
esStep.execute(ResolveInputChanges
Step.java:29)
[        ] 	at org.gradle.internal
.execution.steps.BuildCacheStep.ex
ecuteWithoutCache(BuildCacheStep.j
ava:179)
[        ] 	at org.gradle.internal
.execution.steps.BuildCacheStep.la
mbda$execute$1(BuildCacheStep.java
:70)
[        ] 	at org.gradle.internal
.Either$Right.fold(Either.java:175
)
[        ] 	at org.gradle.internal
.execution.caching.CachingState.fo
ld(CachingState.java:59)
[        ] 	at org.gradle.internal
.execution.steps.BuildCacheStep.ex
ecute(BuildCacheStep.java:68)
[        ] 	at org.gradle.internal
.execution.steps.BuildCacheStep.ex
ecute(BuildCacheStep.java:46)
[        ] 	at org.gradle.internal
.execution.steps.StoreExecutionSta
teStep.execute(StoreExecutionState
Step.java:36)
[        ] 	at org.gradle.internal
.execution.steps.StoreExecutionSta
teStep.execute(StoreExecutionState
Step.java:25)
[        ] 	at org.gradle.internal
.execution.steps.RecordOutputsStep
.execute(RecordOutputsStep.java:36
)
[        ] 	at org.gradle.internal
.execution.steps.RecordOutputsStep
.execute(RecordOutputsStep.java:22
)
[        ] 	at org.gradle.internal
.execution.steps.SkipUpToDateStep.
executeBecause(SkipUpToDateStep.ja
va:91)
[        ] 	at org.gradle.internal
.execution.steps.SkipUpToDateStep.
lambda$execute$2(SkipUpToDateStep.
java:55)
[        ] 	at java.base/java.util
.Optional.orElseGet(Optional.java:
364)
[        ] 	at org.gradle.internal
.execution.steps.SkipUpToDateStep.
execute(SkipUpToDateStep.java:55)
[        ] 	at org.gradle.internal
.execution.steps.SkipUpToDateStep.
execute(SkipUpToDateStep.java:37)
[        ] 	at org.gradle.internal
.execution.steps.ResolveChangesSte
p.execute(ResolveChangesStep.java:
65)
[        ] 	at org.gradle.internal
.execution.steps.ResolveChangesSte
p.execute(ResolveChangesStep.java:
36)
[        ] 	at org.gradle.internal
.execution.steps.legacy.MarkSnapsh
ottingInputsFinishedStep.execute(M
arkSnapshottingInputsFinishedStep.
java:37)
[        ] 	at org.gradle.internal
.execution.steps.legacy.MarkSnapsh
ottingInputsFinishedStep.execute(M
arkSnapshottingInputsFinishedStep.
java:27)
[        ] 	at org.gradle.internal
.execution.steps.ResolveCachingSta
teStep.execute(ResolveCachingState
Step.java:77)
[        ] 	at org.gradle.internal
.execution.steps.ResolveCachingSta
teStep.execute(ResolveCachingState
Step.java:38)
[        ] 	at org.gradle.internal
.execution.steps.ValidateStep.exec
ute(ValidateStep.java:108)
[        ] 	at org.gradle.internal
.execution.steps.ValidateStep.exec
ute(ValidateStep.java:55)
[        ] 	at org.gradle.internal
.execution.steps.CaptureStateBefor
eExecutionStep.execute(CaptureStat
eBeforeExecutionStep.java:71)
[        ] 	at org.gradle.internal
.execution.steps.CaptureStateBefor
eExecutionStep.execute(CaptureStat
eBeforeExecutionStep.java:45)
[        ] 	at org.gradle.internal
.execution.steps.SkipEmptyWorkStep
.executeWithNonEmptySources(SkipEm
ptyWorkStep.java:177)
[        ] 	at org.gradle.internal
.execution.steps.SkipEmptyWorkStep
.execute(SkipEmptyWorkStep.java:81
)
[        ] 	at org.gradle.internal
.execution.steps.SkipEmptyWorkStep
.execute(SkipEmptyWorkStep.java:53
)
[        ] 	at org.gradle.internal
.execution.steps.RemoveUntrackedEx
ecutionStateStep.execute(RemoveUnt
rackedExecutionStateStep.java:32)
[        ] 	at org.gradle.internal
.execution.steps.RemoveUntrackedEx
ecutionStateStep.execute(RemoveUnt
rackedExecutionStateStep.java:21)
[        ] 	at org.gradle.internal
.execution.steps.legacy.MarkSnapsh
ottingInputsStartedStep.execute(Ma
rkSnapshottingInputsStartedStep.ja
va:38)
[        ] 	at org.gradle.internal
.execution.steps.LoadPreviousExecu
tionStateStep.execute(LoadPrevious
ExecutionStateStep.java:36)
[        ] 	at org.gradle.internal
.execution.steps.LoadPreviousExecu
tionStateStep.execute(LoadPrevious
ExecutionStateStep.java:23)
[        ] 	at org.gradle.internal
.execution.steps.CleanupStaleOutpu
tsStep.execute(CleanupStaleOutputs
Step.java:75)
[        ] 	at org.gradle.internal
.execution.steps.CleanupStaleOutpu
tsStep.execute(CleanupStaleOutputs
Step.java:41)
[        ] 	at org.gradle.internal
.execution.steps.ExecuteWorkBuildO
perationFiringStep.lambda$execute$
2(ExecuteWorkBuildOperationFiringS
tep.java:66)
[        ] 	at java.base/java.util
.Optional.orElseGet(Optional.java:
364)
[        ] 	at org.gradle.internal
.execution.steps.ExecuteWorkBuildO
perationFiringStep.execute(Execute
WorkBuildOperationFiringStep.java:
66)
[        ] 	at org.gradle.internal
.execution.steps.ExecuteWorkBuildO
perationFiringStep.execute(Execute
WorkBuildOperationFiringStep.java:
38)
[        ] 	at org.gradle.internal
.execution.steps.AssignWorkspaceSt
ep.lambda$execute$0(AssignWorkspac
eStep.java:32)
[        ] 	at org.gradle.api.inte
rnal.tasks.execution.TaskExecution
$4.withWorkspace(TaskExecution.jav
a:293)
[        ] 	at org.gradle.internal
.execution.steps.AssignWorkspaceSt
ep.execute(AssignWorkspaceStep.jav
a:30)
[        ] 	at org.gradle.internal
.execution.steps.AssignWorkspaceSt
ep.execute(AssignWorkspaceStep.jav
a:21)
[        ] 	at org.gradle.internal
.execution.steps.IdentityCacheStep
.execute(IdentityCacheStep.java:37
)
[        ] 	at org.gradle.internal
.execution.steps.IdentityCacheStep
.execute(IdentityCacheStep.java:27
)
[        ] 	at org.gradle.internal
.execution.steps.IdentifyStep.exec
ute(IdentifyStep.java:47)
[        ] 	at org.gradle.internal
.execution.steps.IdentifyStep.exec
ute(IdentifyStep.java:34)
[        ] 	at org.gradle.internal
.execution.impl.DefaultExecutionEn
gine$1.execute(DefaultExecutionEng
ine.java:64)
[        ] 	at org.gradle.api.inte
rnal.tasks.execution.ExecuteAction
sTaskExecuter.executeIfValid(Execu
teActionsTaskExecuter.java:145)
[        ] 	at org.gradle.api.inte
rnal.tasks.execution.ExecuteAction
sTaskExecuter.execute(ExecuteActio
nsTaskExecuter.java:134)
[        ] 	at org.gradle.api.inte
rnal.tasks.execution.FinalizePrope
rtiesTaskExecuter.execute(Finalize
PropertiesTaskExecuter.java:46)
[        ] 	at org.gradle.api.inte
rnal.tasks.execution.ResolveTaskEx
ecutionModeExecuter.execute(Resolv
eTaskExecutionModeExecuter.java:51
)
[        ] 	at org.gradle.api.inte
rnal.tasks.execution.SkipTaskWithN
oActionsExecuter.execute(SkipTaskW
ithNoActionsExecuter.java:57)
[        ] 	at org.gradle.api.inte
rnal.tasks.execution.SkipOnlyIfTas
kExecuter.execute(SkipOnlyIfTaskEx
ecuter.java:74)
[        ] 	at org.gradle.api.inte
rnal.tasks.execution.CatchExceptio
nTaskExecuter.execute(CatchExcepti
onTaskExecuter.java:36)
[        ] 	at org.gradle.api.inte
rnal.tasks.execution.EventFiringTa
skExecuter$1.executeTask(EventFiri
ngTaskExecuter.java:77)
[        ] 	at org.gradle.api.inte
rnal.tasks.execution.EventFiringTa
skExecuter$1.call(EventFiringTaskE
xecuter.java:55)
[        ] 	at org.gradle.api.inte
rnal.tasks.execution.EventFiringTa
skExecuter$1.call(EventFiringTaskE
xecuter.java:52)
[        ] 	at org.gradle.internal
.operations.DefaultBuildOperationR
unner$CallableBuildOperationWorker
.execute(DefaultBuildOperationRunn
er.java:204)
[        ] 	at org.gradle.internal
.operations.DefaultBuildOperationR
unner$CallableBuildOperationWorker
.execute(DefaultBuildOperationRunn
er.java:199)
[        ] 	at org.gradle.internal
.operations.DefaultBuildOperationR
unner$2.execute(DefaultBuildOperat
ionRunner.java:66)
[        ] 	at org.gradle.internal
.operations.DefaultBuildOperationR
unner$2.execute(DefaultBuildOperat
ionRunner.java:59)
[        ] 	at org.gradle.internal
.operations.DefaultBuildOperationR
unner.execute(DefaultBuildOperatio
nRunner.java:157)
[        ] 	at org.gradle.internal
.operations.DefaultBuildOperationR
unner.execute(DefaultBuildOperatio
nRunner.java:59)
[        ] 	at org.gradle.internal
.operations.DefaultBuildOperationR
unner.call(DefaultBuildOperationRu
nner.java:53)
[        ] 	at org.gradle.internal
.operations.DefaultBuildOperationE
xecutor.call(DefaultBuildOperation
Executor.java:78)
[        ] 	at org.gradle.api.inte
rnal.tasks.execution.EventFiringTa
skExecuter.execute(EventFiringTask
Executer.java:52)
[        ] 	at org.gradle.executio
n.plan.LocalTaskNodeExecutor.execu
te(LocalTaskNodeExecutor.java:42)
[        ] 	at org.gradle.executio
n.taskgraph.DefaultTaskExecutionGr
aph$InvokeNodeExecutorsAction.exec
ute(DefaultTaskExecutionGraph.java
:331)
[        ] 	at org.gradle.executio
n.taskgraph.DefaultTaskExecutionGr
aph$InvokeNodeExecutorsAction.exec
ute(DefaultTaskExecutionGraph.java
:318)
[        ] 	at org.gradle.executio
n.taskgraph.DefaultTaskExecutionGr
aph$BuildOperationAwareExecutionAc
tion.lambda$execute$0(DefaultTaskE
xecutionGraph.java:314)
[        ] 	at org.gradle.internal
.operations.CurrentBuildOperationR
ef.with(CurrentBuildOperationRef.j
ava:80)
[        ] 	at org.gradle.executio
n.taskgraph.DefaultTaskExecutionGr
aph$BuildOperationAwareExecutionAc
tion.execute(DefaultTaskExecutionG
raph.java:314)
[        ] 	at org.gradle.executio
n.taskgraph.DefaultTaskExecutionGr
aph$BuildOperationAwareExecutionAc
tion.execute(DefaultTaskExecutionG
raph.java:303)
[        ] 	at org.gradle.executio
n.plan.DefaultPlanExecutor$Executo
rWorker.execute(DefaultPlanExecuto
r.java:463)
[        ] 	at org.gradle.executio
n.plan.DefaultPlanExecutor$Executo
rWorker.run(DefaultPlanExecutor.ja
va:380)
[        ] 	at org.gradle.internal
.concurrent.ExecutorPolicy$CatchAn
dRecordFailures.onExecute(Executor
Policy.java:64)
[        ] 	at org.gradle.internal
.concurrent.AbstractManagedExecuto
r$1.run(AbstractManagedExecutor.ja
va:47)
[        ] 	at java.base/java.util
.concurrent.ThreadPoolExecutor.run
Worker(ThreadPoolExecutor.java:113
6)
[        ] 	at java.base/java.util
.concurrent.ThreadPoolExecutor$Wor
ker.run(ThreadPoolExecutor.java:63
5)
[        ] 	at java.base/java.lang
.Thread.run(Thread.java:842)
[        ] BUILD FAILED in 26s
[        ] 117 actionable tasks: 4 executed, 113 up-to-date
[        ] Watched directory hierarchies: [C:\flutter\packages\flutter_tools\gradle]
[ +580 ms] Running Gradle task 'assembleRelease'... (completed in 26,8s)
[  +44 ms] "flutter apk" took 28ÔÇ»577ms.
[  +61 ms] Gradle task 
assembleRelease failed with exit 
code 1
[        ] 
           #0      throwToolExit (
package:flutter_tools/src/base/com
mon.dart:10:3)
           #1      AndroidGradleBu
ilder.buildGradleApp (package:flut
ter_tools/src/android/gradle.dart:
498:9)
           <asynchronous 
suspension>
           #2      
AndroidGradleBuilder.buildApk (pac
kage:flutter_tools/src/android/gra
dle.dart:223:5)
           <asynchronous 
suspension>
           #3      
BuildApkCommand.runCommand (packag
e:flutter_tools/src/commands/build
_apk.dart:140:5)
           <asynchronous 
suspension>
           #4      
FlutterCommand.run.<anonymous 
closure> (package:flutter_tools/sr
c/runner/flutter_command.dart:1394
:27)
           <asynchronous 
suspension>
           #5      
AppContext.run.<anonymous 
closure> (package:flutter_tools/sr
c/base/context.dart:153:19)
           <asynchronous 
suspension>
           #6      
CommandRunner.runCommand (package:
args/command_runner.dart:212:13)
           <asynchronous 
suspension>
           #7      FlutterCommandR
unner.runCommand.<anonymous 
closure> (package:flutter_tools/sr
c/runner/flutter_command_runner.da
rt:372:9)
           <asynchronous 
suspension>
           #8      
AppContext.run.<anonymous 
closure> (package:flutter_tools/sr
c/base/context.dart:153:19)
           <asynchronous 
suspension>
           #9      
FlutterCommandRunner.runCommand (p
ackage:flutter_tools/src/runner/fl
utter_command_runner.dart:308:5)
           <asynchronous 
suspension>
           #10     run.<anonymous 
closure>.<anonymous closure> (pack
age:flutter_tools/runner.dart:130:
9)
           <asynchronous 
suspension>
           #11     
AppContext.run.<anonymous 
closure> (package:flutter_tools/sr
c/base/context.dart:153:19)
           <asynchronous 
suspension>
           #12     main (package:f
lutter_tools/executable.dart:93:3)
           <asynchronous 
suspension>


[ +260 ms] ensureAnalyticsSent: 256ms
[        ] Running 0 shutdown hooks
[        ] Shutdown hooks complete
[ +270 ms] exiting with code 1
